Component: ARM Compiler 5.06 update 1 (build 61) Tool: armlink [4d35a8]

==============================================================================

Section Cross References

    startup_stm32f10x_hd.o(STACK) refers (Special) to heapauxi.o(.text) for __use_two_region_memory
    startup_stm32f10x_hd.o(HEAP) refers (Special) to heapauxi.o(.text) for __use_two_region_memory
    startup_stm32f10x_hd.o(RESET) refers (Special) to heapauxi.o(.text) for __use_two_region_memory
    startup_stm32f10x_hd.o(RESET) refers to startup_stm32f10x_hd.o(STACK) for __initial_sp
    startup_stm32f10x_hd.o(RESET) refers to startup_stm32f10x_hd.o(.text) for Reset_Handler
    startup_stm32f10x_hd.o(RESET) refers to stm32f10x_it.o(.text) for NMI_Handler
    startup_stm32f10x_hd.o(RESET) refers to systimer.o(.text) for TIM2_IRQHandler
    startup_stm32f10x_hd.o(RESET) refers to usart.o(.text) for USART1_IRQHandler
    startup_stm32f10x_hd.o(.text) refers (Special) to heapauxi.o(.text) for __use_two_region_memory
    startup_stm32f10x_hd.o(.text) refers to system_stm32f10x.o(.text) for SystemInit
    startup_stm32f10x_hd.o(.text) refers to __main.o(!!!main) for __main
    startup_stm32f10x_hd.o(.text) refers to startup_stm32f10x_hd.o(HEAP) for Heap_Mem
    startup_stm32f10x_hd.o(.text) refers to startup_stm32f10x_hd.o(STACK) for Stack_Mem
    stm32f10x_gpio.o(.text) refers to stm32f10x_rcc.o(.text) for RCC_APB2PeriphResetCmd
    stm32f10x_rcc.o(.text) refers to stm32f10x_rcc.o(.data) for APBAHBPrescTable
    stm32f10x_usart.o(.text) refers to stm32f10x_rcc.o(.text) for RCC_APB2PeriphResetCmd
    system_stm32f10x.o(.text) refers to system_stm32f10x.o(.data) for SystemCoreClock
    stm32f10x_adc.o(.text) refers to stm32f10x_rcc.o(.text) for RCC_APB2PeriphResetCmd
    stm32f10x_tim.o(.text) refers to stm32f10x_rcc.o(.text) for RCC_APB2PeriphResetCmd
    main.o(.text) refers to system_stm32f10x.o(.text) for SystemInit
    main.o(.text) refers to usart.o(.text) for uart1_init
    main.o(.text) refers to systimer.o(.text) for RCC_cfg
    stm32f10x_it.o(.text) refers to user_systick.o(.text) for TimingDelay_Decrement
    usart.o(.text) refers (Special) to use_no_semi_2.o(.text) for __use_no_semihosting
    usart.o(.text) refers to misc.o(.text) for NVIC_PriorityGroupConfig
    usart.o(.text) refers to stm32f10x_rcc.o(.text) for RCC_APB2PeriphClockCmd
    usart.o(.text) refers to stm32f10x_gpio.o(.text) for GPIO_PinRemapConfig
    usart.o(.text) refers to stm32f10x_usart.o(.text) for USART_Init
    usart.o(.text) refers to protocol.o(.text) for GetMessage
    usart.o(.data) refers (Special) to use_no_semi_2.o(.text) for __use_no_semihosting
    user_systick.o(.text) refers to misc.o(.text) for SysTick_CLKSourceConfig
    user_systick.o(.text) refers to user_systick.o(.data) for TimingDelay
    protobuf-c.o(.text) refers to h1_alloc.o(.text) for malloc
    protobuf-c.o(.text) refers to h1_free.o(.text) for free
    protobuf-c.o(.text) refers to rt_memcpy_v6.o(.text) for __aeabi_memcpy
    protobuf-c.o(.text) refers to strlen.o(.text) for strlen
    protobuf-c.o(.text) refers to assert.o(.text) for __aeabi_assert
    protobuf-c.o(.text) refers to protobuf-c.o(.data) for protobuf_c__allocator
    protobuf-c.o(.text) refers to protobuf-c.o(.conststring) for .conststring
    protobuf-c.o(.text) refers to rt_memmove_v6.o(.text) for __aeabi_memmove
    protobuf-c.o(.text) refers to rt_memcpy_w.o(.text) for __aeabi_memcpy4
    protobuf-c.o(.text) refers to protobuf-c.o(.constdata) for .constdata
    protobuf-c.o(.text) refers to rt_memclr.o(.text) for __aeabi_memclr
    protobuf-c.o(.text) refers to llshl.o(.text) for __aeabi_llsl
    protobuf-c.o(.text) refers to rt_memclr_w.o(.text) for __aeabi_memclr4
    protobuf-c.o(.text) refers to strcmpv7m.o(.text) for strcmp
    protobuf-c.o(.constdata) refers to protobuf-c.o(.text) for protobuf_c_buffer_simple_append
    protobuf-c.o(.data) refers to protobuf-c.o(.text) for system_alloc
    protocol.pb-c.o(.text) refers to rt_memcpy_w.o(.text) for __aeabi_memcpy4
    protocol.pb-c.o(.text) refers to assert.o(.text) for __aeabi_assert
    protocol.pb-c.o(.text) refers to protobuf-c.o(.text) for protobuf_c_message_get_packed_size
    protocol.pb-c.o(.text) refers to protocol.pb-c.o(.data) for init_value
    protocol.pb-c.o(.text) refers to protocol.pb-c.o(.constdata) for pos_point__descriptor
    protocol.pb-c.o(.constdata) refers to protocol.pb-c.o(.conststring) for .conststring
    protocol.pb-c.o(.constdata) refers to protocol.pb-c.o(.text) for pos_point__init
    protocol.pb-c.o(.data) refers to protocol.pb-c.o(.constdata) for pos_point__descriptor
    protocol.o(.text) refers to _printf_pad.o(.text) for _printf_pre_padding
    protocol.o(.text) refers to _printf_percent.o(.ARM.Collect$$_printf_percent$$00000000) for _printf_percent
    protocol.o(.text) refers to _printf_x.o(.ARM.Collect$$_printf_percent$$0000000C) for _printf_x
[...]
    .ARM.Collect$$libinit$$0000001B          0x080001b8   Section        0  libinit2.o(.ARM.Collect$$libinit$$0000001B)
    .ARM.Collect$$libinit$$0000001D          0x080001b8   Section        0  libinit2.o(.ARM.Collect$$libinit$$0000001D)
    .ARM.Collect$$libinit$$0000001F          0x080001b8   Section        0  libinit2.o(.ARM.Collect$$libinit$$0000001F)
    .ARM.Collect$$libinit$$00000021          0x080001b8   Section        0  libinit2.o(.ARM.Collect$$libinit$$00000021)
    .ARM.Collect$$libinit$$00000023          0x080001b8   Section        0  libinit2.o(.ARM.Collect$$libinit$$00000023)
    .ARM.Collect$$libinit$$00000025          0x080001b8   Section        0  libinit2.o(.ARM.Collect$$libinit$$00000025)
    .ARM.Collect$$libinit$$0000002C          0x080001b8   Section        0  libinit2.o(.ARM.Collect$$libinit$$0000002C)
    .ARM.Collect$$libinit$$0000002E          0x080001b8   Section        0  libinit2.o(.ARM.Collect$$libinit$$0000002E)
    .ARM.Collect$$libinit$$00000030          0x080001b8   Section        0  libinit2.o(.ARM.Collect$$libinit$$00000030)
    .ARM.Collect$$libinit$$00000032          0x080001b8   Section        0  libinit2.o(.ARM.Collect$$libinit$$00000032)
    .ARM.Collect$$libinit$$00000033          0x080001b8   Section        2  libinit2.o(.ARM.Collect$$libinit$$00000033)
    .ARM.Collect$$libshutdown$$00000000      0x080001ba   Section        2  libshutdown.o(.ARM.Collect$$libshutdown$$00000000)
    .ARM.Collect$$libshutdown$$00000002      0x080001bc   Section        0  libshutdown2.o(.ARM.Collect$$libshutdown$$00000002)
    .ARM.Collect$$libshutdown$$00000004      0x080001bc   Section        0  libshutdown2.o(.ARM.Collect$$libshutdown$$00000004)
    .ARM.Collect$$libshutdown$$00000007      0x080001bc   Section        0  libshutdown2.o(.ARM.Collect$$libshutdown$$00000007)
    .ARM.Collect$$libshutdown$$0000000A      0x080001bc   Section        0  libshutdown2.o(.ARM.Collect$$libshutdown$$0000000A)
    .ARM.Collect$$libshutdown$$0000000C      0x080001bc   Section        0  libshutdown2.o(.ARM.Collect$$libshutdown$$0000000C)
    .ARM.Collect$$libshutdown$$0000000F      0x080001bc   Section        0  libshutdown2.o(.ARM.Collect$$libshutdown$$0000000F)
    .ARM.Collect$$libshutdown$$00000010      0x080001bc   Section        2  libshutdown2.o(.ARM.Collect$$libshutdown$$00000010)
    .ARM.Collect$$rtentry$$00000000          0x080001be   Section        0  __rtentry.o(.ARM.Collect$$rtentry$$00000000)
    .ARM.Collect$$rtentry$$00000002          0x080001be   Section        0  __rtentry2.o(.ARM.Collect$$rtentry$$00000002)
    .ARM.Collect$$rtentry$$00000004          0x080001be   Section        6  __rtentry4.o(.ARM.Collect$$rtentry$$00000004)
    .ARM.Collect$$rtentry$$00000009          0x080001c4   Section        0  __rtentry2.o(.ARM.Collect$$rtentry$$00000009)
    .ARM.Collect$$rtentry$$0000000A          0x080001c4   Section        4  __rtentry2.o(.ARM.Collect$$rtentry$$0000000A)
    .ARM.Collect$$rtentry$$0000000C          0x080001c8   Section        0  __rtentry2.o(.ARM.Collect$$rtentry$$0000000C)
    .ARM.Collect$$rtentry$$0000000D          0x080001c8   Section        8  __rtentry2.o(.ARM.Collect$$rtentry$$0000000D)
    .ARM.Collect$$rtexit$$00000000           0x080001d0   Section        2  rtexit.o(.ARM.Collect$$rtexit$$00000000)
    .ARM.Collect$$rtexit$$00000002           0x080001d2   Section        0  rtexit2.o(.ARM.Collect$$rtexit$$00000002)
    .ARM.Collect$$rtexit$$00000003           0x080001d2   Section        4  rtexit2.o(.ARM.Collect$$rtexit$$00000003)
    .ARM.Collect$$rtexit$$00000004           0x080001d6   Section        6  rtexit2.o(.ARM.Collect$$rtexit$$00000004)
    .emb_text                                0x080001dc   Section        0  maybetermalloc1.o(.emb_text)
    .text                                    0x080001dc   Section       64  startup_stm32f10x_hd.o(.text)
    .text                                    0x0800021c   Section        0  stm32f10x_gpio.o(.text)
    .text                                    0x08000578   Section        0  stm32f10x_rcc.o(.text)
    .text                                    0x0800091c   Section        0  stm32f10x_usart.o(.text)
    .text                                    0x08000d24   Section        0  misc.o(.text)
    .text                                    0x08000e00   Section        0  system_stm32f10x.o(.text)
    SetSysClockTo72                          0x08000e01   Thumb Code   214  system_stm32f10x.o(.text)
    SetSysClock                              0x08000ed7   Thumb Code     8  system_stm32f10x.o(.text)
    .text                                    0x08000fe0   Section        0  stm32f10x_flash.o(.text)
    .text                                    0x0800159c   Section        0  stm32f10x_tim.o(.text)
    TI4_Config                               0x08001a43   Thumb Code   130  stm32f10x_tim.o(.text)
    TI3_Config                               0x08001ad7   Thumb Code   122  stm32f10x_tim.o(.text)
    TI2_Config                               0x08001b6b   Thumb Code   130  stm32f10x_tim.o(.text)
    TI1_Config                               0x08001bff   Thumb Code   108  stm32f10x_tim.o(.text)
    .text                                    0x080023b6   Section        0  main.o(.text)
    .text                                    0x080023ee   Section        0  stm32f10x_it.o(.text)
    .text                                    0x08002410   Section        0  usart.o(.text)
    .text                                    0x080026d4   Section        0  user_systick.o(.text)
    SysTick_Config                           0x080026d5   Thumb Code    76  user_systick.o(.text)
    .text                                    0x08002794   Section        0  protobuf-c.o(.text)
    system_alloc                             0x0800279d   Thumb Code    14  protobuf-c.o(.text)
    system_free                              0x080027ab   Thumb Code    14  protobuf-c.o(.text)
    get_tag_size                             0x08002833   Thumb Code    44  protobuf-c.o(.text)
    uint32_size                              0x0800285f   Thumb Code    44  protobuf-c.o(.text)
    int32_size                               0x0800288b   Thumb Code    52  protobuf-c.o(.text)
    uint64_size                              0x080028bf   Thumb Code    70  protobuf-c.o(.text)
    zigzag64                                 0x08002905   Thumb Code    68  protobuf-c.o(.text)
    repeated_field_get_packed_size           0x08002949   Thumb Code   348  protobuf-c.o(.text)
    optional_field_get_packed_size           0x08002aa5   Thumb Code    54  protobuf-c.o(.text)
    oneof_field_get_packed_size              0x08002adb   Thumb Code    58  protobuf-c.o(.text)
    required_field_get_packed_size           0x08002bfb   Thumb Code   220  protobuf-c.o(.text)
    uint32_pack                              0x08002cd7   Thumb Code    86  protobuf-c.o(.text)
    int32_pack                               0x08002d2d   Thumb Code    78  protobuf-c.o(.text)
    uint64_pack                              0x08002d7b   Thumb Code   130  protobuf-c.o(.text)
    tag_pack                                 0x08002dfd   Thumb Code    46  protobuf-c.o(.text)
    unknown_field_pack                       0x08002e2b   Thumb Code    40  protobuf-c.o(.text)
    required_field_pack                      0x08002e53   Thumb Code   358  protobuf-c.o(.text)
    sizeof_elt_in_repeated_array             0x08002fb9   Thumb Code    88  protobuf-c.o(.text)
    copy_to_little_endian_64                 0x08003011   Thumb Code    20  protobuf-c.o(.text)
    copy_to_little_endian_32                 0x08003025   Thumb Code    20  protobuf-c.o(.text)
    get_type_min_size                        0x08003039   Thumb Code    38  protobuf-c.o(.text)
    repeated_field_pack                      0x0800305f   Thumb Code   506  protobuf-c.o(.text)
    optional_field_pack                      0x08003259   Thumb Code    62  protobuf-c.o(.text)
    oneof_field_pack                         0x08003297   Thumb Code    66  protobuf-c.o(.text)
    prefixed_message_pack                    0x080033a1   Thumb Code    64  protobuf-c.o(.text)
    unknown_field_pack_to_buffer             0x080033e1   Thumb Code    54  protobuf-c.o(.text)
    pack_buffer_packed_payload               0x08003417   Thumb Code   332  protobuf-c.o(.text)
    get_packed_payload_length                0x08003563   Thumb Code   272  protobuf-c.o(.text)
    repeated_field_pack_to_buffer            0x08003673   Thumb Code   174  protobuf-c.o(.text)
    optional_field_pack_to_buffer            0x08003721   Thumb Code    62  protobuf-c.o(.text)
    oneof_field_pack_to_buffer               0x0800375f   Thumb Code    66  protobuf-c.o(.text)
    required_field_pack_to_buffer            0x0800385f   Thumb Code   604  protobuf-c.o(.text)
    int_range_lookup                         0x08003abb   Thumb Code   182  protobuf-c.o(.text)
    parse_tag_and_wiretype                   0x08003b71   Thumb Code    98  protobuf-c.o(.text)
    max_b128_numbers                         0x08003bd3   Thumb Code    30  protobuf-c.o(.text)
    merge_messages                           0x08003bf1   Thumb Code   656  protobuf-c.o(.text)
    count_packed_elements                    0x08003e81   Thumb Code   126  protobuf-c.o(.text)
    parse_uint32                             0x08003eff   Thumb Code    62  protobuf-c.o(.text)
    parse_uint64                             0x08003f3d   Thumb Code   152  protobuf-c.o(.text)
    unzigzag64                               0x08003fd5   Thumb Code    54  protobuf-c.o(.text)
    parse_boolean                            0x0800400b   Thumb Code    30  protobuf-c.o(.text)
    parse_repeated_member                    0x08004293   Thumb Code    70  protobuf-c.o(.text)
    scan_varint                              0x080042d9   Thumb Code    44  protobuf-c.o(.text)
    parse_packed_repeated_member             0x08004305   Thumb Code   512  protobuf-c.o(.text)
    is_packable_type                         0x08004505   Thumb Code    22  protobuf-c.o(.text)
    parse_optional_member                    0x0800451b   Thumb Code    50  protobuf-c.o(.text)
    parse_oneof_member                       0x0800454d   Thumb Code   240  protobuf-c.o(.text)
    parse_member                             0x0800463d   Thumb Code   202  protobuf-c.o(.text)
    message_init_generic                     0x08004707   Thumb Code   210  protobuf-c.o(.text)
    parse_required_member                    0x08004ca7   Thumb Code   650  protobuf-c.o(.text)
    do_alloc                                 0x080052eb   Thumb Code    16  protobuf-c.o(.text)
    do_free                                  0x080052fb   Thumb Code    18  protobuf-c.o(.text)
    sint32_size                              0x0800530d   Thumb Code   140  protobuf-c.o(.text)
    sint64_size                              0x08005399   Thumb Code    26  protobuf-c.o(.text)
    sint32_pack                              0x080053b3   Thumb Code    22  protobuf-c.o(.text)
    sint64_pack                              0x080053c9   Thumb Code    30  protobuf-c.o(.text)
    fixed32_pack                             0x080053e7   Thumb Code     8  protobuf-c.o(.text)
    fixed64_pack                             0x080053ef   Thumb Code    14  protobuf-c.o(.text)
    boolean_pack                             0x080053fd   Thumb Code    16  protobuf-c.o(.text)
    scan_length_prefixed_data                0x0800540d   Thumb Code    84  protobuf-c.o(.text)
    parse_int32                              0x08005461   Thumb Code    16  protobuf-c.o(.text)
    unzigzag32                               0x08005471   Thumb Code    20  protobuf-c.o(.text)
    zigzag32                                 0x08005485   Thumb Code    20  protobuf-c.o(.text)
    .text                                    0x08005498   Section        0  protocol.pb-c.o(.text)
    .text                                    0x08005780   Section        0  protocol.o(.text)
    .text                                    0x08005944   Section        0  systimer.o(.text)
    .text                                    0x08005a5c   Section        2  use_no_semi_2.o(.text)
    .text                                    0x08005a5e   Section        0  h1_alloc.o(.text)
    .text                                    0x08005abc   Section        0  h1_free.o(.text)
    .text                                    0x08005b0a   Section       38  llshl.o(.text)
    .text                                    0x08005b30   Section        0  noretval__2printf.o(.text)
    .text                                    0x08005b48   Section        0  _printf_pad.o(.text)
    .text                                    0x08005b98   Section        0  _printf_hex_int.o(.text)
    .text                                    0x08005bf0   Section        0  __printf_flags_wp.o(.text)
    .text                                    0x08005d28   Section        0  assert.o(.text)
    .text                                    0x08005da8   Section        0  strcpy.o(.text)
    .text                                    0x08005df0   Section        0  strlen.o(.text)
    .text                                    0x08005e2e   Section      138  rt_memcpy_v6.o(.text)
    .text                                    0x08005eb8   Section      132  rt_memmove_v6.o(.text)
    .text                                    0x08005f3c   Section      100  rt_memcpy_w.o(.text)
    .text                                    0x08005fa0   Section       68  rt_memclr.o(.text)
    .text                                    0x08005fe4   Section       78  rt_memclr_w.o(.text)
    .text                                    0x08006034   Section      128  strcmpv7m.o(.text)
    .text                                    0x080060b4   Section        0  heapauxi.o(.text)
    .text                                    0x080060ba   Section        2  use_no_semi.o(.text)
    .text                                    0x080060bc   Section        8  rt_heap_descriptor_intlibspace.o(.text)
    .text                                    0x080060c4   Section        0  hguard.o(.text)
    .text                                    0x080060c8   Section        0  init_alloc.o(.text)
    .text                                    0x08006152   Section        0  h1_init.o(.text)
    .text                                    0x08006160   Section        0  _printf_intcommon.o(.text)
    .text                                    0x08006214   Section        0  _printf_char_file.o(.text)
    .text                                    0x08006238   Section        0  abort.o(.text)
    .text                                    0x0800624e   Section        0  assert_puts.o(.text)
    .text                                    0x08006262   Section      122  rt_memmove_w.o(.text)
    .text                                    0x080062dc   Section        8  libspace.o(.text)
    .text                                    0x080062e4   Section        0  h1_extend.o(.text)
    .text                                    0x08006318   Section        0  _printf_char_common.o(.text)
    _printf_input_char                       0x08006319   Thumb Code    10  _printf_char_common.o(.text)
    .text                                    0x08006348   Section        0  ferror.o(.text)
    .text                                    0x08006350   Section        0  defsig_abrt_outer.o(.text)
    .text                                    0x0800635e   Section        0  defsig_rtmem_outer.o(.text)
    .text                                    0x0800636c   Section       74  sys_stackheap_outer.o(.text)
    .text                                    0x080063b6   Section        0  exit.o(.text)
    .text                                    0x080063c8   Section        0  defsig_exit.o(.text)
    .text                                    0x080063d4   Section        0  defsig_abrt_inner.o(.text)
    .text                                    0x08006404   Section        0  defsig_rtmem_inner.o(.text)
    .text                                    0x08006454   Section        0  defsig_general.o(.text)
    i._is_digit                              0x08006486   Section        0  __printf_wp.o(i._is_digit)
    .constdata                               0x08006494   Section       24  protobuf-c.o(.constdata)
    .constdata                               0x080064ac   Section      728  protocol.pb-c.o(.constdata)
    pos_point__field_descriptors             0x080064ac   Data          88  protocol.pb-c.o(.constdata)
    pos_point__field_indices_by_name         0x08006504   Data           8  protocol.pb-c.o(.constdata)
    pos_point__number_ranges                 0x0800650c   Data          16  protocol.pb-c.o(.constdata)
    scan_result__field_descriptors           0x08006558   Data         176  protocol.pb-c.o(.constdata)
    scan_result__field_indices_by_name       0x08006608   Data          16  protocol.pb-c.o(.constdata)
    scan_result__number_ranges               0x08006618   Data          16  protocol.pb-c.o(.constdata)
    message__message_type__enum_values_by_number 0x08006664   Data          24  protocol.pb-c.o(.constdata)
    message__message_type__value_ranges      0x0800667c   Data          16  protocol.pb-c.o(.constdata)
    message__message_type__enum_values_by_name 0x0800668c   Data          16  protocol.pb-c.o(.constdata)
    message__field_descriptors               0x080066d8   Data          88  protocol.pb-c.o(.constdata)
    message__field_indices_by_name           0x08006730   Data           8  protocol.pb-c.o(.constdata)
    message__number_ranges                   0x08006738   Data          16  protocol.pb-c.o(.constdata)
    .constdata                               0x08006784   Section     1024  protocol.o(.constdata)
    crc32tab                                 0x08006784   Data        1024  protocol.o(.constdata)
    .constdata                               0x08006b84   Section       40  _printf_hex_int.o(.constdata)
    uc_hextab                                0x08006b84   Data          20  _printf_hex_int.o(.constdata)
    lc_hextab                                0x08006b98   Data          20  _printf_hex_int.o(.constdata)
    .constdata                               0x08006bac   Section       17  __printf_flags_wp.o(.constdata)
    maptable                                 0x08006bac   Data          17  __printf_flags_wp.o(.constdata)
    .conststring                             0x08006bc0   Section       71  protobuf-c.o(.conststring)
    .conststring                             0x08006c08   Section      229  protocol.pb-c.o(.conststring)
    .data                                    0x20000000   Section       20  stm32f10x_rcc.o(.data)
    APBAHBPrescTable                         0x20000000   Data          16  stm32f10x_rcc.o(.data)
    ADCPrescTable                            0x20000010   Data           4  stm32f10x_rcc.o(.data)
    .data                                    0x20000014   Section       20  system_stm32f10x.o(.data)
    .data                                    0x20000028   Section        4  usart.o(.data)
    .data                                    0x2000002c   Section        4  user_systick.o(.data)
    TimingDelay                              0x2000002c   Data           4  user_systick.o(.data)
    .data                                    0x20000030   Section       12  protobuf-c.o(.data)
    protobuf_c__allocator                    0x20000030   Data          12  protobuf-c.o(.data)
    .data                                    0x2000003c   Section       96  protocol.pb-c.o(.data)
    init_value                               0x2000003c   Data          28  protocol.pb-c.o(.data)
    init_value                               0x20000058   Data          36  protocol.pb-c.o(.data)
    init_value                               0x2000007c   Data          32  protocol.pb-c.o(.data)
    .data                                    0x2000009c   Section        4  protocol.o(.data)
    .data                                    0x200000a0   Section        4  systimer.o(.data)
    .bss                                     0x200000a4   Section      356  protocol.o(.bss)
    .bss                                     0x20000208   Section       96  libspace.o(.bss)
    HEAP                                     0x20000268   Section     2048  startup_stm32f10x_hd.o(HEAP)
    Heap_Mem                                 0x20000268   Data        2048  startup_stm32f10x_hd.o(HEAP)
    STACK                                    0x20000a68   Section     2048  startup_stm32f10x_hd.o(STACK)
    Stack_Mem                                0x20000a68   Data        2048  startup_stm32f10x_hd.o(STACK)
    __initial_sp                             0x20001268   Data           0  startup_stm32f10x_hd.o(STACK)

    Global Symbols

    Symbol Name                              Value     Ov Type        Size  Object(Section)

    BuildAttributes$$THM_ISAv4$P$D$K$B$S$PE$A:L22UL41UL21$X:L11$S22US41US21$IEEE1$IW$USESV6$~STKCKD$USESV7$~SHL$OTIME$ROPI$EBA8$UX$STANDARDLIB$REQ8$PRES8$EABIv2 0x00000000   Number         0  anon$$obj.o ABSOLUTE
    __ARM_use_no_argv                        0x00000000   Number         0  main.o ABSOLUTE
    _printf_flags                            0x00000000   Number         0  printf_stubs.o ABSOLUTE
    _printf_return_value                     0x00000000   Number         0  printf_stubs.o ABSOLUTE
    _printf_sizespec                         0x00000000   Number         0  printf_stubs.o ABSOLUTE
    _printf_widthprec                        0x00000000   Number         0  printf_stubs.o ABSOLUTE
    __ARM_exceptions_init                     - Undefined Weak Reference
    __alloca_initialize                       - Undefined Weak Reference
    __arm_preinit_                            - Undefined Weak Reference
    __cpp_initialize__aeabi_                  - Undefined Weak Reference
    __cxa_finalize                            - Undefined Weak Reference
    __rt_locale                               - Undefined Weak Reference
    __sigvec_lookup                           - Undefined Weak Reference
    __user_heap_extent                        - Undefined Weak Reference
    _atexit_init                              - Undefined Weak Reference
    _call_atexit_fns                          - Undefined Weak Reference
    _clock_init                               - Undefined Weak Reference
    _fp_trap_init                             - Undefined Weak Reference
    _fp_trap_shutdown                         - Undefined Weak Reference
    _get_lc_collate                           - Undefined Weak Reference
    _get_lc_ctype                             - Undefined Weak Reference
    _get_lc_monetary                          - Undefined Weak Reference
    _get_lc_numeric                           - Undefined Weak Reference
    _get_lc_time                              - Undefined Weak Reference
    _getenv_init                              - Undefined Weak Reference
    _handle_redirection                       - Undefined Weak Reference
    _initio                                   - Undefined Weak Reference
    _mutex_acquire                            - Undefined Weak Reference
    _mutex_free                               - Undefined Weak Reference
    _mutex_release                            - Undefined Weak Reference
    _printf_truncate_unsigned                 - Undefined Weak Reference
    _rand_init                                - Undefined Weak Reference
    _signal_finish                            - Undefined Weak Reference
    _signal_init                              - Undefined Weak Reference
    _terminateio                              - Undefined Weak Reference
    __Vectors_Size                           0x00000130   Number         0  startup_stm32f10x_hd.o ABSOLUTE
    __Vectors                                0x08000000   Data           4  startup_stm32f10x_hd.o(RESET)
    __Vectors_End                            0x08000130   Data           0  startup_stm32f10x_hd.o(RESET)
    __main                                   0x08000131   Thumb Code     8  __main.o(!!!main)
    __scatterload                            0x08000139   Thumb Code     0  __scatter.o(!!!scatter)
    __scatterload_rt2                        0x08000139   Thumb Code    44  __scatter.o(!!!scatter)
    __scatterload_rt2_thumb_only             0x08000139   Thumb Code     0  __scatter.o(!!!scatter)
    __scatterload_null                       0x08000147   Thumb Code     0  __scatter.o(!!!scatter)
    __scatterload_copy                       0x0800016d   Thumb Code    26  __scatter_copy.o(!!handler_copy)
    __scatterload_zeroinit                   0x08000189   Thumb Code    28  __scatter_zi.o(!!handler_zi)
    _printf_percent                          0x080001a5   Thumb Code     0  _printf_percent.o(.ARM.Collect$$_printf_percent$$00000000)
    _printf_x                                0x080001a5   Thumb Code     0  _printf_x.o(.ARM.Collect$$_printf_percent$$0000000C)
    _printf_percent_end                      0x080001ab   Thumb Code     0  _printf_percent_end.o(.ARM.Collect$$_printf_percent$$00000017)
    __rt_lib_init                            0x080001af   Thumb Code     0  libinit.o(.ARM.Collect$$libinit$$00000000)
    __rt_lib_init_fp_1                       0x080001b1   Thumb Code     0  libinit2.o(.ARM.Collect$$libinit$$00000002)
    __rt_lib_init_heap_2                     0x080001b1   Thumb Code     0  libinit2.o(.ARM.Collect$$libinit$$00000005)
    __rt_lib_init_preinit_1                  0x080001b1   Thumb Code     0  libinit2.o(.ARM.Collect$$libinit$$00000004)
    __rt_lib_init_alloca_1                   0x080001b9   Thumb Code     0  libinit2.o(.ARM.Collect$$libinit$$0000002E)
    __rt_lib_init_argv_1                     0x080001b9   Thumb Code     0  libinit2.o(.ARM.Collect$$libinit$$0000002C)
    __rt_lib_init_atexit_1                   0x080001b9   Thumb Code     0  libinit2.o(.ARM.Collect$$libinit$$0000001B)
    __rt_lib_init_clock_1                    0x080001b9   Thumb Code     0  libinit2.o(.ARM.Collect$$libinit$$00000021)
    __rt_lib_init_cpp_1                      0x080001b9   Thumb Code     0  libinit2.o(.ARM.Collect$$libinit$$00000032)
    __rt_lib_init_exceptions_1               0x080001b9   Thumb Code     0  libinit2.o(.ARM.Collect$$libinit$$00000030)
    __rt_lib_init_fp_trap_1                  0x080001b9   Thumb Code     0  libinit2.o(.ARM.Collect$$libinit$$0000001F)
    __rt_lib_init_getenv_1                   0x080001b9   Thumb Code     0  libinit2.o(.ARM.Collect$$libinit$$00000023)
    __rt_lib_init_heap_1                     0x080001b9   Thumb Code     0  libinit2.o(.ARM.Collect$$libinit$$0000000A)
    __rt_lib_init_lc_collate_1               0x080001b9   Thumb Code     0  libinit2.o(.ARM.Collect$$libinit$$00000011)
    __rt_lib_init_lc_ctype_1                 0x080001b9   Thumb Code     0  libinit2.o(.ARM.Collect$$libinit$$00000013)
    __rt_lib_init_lc_monetary_1              0x080001b9   Thumb Code     0  libinit2.o(.ARM.Collect$$libinit$$00000015)
    __rt_lib_init_lc_numeric_1               0x080001b9   Thumb Code     0  libinit2.o(.ARM.Collect$$libinit$$00000017)
    __rt_lib_init_lc_time_1                  0x080001b9   Thumb Code     0  libinit2.o(.ARM.Collect$$libinit$$00000019)
    __rt_lib_init_rand_1                     0x080001b9   Thumb Code     0  libinit2.o(.ARM.Collect$$libinit$$0000000E)
    __rt_lib_init_return                     0x080001b9   Thumb Code     0  libinit2.o(.ARM.Collect$$libinit$$00000033)
    __rt_lib_init_signal_1                   0x080001b9   Thumb Code     0  libinit2.o(.ARM.Collect$$libinit$$0000001D)
    __rt_lib_init_stdio_1                    0x080001b9   Thumb Code     0  libinit2.o(.ARM.Collect$$libinit$$00000025)
    __rt_lib_init_user_alloc_1               0x080001b9   Thumb Code     0  libinit2.o(.ARM.Collect$$libinit$$0000000C)
    __rt_lib_shutdown                        0x080001bb   Thumb Code     0  libshutdown.o(.ARM.Collect$$libshutdown$$00000000)
    __rt_lib_shutdown_cpp_1                  0x080001bd   Thumb Code     0  libshutdown2.o(.ARM.Collect$$libshutdown$$00000002)
    __rt_lib_shutdown_fp_trap_1              0x080001bd   Thumb Code     0  libshutdown2.o(.ARM.Collect$$libshutdown$$00000007)
    __rt_lib_shutdown_heap_1                 0x080001bd   Thumb Code     0  libshutdown2.o(.ARM.Collect$$libshutdown$$0000000F)
    __rt_lib_shutdown_return                 0x080001bd   Thumb Code     0  libshutdown2.o(.ARM.Collect$$libshutdown$$00000010)
    __rt_lib_shutdown_signal_1               0x080001bd   Thumb Code     0  libshutdown2.o(.ARM.Collect$$libshutdown$$0000000A)
    __rt_lib_shutdown_stdio_1                0x080001bd   Thumb Code     0  libshutdown2.o(.ARM.Collect$$libshutdown$$00000004)
    __rt_lib_shutdown_user_alloc_1           0x080001bd   Thumb Code     0  libshutdown2.o(.ARM.Collect$$libshutdown$$0000000C)
    __rt_entry                               0x080001bf   Thumb Code     0  __rtentry.o(.ARM.Collect$$rtentry$$00000000)
    __rt_entry_presh_1                       0x080001bf   Thumb Code     0  __rtentry2.o(.ARM.Collect$$rtentry$$00000002)
    __rt_entry_sh                            0x080001bf   Thumb Code     0  __rtentry4.o(.ARM.Collect$$rtentry$$00000004)
    __rt_entry_li                            0x080001c5   Thumb Code     0  __rtentry2.o(.ARM.Collect$$rtentry$$0000000A)
    __rt_entry_postsh_1                      0x080001c5   Thumb Code     0  __rtentry2.o(.ARM.Collect$$rtentry$$00000009)
    __rt_entry_main                          0x080001c9   Thumb Code     0  __rtentry2.o(.ARM.Collect$$rtentry$$0000000D)
    __rt_entry_postli_1                      0x080001c9   Thumb Code     0  __rtentry2.o(.ARM.Collect$$rtentry$$0000000C)
    __rt_exit                                0x080001d1   Thumb Code     0  rtexit.o(.ARM.Collect$$rtexit$$00000000)
    __rt_exit_ls                             0x080001d3   Thumb Code     0  rtexit2.o(.ARM.Collect$$rtexit$$00000003)
    __rt_exit_prels_1                        0x080001d3   Thumb Code     0  rtexit2.o(.ARM.Collect$$rtexit$$00000002)
    __rt_exit_exit                           0x080001d7   Thumb Code     0  rtexit2.o(.ARM.Collect$$rtexit$$00000004)
    Reset_Handler                            0x080001dd   Thumb Code     8  startup_stm32f10x_hd.o(.text)
    _maybe_terminate_alloc                   0x080001dd   Thumb Code     0  maybetermalloc1.o(.emb_text)
    ADC1_2_IRQHandler                        0x080001f7   Thumb Code     0  startup_stm32f10x_hd.o(.text)
    ADC3_IRQHandler                          0x080001f7   Thumb Code     0  startup_stm32f10x_hd.o(.text)
    CAN1_RX1_IRQHandler                      0x080001f7   Thumb Code     0  startup_stm32f10x_hd.o(.text)
    CAN1_SCE_IRQHandler                      0x080001f7   Thumb Code     0  startup_stm32f10x_hd.o(.text)
    DMA1_Channel1_IRQHandler                 0x080001f7   Thumb Code     0  startup_stm32f10x_hd.o(.text)
    DMA1_Channel2_IRQHandler                 0x080001f7   Thumb Code     0  startup_stm32f10x_hd.o(.text)
    DMA1_Channel3_IRQHandler                 0x080001f7   Thumb Code     0  startup_stm32f10x_hd.o(.text)
    DMA1_Channel4_IRQHandler                 0x080001f7   Thumb Code     0  startup_stm32f10x_hd.o(.text)
    DMA1_Channel5_IRQHandler                 0x080001f7   Thumb Code     0  startup_stm32f10x_hd.o(.text)
    DMA1_Channel6_IRQHandler                 0x080001f7   Thumb Code     0  startup_stm32f10x_hd.o(.text)
    DMA1_Channel7_IRQHandler                 0x080001f7   Thumb Code     0  startup_stm32f10x_hd.o(.text)
    DMA2_Channel1_IRQHandler                 0x080001f7   Thumb Code     0  startup_stm32f10x_hd.o(.text)
    DMA2_Channel2_IRQHandler                 0x080001f7   Thumb Code     0  startup_stm32f10x_hd.o(.text)
    DMA2_Channel3_IRQHandler                 0x080001f7   Thumb Code     0  startup_stm32f10x_hd.o(.text)
    DMA2_Channel4_5_IRQHandler               0x080001f7   Thumb Code     0  startup_stm32f10x_hd.o(.text)
    EXTI0_IRQHandler                         0x080001f7   Thumb Code     0  startup_stm32f10x_hd.o(.text)
    EXTI15_10_IRQHandler                     0x080001f7   Thumb Code     0  startup_stm32f10x_hd.o(.text)
    EXTI1_IRQHandler                         0x080001f7   Thumb Code     0  startup_stm32f10x_hd.o(.text)
    EXTI2_IRQHandler                         0x080001f7   Thumb Code     0  startup_stm32f10x_hd.o(.text)
    EXTI3_IRQHandler                         0x080001f7   Thumb Code     0  startup_stm32f10x_hd.o(.text)
    EXTI4_IRQHandler                         0x080001f7   Thumb Code     0  startup_stm32f10x_hd.o(.text)
    EXTI9_5_IRQHandler                       0x080001f7   Thumb Code     0  startup_stm32f10x_hd.o(.text)
    FLASH_IRQHandler                         0x080001f7   Thumb Code     0  startup_stm32f10x_hd.o(.text)
    FSMC_IRQHandler                          0x080001f7   Thumb Code     0  startup_stm32f10x_hd.o(.text)
    I2C1_ER_IRQHandler                       0x080001f7   Thumb Code     0  startup_stm32f10x_hd.o(.text)
    I2C1_EV_IRQHandler                       0x080001f7   Thumb Code     0  startup_stm32f10x_hd.o(.text)
    I2C2_ER_IRQHandler                       0x080001f7   Thumb Code     0  startup_stm32f10x_hd.o(.text)
    I2C2_EV_IRQHandler                       0x080001f7   Thumb Code     0  startup_stm32f10x_hd.o(.text)
    PVD_IRQHandler                           0x080001f7   Thumb Code     0  startup_stm32f10x_hd.o(.text)
    RCC_IRQHandler                           0x080001f7   Thumb Code     0  startup_stm32f10x_hd.o(.text)
    RTCAlarm_IRQHandler                      0x080001f7   Thumb Code     0  startup_stm32f10x_hd.o(.text)
    RTC_IRQHandler                           0x080001f7   Thumb Code     0  startup_stm32f10x_hd.o(.text)
    SDIO_IRQHandler                          0x080001f7   Thumb Code     0  startup_stm32f10x_hd.o(.text)
    SPI1_IRQHandler                          0x080001f7   Thumb Code     0  startup_stm32f10x_hd.o(.text)
    SPI2_IRQHandler                          0x080001f7   Thumb Code     0  startup_stm32f10x_hd.o(.text)
    SPI3_IRQHandler                          0x080001f7   Thumb Code     0  startup_stm32f10x_hd.o(.text)
    TAMPER_IRQHandler                        0x080001f7   Thumb Code     0  startup_stm32f10x_hd.o(.text)
    TIM1_BRK_IRQHandler                      0x080001f7   Thumb Code     0  startup_stm32f10x_hd.o(.text)
    TIM1_CC_IRQHandler                       0x080001f7   Thumb Code     0  startup_stm32f10x_hd.o(.text)
    TIM1_TRG_COM_IRQHandler                  0x080001f7   Thumb Code     0  startup_stm32f10x_hd.o(.text)
    TIM1_UP_IRQHandler                       0x080001f7   Thumb Code     0  startup_stm32f10x_hd.o(.text)
    TIM3_IRQHandler                          0x080001f7   Thumb Code     0  startup_stm32f10x_hd.o(.text)
    TIM4_IRQHandler                          0x080001f7   Thumb Code     0  startup_stm32f10x_hd.o(.text)
    TIM5_IRQHandler                          0x080001f7   Thumb Code     0  startup_stm32f10x_hd.o(.text)
    TIM6_IRQHandler                          0x080001f7   Thumb Code     0  startup_stm32f10x_hd.o(.text)
    TIM7_IRQHandler                          0x080001f7   Thumb Code     0  startup_stm32f10x_hd.o(.text)
    TIM8_BRK_IRQHandler                      0x080001f7   Thumb Code     0  startup_stm32f10x_hd.o(.text)
    TIM8_CC_IRQHandler                       0x080001f7   Thumb Code     0  startup_stm32f10x_hd.o(.text)
    TIM8_TRG_COM_IRQHandler                  0x080001f7   Thumb Code     0  startup_stm32f10x_hd.o(.text)
    TIM8_UP_IRQHandler                       0x080001f7   Thumb Code     0  startup_stm32f10x_hd.o(.text)
    UART5_IRQHandler                         0x080001f7   Thumb Code     0  startup_stm32f10x_hd.o(.text)
    USART2_IRQHandler                        0x080001f7   Thumb Code     0  startup_stm32f10x_hd.o(.text)
    USART3_IRQHandler                        0x080001f7   Thumb Code     0  startup_stm32f10x_hd.o(.text)
    USBWakeUp_IRQHandler                     0x080001f7   Thumb Code     0  startup_stm32f10x_hd.o(.text)
    USB_HP_CAN1_TX_IRQHandler                0x080001f7   Thumb Code     0  startup_stm32f10x_hd.o(.text)
    USB_LP_CAN1_RX0_IRQHandler               0x080001f7   Thumb Code     0  startup_stm32f10x_hd.o(.text)
    WWDG_IRQHandler                          0x080001f7   Thumb Code     0  startup_stm32f10x_hd.o(.text)
    __user_initial_stackheap                 0x080001f9   Thumb Code     0  startup_stm32f10x_hd.o(.text)
    GPIO_DeInit                              0x0800021d   Thumb Code   172  stm32f10x_gpio.o(.text)
    GPIO_AFIODeInit                          0x080002c9   Thumb Code    20  stm32f10x_gpio.o(.text)
    GPIO_Init                                0x080002dd   Thumb Code   278  stm32f10x_gpio.o(.text)
    GPIO_StructInit                          0x080003f3   Thumb Code    16  stm32f10x_gpio.o(.text)
    GPIO_ReadInputDataBit                    0x08000403   Thumb Code    18  stm32f10x_gpio.o(.text)
    GPIO_ReadInputData                       0x08000415   Thumb Code     8  stm32f10x_gpio.o(.text)
    GPIO_ReadOutputDataBit                   0x0800041d   Thumb Code    18  stm32f10x_gpio.o(.text)
    GPIO_ReadOutputData                      0x0800042f   Thumb Code     8  stm32f10x_gpio.o(.text)
    GPIO_SetBits                             0x08000437   Thumb Code     4  stm32f10x_gpio.o(.text)
    GPIO_ResetBits                           0x0800043b   Thumb Code     4  stm32f10x_gpio.o(.text)
    GPIO_WriteBit                            0x0800043f   Thumb Code    10  stm32f10x_gpio.o(.text)
    GPIO_Write                               0x08000449   Thumb Code     4  stm32f10x_gpio.o(.text)
    GPIO_PinLockConfig                       0x0800044d   Thumb Code    18  stm32f10x_gpio.o(.text)
    GPIO_EventOutputConfig                   0x0800045f   Thumb Code    26  stm32f10x_gpio.o(.text)
    GPIO_EventOutputCmd                      0x08000479   Thumb Code     6  stm32f10x_gpio.o(.text)
    GPIO_PinRemapConfig                      0x0800047f   Thumb Code   138  stm32f10x_gpio.o(.text)
    GPIO_EXTILineConfig                      0x08000509   Thumb Code    66  stm32f10x_gpio.o(.text)
    GPIO_ETH_MediaInterfaceConfig            0x0800054b   Thumb Code     8  stm32f10x_gpio.o(.text)
    RCC_DeInit                               0x08000579   Thumb Code    64  stm32f10x_rcc.o(.text)
    RCC_HSEConfig                            0x080005b9   Thumb Code    70  stm32f10x_rcc.o(.text)
    RCC_GetFlagStatus                        0x080005ff   Thumb Code    56  stm32f10x_rcc.o(.text)
    RCC_WaitForHSEStartUp                    0x08000637   Thumb Code    56  stm32f10x_rcc.o(.text)
    RCC_AdjustHSICalibrationValue            0x0800066f   Thumb Code    20  stm32f10x_rcc.o(.text)
    RCC_HSICmd                               0x08000683   Thumb Code     6  stm32f10x_rcc.o(.text)
    RCC_PLLConfig                            0x08000689   Thumb Code    24  stm32f10x_rcc.o(.text)
    RCC_PLLCmd                               0x080006a1   Thumb Code     6  stm32f10x_rcc.o(.text)
    RCC_SYSCLKConfig                         0x080006a7   Thumb Code    18  stm32f10x_rcc.o(.text)
    RCC_GetSYSCLKSource                      0x080006b9   Thumb Code    10  stm32f10x_rcc.o(.text)
    RCC_HCLKConfig                           0x080006c3   Thumb Code    18  stm32f10x_rcc.o(.text)
    RCC_PCLK1Config                          0x080006d5   Thumb Code    18  stm32f10x_rcc.o(.text)
    RCC_PCLK2Config                          0x080006e7   Thumb Code    20  stm32f10x_rcc.o(.text)
    RCC_ITConfig                             0x080006fb   Thumb Code    26  stm32f10x_rcc.o(.text)
    RCC_USBCLKConfig                         0x08000715   Thumb Code     8  stm32f10x_rcc.o(.text)
    RCC_ADCCLKConfig                         0x0800071d   Thumb Code    18  stm32f10x_rcc.o(.text)
    RCC_LSEConfig                            0x0800072f   Thumb Code    50  stm32f10x_rcc.o(.text)
    RCC_LSICmd                               0x08000761   Thumb Code     6  stm32f10x_rcc.o(.text)
    RCC_RTCCLKConfig                         0x08000767   Thumb Code    12  stm32f10x_rcc.o(.text)
    RCC_RTCCLKCmd                            0x08000773   Thumb Code     8  stm32f10x_rcc.o(.text)
    RCC_GetClocksFreq                        0x0800077b   Thumb Code   192  stm32f10x_rcc.o(.text)
    RCC_AHBPeriphClockCmd                    0x0800083b   Thumb Code    26  stm32f10x_rcc.o(.text)
    RCC_APB2PeriphClockCmd                   0x08000855   Thumb Code    26  stm32f10x_rcc.o(.text)
    RCC_APB1PeriphClockCmd                   0x0800086f   Thumb Code    26  stm32f10x_rcc.o(.text)
    RCC_APB2PeriphResetCmd                   0x08000889   Thumb Code    26  stm32f10x_rcc.o(.text)
    RCC_APB1PeriphResetCmd                   0x080008a3   Thumb Code    26  stm32f10x_rcc.o(.text)
    RCC_BackupResetCmd                       0x080008bd   Thumb Code     8  stm32f10x_rcc.o(.text)
    RCC_ClockSecuritySystemCmd               0x080008c5   Thumb Code     6  stm32f10x_rcc.o(.text)
    RCC_MCOConfig                            0x080008cb   Thumb Code     6  stm32f10x_rcc.o(.text)
    RCC_ClearFlag                            0x080008d1   Thumb Code    14  stm32f10x_rcc.o(.text)
    RCC_GetITStatus                          0x080008df   Thumb Code    20  stm32f10x_rcc.o(.text)
    RCC_ClearITPendingBit                    0x080008f3   Thumb Code     6  stm32f10x_rcc.o(.text)
    USART_DeInit                             0x0800091d   Thumb Code   134  stm32f10x_usart.o(.text)
    USART_Init                               0x080009a3   Thumb Code   210  stm32f10x_usart.o(.text)
    USART_StructInit                         0x08000a75   Thumb Code    24  stm32f10x_usart.o(.text)
    USART_ClockInit                          0x08000a8d   Thumb Code    34  stm32f10x_usart.o(.text)
    USART_ClockStructInit                    0x08000aaf   Thumb Code    12  stm32f10x_usart.o(.text)
    USART_Cmd                                0x08000abb   Thumb Code    24  stm32f10x_usart.o(.text)
    USART_ITConfig                           0x08000ad3   Thumb Code    74  stm32f10x_usart.o(.text)
    USART_DMACmd                             0x08000b1d   Thumb Code    18  stm32f10x_usart.o(.text)
    USART_SetAddress                         0x08000b2f   Thumb Code    18  stm32f10x_usart.o(.text)
    USART_WakeUpConfig                       0x08000b41   Thumb Code    18  stm32f10x_usart.o(.text)
    USART_ReceiverWakeUpCmd                  0x08000b53   Thumb Code    24  stm32f10x_usart.o(.text)
    USART_LINBreakDetectLengthConfig         0x08000b6b   Thumb Code    18  stm32f10x_usart.o(.text)
    USART_LINCmd                             0x08000b7d   Thumb Code    24  stm32f10x_usart.o(.text)
    USART_SendData                           0x08000b95   Thumb Code     8  stm32f10x_usart.o(.text)
    USART_ReceiveData                        0x08000b9d   Thumb Code    10  stm32f10x_usart.o(.text)
    USART_SendBreak                          0x08000ba7   Thumb Code    10  stm32f10x_usart.o(.text)
    USART_SetGuardTime                       0x08000bb1   Thumb Code    16  stm32f10x_usart.o(.text)
    USART_SetPrescaler                       0x08000bc1   Thumb Code    16  stm32f10x_usart.o(.text)
    USART_SmartCardCmd                       0x08000bd1   Thumb Code    24  stm32f10x_usart.o(.text)
    USART_SmartCardNACKCmd                   0x08000be9   Thumb Code    24  stm32f10x_usart.o(.text)
    USART_HalfDuplexCmd                      0x08000c01   Thumb Code    24  stm32f10x_usart.o(.text)
    USART_OverSampling8Cmd                   0x08000c19   Thumb Code    22  stm32f10x_usart.o(.text)
    USART_OneBitMethodCmd                    0x08000c2f   Thumb Code    24  stm32f10x_usart.o(.text)
    USART_IrDAConfig                         0x08000c47   Thumb Code    18  stm32f10x_usart.o(.text)
    USART_IrDACmd                            0x08000c59   Thumb Code    24  stm32f10x_usart.o(.text)
    USART_GetFlagStatus                      0x08000c71   Thumb Code    26  stm32f10x_usart.o(.text)
    USART_ClearFlag                          0x08000c8b   Thumb Code    18  stm32f10x_usart.o(.text)
    USART_GetITStatus                        0x08000c9d   Thumb Code    84  stm32f10x_usart.o(.text)
    USART_ClearITPendingBit                  0x08000cf1   Thumb Code    52  stm32f10x_usart.o(.text)
    NVIC_PriorityGroupConfig                 0x08000d25   Thumb Code    10  misc.o(.text)
    NVIC_Init                                0x08000d2f   Thumb Code   100  misc.o(.text)
    NVIC_SetVectorTable                      0x08000d93   Thumb Code    14  misc.o(.text)
    NVIC_SystemLPConfig                      0x08000da1   Thumb Code    34  misc.o(.text)
    SysTick_CLKSourceConfig                  0x08000dc3   Thumb Code    40  misc.o(.text)
    SystemInit                               0x08000edf   Thumb Code    78  system_stm32f10x.o(.text)
    SystemCoreClockUpdate                    0x08000f2d   Thumb Code   142  system_stm32f10x.o(.text)
    FLASH_SetLatency                         0x08000fe1   Thumb Code    18  stm32f10x_flash.o(.text)
    FLASH_HalfCycleAccessCmd                 0x08000ff3   Thumb Code    22  stm32f10x_flash.o(.text)
    FLASH_PrefetchBufferCmd                  0x08001009   Thumb Code    22  stm32f10x_flash.o(.text)
    FLASH_Unlock                             0x0800101f   Thumb Code    12  stm32f10x_flash.o(.text)
    FLASH_UnlockBank1                        0x0800102b   Thumb Code    12  stm32f10x_flash.o(.text)
    FLASH_Lock                               0x08001037   Thumb Code    14  stm32f10x_flash.o(.text)
    FLASH_LockBank1                          0x08001045   Thumb Code    14  stm32f10x_flash.o(.text)
    FLASH_GetBank1Status                     0x08001053   Thumb Code    48  stm32f10x_flash.o(.text)
    FLASH_WaitForLastOperation               0x08001083   Thumb Code    38  stm32f10x_flash.o(.text)
    FLASH_ErasePage                          0x080010a9   Thumb Code    72  stm32f10x_flash.o(.text)
    FLASH_EraseAllPages                      0x080010f1   Thumb Code    68  stm32f10x_flash.o(.text)
    FLASH_WaitForLastBank1Operation          0x08001135   Thumb Code    38  stm32f10x_flash.o(.text)
    FLASH_EraseAllBank1Pages                 0x0800115b   Thumb Code    68  stm32f10x_flash.o(.text)
    FLASH_GetReadOutProtectionStatus         0x0800119f   Thumb Code    20  stm32f10x_flash.o(.text)
    FLASH_EraseOptionBytes                   0x080011b3   Thumb Code   150  stm32f10x_flash.o(.text)
    FLASH_ProgramWord                        0x08001249   Thumb Code   102  stm32f10x_flash.o(.text)
    FLASH_ProgramHalfWord                    0x080012af   Thumb Code    60  stm32f10x_flash.o(.text)
    FLASH_ProgramOptionByteData              0x080012eb   Thumb Code    72  stm32f10x_flash.o(.text)
    FLASH_EnableWriteProtection              0x08001333   Thumb Code   200  stm32f10x_flash.o(.text)
    FLASH_ReadOutProtection                  0x080013fb   Thumb Code   156  stm32f10x_flash.o(.text)
    FLASH_UserOptionByteConfig               0x08001497   Thumb Code    88  stm32f10x_flash.o(.text)
    FLASH_GetUserOptionByte                  0x080014ef   Thumb Code     8  stm32f10x_flash.o(.text)
    FLASH_GetWriteProtectionOptionByte       0x080014f7   Thumb Code     6  stm32f10x_flash.o(.text)
    FLASH_GetPrefetchBufferStatus            0x080014fd   Thumb Code    20  stm32f10x_flash.o(.text)
    FLASH_ITConfig                           0x08001511   Thumb Code    26  stm32f10x_flash.o(.text)
    FLASH_GetFlagStatus                      0x0800152b   Thumb Code    42  stm32f10x_flash.o(.text)
    FLASH_ClearFlag                          0x08001555   Thumb Code     6  stm32f10x_flash.o(.text)
    FLASH_GetStatus                          0x0800155b   Thumb Code    48  stm32f10x_flash.o(.text)
    TIM_DeInit                               0x0800159d   Thumb Code   424  stm32f10x_tim.o(.text)
    TIM_TimeBaseInit                         0x08001745   Thumb Code   122  stm32f10x_tim.o(.text)
    TIM_OC1Init                              0x080017bf   Thumb Code   132  stm32f10x_tim.o(.text)
    TIM_OC2Init                              0x08001843   Thumb Code   154  stm32f10x_tim.o(.text)
    TIM_OC3Init                              0x080018dd   Thumb Code   150  stm32f10x_tim.o(.text)
    TIM_OC4Init                              0x08001973   Thumb Code   182  stm32f10x_tim.o(.text)
    TIM_SetIC4Prescaler                      0x08001a29   Thumb Code    26  stm32f10x_tim.o(.text)
    TIM_SetIC3Prescaler                      0x08001ac5   Thumb Code    18  stm32f10x_tim.o(.text)
    TIM_SetIC2Prescaler                      0x08001b51   Thumb Code    26  stm32f10x_tim.o(.text)
    TIM_SetIC1Prescaler                      0x08001bed   Thumb Code    18  stm32f10x_tim.o(.text)
    TIM_ICInit                               0x08001c6b   Thumb Code   150  stm32f10x_tim.o(.text)
    TIM_PWMIConfig                           0x08001d01   Thumb Code   124  stm32f10x_tim.o(.text)
    TIM_BDTRConfig                           0x08001d7d   Thumb Code    32  stm32f10x_tim.o(.text)
    TIM_TimeBaseStructInit                   0x08001d9d   Thumb Code    18  stm32f10x_tim.o(.text)
    TIM_OCStructInit                         0x08001daf   Thumb Code    20  stm32f10x_tim.o(.text)
    TIM_ICStructInit                         0x08001dc3   Thumb Code    18  stm32f10x_tim.o(.text)
    TIM_BDTRStructInit                       0x08001dd5   Thumb Code    40  stm32f10x_tim.o(.text)
    TIM_Cmd                                  0x08001dfd   Thumb Code    24  stm32f10x_tim.o(.text)
    TIM_CtrlPWMOutputs                       0x08001e15   Thumb Code    30  stm32f10x_tim.o(.text)
    TIM_ITConfig                             0x08001e33   Thumb Code    18  stm32f10x_tim.o(.text)
    TIM_GenerateEvent                        0x08001e45   Thumb Code     4  stm32f10x_tim.o(.text)
    TIM_DMAConfig                            0x08001e49   Thumb Code    10  stm32f10x_tim.o(.text)
    TIM_DMACmd                               0x08001e53   Thumb Code    18  stm32f10x_tim.o(.text)
    TIM_InternalClockConfig                  0x08001e65   Thumb Code    12  stm32f10x_tim.o(.text)
    TIM_SelectInputTrigger                   0x08001e71   Thumb Code    18  stm32f10x_tim.o(.text)
    TIM_ITRxExternalClockConfig              0x08001e83   Thumb Code    24  stm32f10x_tim.o(.text)
    TIM_TIxExternalClockConfig               0x08001e9b   Thumb Code    62  stm32f10x_tim.o(.text)
    TIM_ETRConfig                            0x08001ed9   Thumb Code    28  stm32f10x_tim.o(.text)
    TIM_ETRClockMode1Config                  0x08001ef5   Thumb Code    54  stm32f10x_tim.o(.text)
    TIM_ETRClockMode2Config                  0x08001f2b   Thumb Code    32  stm32f10x_tim.o(.text)
    TIM_PrescalerConfig                      0x08001f4b   Thumb Code     6  stm32f10x_tim.o(.text)
    TIM_CounterModeConfig                    0x08001f51   Thumb Code    18  stm32f10x_tim.o(.text)
    TIM_EncoderInterfaceConfig               0x08001f63   Thumb Code    66  stm32f10x_tim.o(.text)
    TIM_ForcedOC1Config                      0x08001fa5   Thumb Code    18  stm32f10x_tim.o(.text)
    TIM_ForcedOC2Config                      0x08001fb7   Thumb Code    26  stm32f10x_tim.o(.text)
    TIM_ForcedOC3Config                      0x08001fd1   Thumb Code    18  stm32f10x_tim.o(.text)
    TIM_ForcedOC4Config                      0x08001fe3   Thumb Code    26  stm32f10x_tim.o(.text)
    TIM_ARRPreloadConfig                     0x08001ffd   Thumb Code    24  stm32f10x_tim.o(.text)
    TIM_SelectCOM                            0x08002015   Thumb Code    24  stm32f10x_tim.o(.text)
    TIM_SelectCCDMA                          0x0800202d   Thumb Code    24  stm32f10x_tim.o(.text)
    TIM_CCPreloadControl                     0x08002045   Thumb Code    24  stm32f10x_tim.o(.text)
    TIM_OC1PreloadConfig                     0x0800205d   Thumb Code    18  stm32f10x_tim.o(.text)
    TIM_OC2PreloadConfig                     0x0800206f   Thumb Code    26  stm32f10x_tim.o(.text)
    TIM_OC3PreloadConfig                     0x08002089   Thumb Code    18  stm32f10x_tim.o(.text)
    TIM_OC4PreloadConfig                     0x0800209b   Thumb Code    26  stm32f10x_tim.o(.text)
    TIM_OC1FastConfig                        0x080020b5   Thumb Code    18  stm32f10x_tim.o(.text)
    TIM_OC2FastConfig                        0x080020c7   Thumb Code    26  stm32f10x_tim.o(.text)
    TIM_OC3FastConfig                        0x080020e1   Thumb Code    18  stm32f10x_tim.o(.text)
    TIM_OC4FastConfig                        0x080020f3   Thumb Code    26  stm32f10x_tim.o(.text)
    TIM_ClearOC1Ref                          0x0800210d   Thumb Code    18  stm32f10x_tim.o(.text)
    TIM_ClearOC2Ref                          0x0800211f   Thumb Code    24  stm32f10x_tim.o(.text)
    TIM_ClearOC3Ref                          0x08002137   Thumb Code    18  stm32f10x_tim.o(.text)
    TIM_ClearOC4Ref                          0x08002149   Thumb Code    24  stm32f10x_tim.o(.text)
    TIM_OC1PolarityConfig                    0x08002161   Thumb Code    18  stm32f10x_tim.o(.text)
    TIM_OC1NPolarityConfig                   0x08002173   Thumb Code    18  stm32f10x_tim.o(.text)
    TIM_OC2PolarityConfig                    0x08002185   Thumb Code    26  stm32f10x_tim.o(.text)
    TIM_OC2NPolarityConfig                   0x0800219f   Thumb Code    26  stm32f10x_tim.o(.text)
    TIM_OC3PolarityConfig                    0x080021b9   Thumb Code    26  stm32f10x_tim.o(.text)
    TIM_OC3NPolarityConfig                   0x080021d3   Thumb Code    26  stm32f10x_tim.o(.text)
    TIM_OC4PolarityConfig                    0x080021ed   Thumb Code    26  stm32f10x_tim.o(.text)
    TIM_CCxCmd                               0x08002207   Thumb Code    30  stm32f10x_tim.o(.text)
    TIM_CCxNCmd                              0x08002225   Thumb Code    30  stm32f10x_tim.o(.text)
    TIM_SelectOCxM                           0x08002243   Thumb Code    82  stm32f10x_tim.o(.text)
    TIM_UpdateDisableConfig                  0x08002295   Thumb Code    24  stm32f10x_tim.o(.text)
    TIM_UpdateRequestConfig                  0x080022ad   Thumb Code    24  stm32f10x_tim.o(.text)
    TIM_SelectHallSensor                     0x080022c5   Thumb Code    24  stm32f10x_tim.o(.text)
    TIM_SelectOnePulseMode                   0x080022dd   Thumb Code    18  stm32f10x_tim.o(.text)
    TIM_SelectOutputTrigger                  0x080022ef   Thumb Code    18  stm32f10x_tim.o(.text)
    TIM_SelectSlaveMode                      0x08002301   Thumb Code    18  stm32f10x_tim.o(.text)
    TIM_SelectMasterSlaveMode                0x08002313   Thumb Code    18  stm32f10x_tim.o(.text)
    TIM_SetCounter                           0x08002325   Thumb Code     4  stm32f10x_tim.o(.text)
    TIM_SetAutoreload                        0x08002329   Thumb Code     4  stm32f10x_tim.o(.text)
    TIM_SetCompare1                          0x0800232d   Thumb Code     4  stm32f10x_tim.o(.text)
    TIM_SetCompare2                          0x08002331   Thumb Code     4  stm32f10x_tim.o(.text)
    TIM_SetCompare3                          0x08002335   Thumb Code     4  stm32f10x_tim.o(.text)
    TIM_SetCompare4                          0x08002339   Thumb Code     6  stm32f10x_tim.o(.text)
    TIM_SetClockDivision                     0x0800233f   Thumb Code    18  stm32f10x_tim.o(.text)
    TIM_GetCapture1                          0x08002351   Thumb Code     6  stm32f10x_tim.o(.text)
    TIM_GetCapture2                          0x08002357   Thumb Code     6  stm32f10x_tim.o(.text)
    TIM_GetCapture3                          0x0800235d   Thumb Code     6  stm32f10x_tim.o(.text)
    TIM_GetCapture4                          0x08002363   Thumb Code     8  stm32f10x_tim.o(.text)
    TIM_GetCounter                           0x0800236b   Thumb Code     6  stm32f10x_tim.o(.text)
    TIM_GetPrescaler                         0x08002371   Thumb Code     6  stm32f10x_tim.o(.text)
    TIM_GetFlagStatus                        0x08002377   Thumb Code    18  stm32f10x_tim.o(.text)
    TIM_ClearFlag                            0x08002389   Thumb Code     6  stm32f10x_tim.o(.text)
    TIM_GetITStatus                          0x0800238f   Thumb Code    34  stm32f10x_tim.o(.text)
    TIM_ClearITPendingBit                    0x080023b1   Thumb Code     6  stm32f10x_tim.o(.text)
    delay_nms                                0x080023b7   Thumb Code    32  main.o(.text)
    main                                     0x080023d7   Thumb Code    24  main.o(.text)
    NMI_Handler                              0x080023ef   Thumb Code     2  stm32f10x_it.o(.text)
    HardFault_Handler                        0x080023f1   Thumb Code     4  stm32f10x_it.o(.text)
    MemManage_Handler                        0x080023f5   Thumb Code     4  stm32f10x_it.o(.text)
    BusFault_Handler                         0x080023f9   Thumb Code     4  stm32f10x_it.o(.text)
    UsageFault_Handler                       0x080023fd   Thumb Code     4  stm32f10x_it.o(.text)
    SVC_Handler                              0x08002401   Thumb Code     2  stm32f10x_it.o(.text)
    DebugMon_Handler                         0x08002403   Thumb Code     2  stm32f10x_it.o(.text)
    PendSV_Handler                           0x08002405   Thumb Code     2  stm32f10x_it.o(.text)
    SysTick_Handler                          0x08002407   Thumb Code     8  stm32f10x_it.o(.text)
    _ttywrch                                 0x08002411   Thumb Code     2  usart.o(.text)
    uart1_init                               0x08002413   Thumb Code   188  usart.o(.text)
    uart4_init                               0x080024cf   Thumb Code   164  usart.o(.text)
    UsartGPIO_CTRT_Configuration             0x08002573   Thumb Code    54  usart.o(.text)
    delay_us                                 0x080025a9   Thumb Code    30  usart.o(.text)
    USART1_IRQHandler                        0x080025c7   Thumb Code   120  usart.o(.text)
    UART4_IRQHandler                         0x0800263f   Thumb Code    26  usart.o(.text)
    USART_CTRT_Configuartion                 0x08002659   Thumb Code    68  usart.o(.text)
    _sys_exit                                0x0800269d   Thumb Code     4  usart.o(.text)
    fputc                                    0x080026a1   Thumb Code    32  usart.o(.text)
    delay_1ms                                0x08002721   Thumb Code    44  user_systick.o(.text)
    delay_10us                               0x0800274d   Thumb Code    42  user_systick.o(.text)
    TimingDelay_Decrement                    0x08002777   Thumb Code    18  user_systick.o(.text)
    protobuf_c_version                       0x08002795   Thumb Code     4  protobuf-c.o(.text)
    protobuf_c_version_number                0x08002799   Thumb Code     4  protobuf-c.o(.text)
    protobuf_c_buffer_simple_append          0x080027b9   Thumb Code   122  protobuf-c.o(.text)
    protobuf_c_message_get_packed_size       0x08002b15   Thumb Code   230  protobuf-c.o(.text)
    protobuf_c_message_pack                  0x080032d9   Thumb Code   200  protobuf-c.o(.text)
    protobuf_c_message_pack_to_buffer        0x080037a1   Thumb Code   190  protobuf-c.o(.text)
    protobuf_c_message_free_unpacked         0x08004029   Thumb Code   618  protobuf-c.o(.text)
    protobuf_c_message_init                  0x080047d9   Thumb Code    14  protobuf-c.o(.text)
    protobuf_c_message_unpack                0x080047e7   Thumb Code  1216  protobuf-c.o(.text)
    protobuf_c_message_check                 0x08004f31   Thumb Code   312  protobuf-c.o(.text)
    protobuf_c_service_invoke_internal       0x08005069   Thumb Code    60  protobuf-c.o(.text)
    protobuf_c_service_generated_init        0x080050a5   Thumb Code    54  protobuf-c.o(.text)
    protobuf_c_service_destroy               0x080050db   Thumb Code    12  protobuf-c.o(.text)
    protobuf_c_enum_descriptor_get_value_by_name 0x080050e7   Thumb Code   138  protobuf-c.o(.text)
    protobuf_c_enum_descriptor_get_value     0x08005171   Thumb Code    38  protobuf-c.o(.text)
    protobuf_c_message_descriptor_get_field_by_name 0x08005197   Thumb Code   142  protobuf-c.o(.text)
    protobuf_c_message_descriptor_get_field  0x08005225   Thumb Code    42  protobuf-c.o(.text)
    protobuf_c_service_descriptor_get_method_by_name 0x0800524f   Thumb Code   156  protobuf-c.o(.text)
    pos_point__init                          0x08005499   Thumb Code    16  protocol.pb-c.o(.text)
    pos_point__get_packed_size               0x080054a9   Thumb Code    32  protocol.pb-c.o(.text)
    pos_point__pack                          0x080054c9   Thumb Code    36  protocol.pb-c.o(.text)
    pos_point__pack_to_buffer                0x080054ed   Thumb Code    36  protocol.pb-c.o(.text)
    pos_point__unpack                        0x08005511   Thumb Code    22  protocol.pb-c.o(.text)
    pos_point__free_unpacked                 0x08005527   Thumb Code    36  protocol.pb-c.o(.text)
    scan_result__init                        0x0800554b   Thumb Code    16  protocol.pb-c.o(.text)
    scan_result__get_packed_size             0x0800555b   Thumb Code    32  protocol.pb-c.o(.text)
    scan_result__pack                        0x0800557b   Thumb Code    36  protocol.pb-c.o(.text)
    scan_result__pack_to_buffer              0x0800559f   Thumb Code    36  protocol.pb-c.o(.text)
    scan_result__unpack                      0x080055c3   Thumb Code    22  protocol.pb-c.o(.text)
    scan_result__free_unpacked               0x080055d9   Thumb Code    36  protocol.pb-c.o(.text)
    message__init                            0x080055fd   Thumb Code    16  protocol.pb-c.o(.text)
    message__get_packed_size                 0x0800560d   Thumb Code    32  protocol.pb-c.o(.text)
    message__pack                            0x0800562d   Thumb Code    36  protocol.pb-c.o(.text)
    message__pack_to_buffer                  0x08005651   Thumb Code    36  protocol.pb-c.o(.text)
    message__unpack                          0x08005675   Thumb Code    22  protocol.pb-c.o(.text)
    message__free_unpacked                   0x0800568b   Thumb Code    36  protocol.pb-c.o(.text)
    CRC32                                    0x08005781   Thumb Code    40  protocol.o(.text)
    SaveScanResult                           0x080057a9   Thumb Code    84  protocol.o(.text)
    DeserializeInt                           0x080057fd   Thumb Code    26  protocol.o(.text)
    ExtractRaw                               0x08005817   Thumb Code    68  protocol.o(.text)
    DispatchMessage                          0x0800585b   Thumb Code   150  protocol.o(.text)
    GetMessage                               0x080058f1   Thumb Code    32  protocol.o(.text)
    print                                    0x08005911   Thumb Code    26  protocol.o(.text)
    init_scheduler                           0x08005945   Thumb Code    14  systimer.o(.text)
    RCC_cfg                                  0x08005953   Thumb Code   116  systimer.o(.text)
    TIMER_cfg                                0x080059c7   Thumb Code    84  systimer.o(.text)
    NVIC_cfg                                 0x08005a1b   Thumb Code    40  systimer.o(.text)
    TIM2_IRQHandler                          0x08005a43   Thumb Code    22  systimer.o(.text)
    __use_no_semihosting                     0x08005a5d   Thumb Code     2  use_no_semi_2.o(.text)
    malloc                                   0x08005a5f   Thumb Code    94  h1_alloc.o(.text)
    free                                     0x08005abd   Thumb Code    78  h1_free.o(.text)
    __aeabi_llsl                             0x08005b0b   Thumb Code     0  llshl.o(.text)
    _ll_shift_l                              0x08005b0b   Thumb Code    38  llshl.o(.text)
    __2printf                                0x08005b31   Thumb Code    20  noretval__2printf.o(.text)
    _printf_pre_padding                      0x08005b49   Thumb Code    44  _printf_pad.o(.text)
    _printf_post_padding                     0x08005b75   Thumb Code    34  _printf_pad.o(.text)
    _printf_int_hex                          0x08005b99   Thumb Code    84  _printf_hex_int.o(.text)
    _printf_longlong_hex                     0x08005b99   Thumb Code     0  _printf_hex_int.o(.text)
    __printf                                 0x08005bf1   Thumb Code   308  __printf_flags_wp.o(.text)
    __aeabi_assert                           0x08005d29   Thumb Code    86  assert.o(.text)
    __assert                                 0x08005d29   Thumb Code     0  assert.o(.text)
    strcpy                                   0x08005da9   Thumb Code    72  strcpy.o(.text)
    strlen                                   0x08005df1   Thumb Code    62  strlen.o(.text)
    __aeabi_memcpy                           0x08005e2f   Thumb Code     0  rt_memcpy_v6.o(.text)
    __rt_memcpy                              0x08005e2f   Thumb Code   138  rt_memcpy_v6.o(.text)
    _memcpy_lastbytes                        0x08005e95   Thumb Code     0  rt_memcpy_v6.o(.text)
    __aeabi_memmove                          0x08005eb9   Thumb Code     0  rt_memmove_v6.o(.text)
    __rt_memmove                             0x08005eb9   Thumb Code   132  rt_memmove_v6.o(.text)
    __memmove_lastfew                        0x08005f19   Thumb Code     0  rt_memmove_v6.o(.text)
    __aeabi_memcpy4                          0x08005f3d   Thumb Code     0  rt_memcpy_w.o(.text)
    __aeabi_memcpy8                          0x08005f3d   Thumb Code     0  rt_memcpy_w.o(.text)
    __rt_memcpy_w                            0x08005f3d   Thumb Code   100  rt_memcpy_w.o(.text)
    _memcpy_lastbytes_aligned                0x08005f85   Thumb Code     0  rt_memcpy_w.o(.text)
    __aeabi_memclr                           0x08005fa1   Thumb Code     0  rt_memclr.o(.text)
    __rt_memclr                              0x08005fa1   Thumb Code    68  rt_memclr.o(.text)
    _memset                                  0x08005fa5   Thumb Code     0  rt_memclr.o(.text)
    __aeabi_memclr4                          0x08005fe5   Thumb Code     0  rt_memclr_w.o(.text)
    __aeabi_memclr8                          0x08005fe5   Thumb Code     0  rt_memclr_w.o(.text)
    __rt_memclr_w                            0x08005fe5   Thumb Code    78  rt_memclr_w.o(.text)
    _memset_w                                0x08005fe9   Thumb Code     0  rt_memclr_w.o(.text)
    strcmp                                   0x08006035   Thumb Code   128  strcmpv7m.o(.text)
    __use_two_region_memory                  0x080060b5   Thumb Code     2  heapauxi.o(.text)
    __rt_heap_escrow                         0x080060b7   Thumb Code     2  heapauxi.o(.text)
    __rt_heap_expand                         0x080060b9   Thumb Code     2  heapauxi.o(.text)
    __I$use$semihosting                      0x080060bb   Thumb Code     0  use_no_semi.o(.text)
    __use_no_semihosting_swi                 0x080060bb   Thumb Code     2  use_no_semi.o(.text)
    __rt_heap_descriptor                     0x080060bd   Thumb Code     8  rt_heap_descriptor_intlibspace.o(.text)
    __use_no_heap                            0x080060c5   Thumb Code     2  hguard.o(.text)
    __heap$guard                             0x080060c7   Thumb Code     2  hguard.o(.text)
    _terminate_user_alloc                    0x080060c9   Thumb Code     2  init_alloc.o(.text)
    _init_user_alloc                         0x080060cb   Thumb Code     2  init_alloc.o(.text)
    __Heap_Full                              0x080060cd   Thumb Code    34  init_alloc.o(.text)
    __Heap_Broken                            0x080060ef   Thumb Code     6  init_alloc.o(.text)
    _init_alloc                              0x080060f5   Thumb Code    94  init_alloc.o(.text)
    __Heap_Initialize                        0x08006153   Thumb Code    10  h1_init.o(.text)
    __Heap_DescSize                          0x0800615d   Thumb Code     4  h1_init.o(.text)
    _printf_int_common                       0x08006161   Thumb Code   178  _printf_intcommon.o(.text)
    _printf_char_file                        0x08006215   Thumb Code    32  _printf_char_file.o(.text)
    abort                                    0x08006239   Thumb Code    22  abort.o(.text)
    __assert_puts                            0x0800624f   Thumb Code    20  assert_puts.o(.text)
    __aeabi_memmove4                         0x08006263   Thumb Code     0  rt_memmove_w.o(.text)
    __aeabi_memmove8                         0x08006263   Thumb Code     0  rt_memmove_w.o(.text)
    __rt_memmove_w                           0x08006263   Thumb Code   122  rt_memmove_w.o(.text)
    __memmove_aligned                        0x08006289   Thumb Code     0  rt_memmove_w.o(.text)
    __memmove_lastfew_aligned                0x080062c1   Thumb Code     0  rt_memmove_w.o(.text)
    __user_libspace                          0x080062dd   Thumb Code     8  libspace.o(.text)
    __user_perproc_libspace                  0x080062dd   Thumb Code     0  libspace.o(.text)
    __user_perthread_libspace                0x080062dd   Thumb Code     0  libspace.o(.text)
    __Heap_ProvideMemory                     0x080062e5   Thumb Code    52  h1_extend.o(.text)
    _printf_char_common                      0x08006323   Thumb Code    32  _printf_char_common.o(.text)
    ferror                                   0x08006349   Thumb Code     8  ferror.o(.text)
    __rt_SIGABRT                             0x08006351   Thumb Code    14  defsig_abrt_outer.o(.text)
    __rt_SIGRTMEM                            0x0800635f   Thumb Code    14  defsig_rtmem_outer.o(.text)
    __user_setup_stackheap                   0x0800636d   Thumb Code    74  sys_stackheap_outer.o(.text)
    exit                                     0x080063b7   Thumb Code    18  exit.o(.text)
    __sig_exit                               0x080063c9   Thumb Code    10  defsig_exit.o(.text)
    __rt_SIGABRT_inner                       0x080063d5   Thumb Code    14  defsig_abrt_inner.o(.text)
    __rt_SIGRTMEM_inner                      0x08006405   Thumb Code    22  defsig_rtmem_inner.o(.text)
    __default_signal_display                 0x08006455   Thumb Code    50  defsig_general.o(.text)
    _is_digit                                0x08006487   Thumb Code    14  __printf_wp.o(i._is_digit)
    pos_point__descriptor                    0x0800651c   Data          60  protocol.pb-c.o(.constdata)
    scan_result__descriptor                  0x08006628   Data          60  protocol.pb-c.o(.constdata)
    message__message_type__descriptor        0x0800669c   Data          60  protocol.pb-c.o(.constdata)
    message__descriptor                      0x08006748   Data          60  protocol.pb-c.o(.constdata)
    Region$$Table$$Base                      0x08006cf0   Number         0  anon$$obj.o(Region$$Table)
    Region$$Table$$Limit                     0x08006d10   Number         0  anon$$obj.o(Region$$Table)
    SystemCoreClock                          0x20000014   Data           4  system_stm32f10x.o(.data)
    AHBPrescTable                            0x20000018   Data          16  system_stm32f10x.o(.data)
    __stdout                                 0x20000028   Data           4  usart.o(.data)
    uart_buffer_index_1                      0x2000009c   Data           4  protocol.o(.data)
    head                                     0x200000a0   Data           4  systimer.o(.data)
    scanData                                 0x200000a4   Data         100  protocol.o(.bss)
    uart_buffer_1                            0x20000108   Data         256  protocol.o(.bss)
    __libspace_start                         0x20000208   Data          96  libspace.o(.bss)
    __temporary_stack_top$libspace           0x20000268   Data           0  libspace.o(.bss)



==============================================================================

Memory Map of the image

  Image Entry point : 0x08000131

  Load Region LR_IROM1 (Base: 0x08000000, Size: 0x00006db4, Max: 0x00033800, ABSOLUTE)

    Execution Region ER_IROM1 (Base: 0x08000000, Size: 0x00006d10, Max: 0x00033800, ABSOLUTE)

    Base Addr    Size         Type   Attr      Idx    E Section Name        Object

    0x08000000   0x00000130   Data   RO            3    RESET               startup_stm32f10x_hd.o
    0x08000130   0x00000008   Code   RO          658  * !!!main             c_w.l(__main.o)
    0x08000138   0x00000034   Code   RO          878    !!!scatter          c_w.l(__scatter.o)
    0x0800016c   0x0000001a   Code   RO          880    !!handler_copy      c_w.l(__scatter_copy.o)
    0x08000186   0x00000002   PAD
    0x08000188   0x0000001c   Code   RO          882    !!handler_zi        c_w.l(__scatter_zi.o)
    0x080001a4   0x00000000   Code   RO          637    .ARM.Collect$$_printf_percent$$00000000  c_w.l(_printf_percent.o)
    0x080001a4   0x00000006   Code   RO          636    .ARM.Collect$$_printf_percent$$0000000C  c_w.l(_printf_x.o)
    0x080001aa   0x00000004   Code   RO          694    .ARM.Collect$$_printf_percent$$00000017  c_w.l(_printf_percent_end.o)
    0x080001ae   0x00000002   Code   RO          823    .ARM.Collect$$libinit$$00000000  c_w.l(libinit.o)
    0x080001b0   0x00000000   Code   RO          704    .ARM.Collect$$libinit$$00000002  c_w.l(libinit2.o)
    0x080001b0   0x00000000   Code   RO          706    .ARM.Collect$$libinit$$00000004  c_w.l(libinit2.o)
    0x080001b0   0x00000008   Code   RO          707    .ARM.Collect$$libinit$$00000005  c_w.l(libinit2.o)
    0x080001b8   0x00000000   Code   RO          709    .ARM.Collect$$libinit$$0000000A  c_w.l(libinit2.o)
    0x080001b8   0x00000000   Code   RO          711    .ARM.Collect$$libinit$$0000000C  c_w.l(libinit2.o)
    0x080001b8   0x00000000   Code   RO          713    .ARM.Collect$$libinit$$0000000E  c_w.l(libinit2.o)
    0x080001b8   0x00000000   Code   RO          716    .ARM.Collect$$libinit$$00000011  c_w.l(libinit2.o)
    0x080001b8   0x00000000   Code   RO          718    .ARM.Collect$$libinit$$00000013  c_w.l(libinit2.o)
    0x080001b8   0x00000000   Code   RO          720    .ARM.Collect$$libinit$$00000015  c_w.l(libinit2.o)
    0x080001b8   0x00000000   Code   RO          722    .ARM.Collect$$libinit$$00000017  c_w.l(libinit2.o)
    0x080001b8   0x00000000   Code   RO          724    .ARM.Collect$$libinit$$00000019  c_w.l(libinit2.o)
    0x080001b8   0x00000000   Code   RO          726    .ARM.Collect$$libinit$$0000001B  c_w.l(libinit2.o)
    0x080001b8   0x00000000   Code   RO          728    .ARM.Collect$$libinit$$0000001D  c_w.l(libinit2.o)
    0x080001b8   0x00000000   Code   RO          730    .ARM.Collect$$libinit$$0000001F  c_w.l(libinit2.o)
    0x080001b8   0x00000000   Code   RO          732    .ARM.Collect$$libinit$$00000021  c_w.l(libinit2.o)
    0x080001b8   0x00000000   Code   RO          734    .ARM.Collect$$libinit$$00000023  c_w.l(libinit2.o)
    0x080001b8   0x00000000   Code   RO          736    .ARM.Collect$$libinit$$00000025  c_w.l(libinit2.o)
    0x080001b8   0x00000000   Code   RO          740    .ARM.Collect$$libinit$$0000002C  c_w.l(libinit2.o)
    0x080001b8   0x00000000   Code   RO          742    .ARM.Collect$$libinit$$0000002E  c_w.l(libinit2.o)
    0x080001b8   0x00000000   Code   RO          744    .ARM.Collect$$libinit$$00000030  c_w.l(libinit2.o)
    0x080001b8   0x00000000   Code   RO          746    .ARM.Collect$$libinit$$00000032  c_w.l(libinit2.o)
    0x080001b8   0x00000002   Code   RO          747    .ARM.Collect$$libinit$$00000033  c_w.l(libinit2.o)
    0x080001ba   0x00000002   Code   RO          875    .ARM.Collect$$libshutdown$$00000000  c_w.l(libshutdown.o)
    0x080001bc   0x00000000   Code   RO          835    .ARM.Collect$$libshutdown$$00000002  c_w.l(libshutdown2.o)
    0x080001bc   0x00000000   Code   RO          837    .ARM.Collect$$libshutdown$$00000004  c_w.l(libshutdown2.o)
    0x080001bc   0x00000000   Code   RO          840    .ARM.Collect$$libshutdown$$00000007  c_w.l(libshutdown2.o)
    0x080001bc   0x00000000   Code   RO          843    .ARM.Collect$$libshutdown$$0000000A  c_w.l(libshutdown2.o)
    0x080001bc   0x00000000   Code   RO          845    .ARM.Collect$$libshutdown$$0000000C  c_w.l(libshutdown2.o)
    0x080001bc   0x00000000   Code   RO          848    .ARM.Collect$$libshutdown$$0000000F  c_w.l(libshutdown2.o)
    0x080001bc   0x00000002   Code   RO          849    .ARM.Collect$$libshutdown$$00000010  c_w.l(libshutdown2.o)
    0x080001be   0x00000000   Code   RO          664    .ARM.Collect$$rtentry$$00000000  c_w.l(__rtentry.o)
    0x080001be   0x00000000   Code   RO          754    .ARM.Collect$$rtentry$$00000002  c_w.l(__rtentry2.o)
    0x080001be   0x00000006   Code   RO          766    .ARM.Collect$$rtentry$$00000004  c_w.l(__rtentry4.o)
    0x080001c4   0x00000000   Code   RO          756    .ARM.Collect$$rtentry$$00000009  c_w.l(__rtentry2.o)
    0x080001c4   0x00000004   Code   RO          757    .ARM.Collect$$rtentry$$0000000A  c_w.l(__rtentry2.o)
    0x080001c8   0x00000000   Code   RO          759    .ARM.Collect$$rtentry$$0000000C  c_w.l(__rtentry2.o)
    0x080001c8   0x00000008   Code   RO          760    .ARM.Collect$$rtentry$$0000000D  c_w.l(__rtentry2.o)
    0x080001d0   0x00000002   Code   RO          824    .ARM.Collect$$rtexit$$00000000  c_w.l(rtexit.o)
    0x080001d2   0x00000000   Code   RO          851    .ARM.Collect$$rtexit$$00000002  c_w.l(rtexit2.o)
    0x080001d2   0x00000004   Code   RO          852    .ARM.Collect$$rtexit$$00000003  c_w.l(rtexit2.o)
    0x080001d6   0x00000006   Code   RO          853    .ARM.Collect$$rtexit$$00000004  c_w.l(rtexit2.o)
    0x080001dc   0x00000000   Code   RO          770    .emb_text           c_w.l(maybetermalloc1.o)
    0x080001dc   0x00000040   Code   RO            4    .text               startup_stm32f10x_hd.o
    0x0800021c   0x0000035c   Code   RO           10    .text               stm32f10x_gpio.o
    0x08000578   0x000003a4   Code   RO          109    .text               stm32f10x_rcc.o
    0x0800091c   0x00000408   Code   RO          123    .text               stm32f10x_usart.o
    0x08000d24   0x000000dc   Code   RO          135    .text               misc.o
    0x08000e00   0x000001e0   Code   RO          157    .text               system_stm32f10x.o
    0x08000fe0   0x000005bc   Code   RO          199    .text               stm32f10x_flash.o
    0x0800159c   0x00000e1a   Code   RO          223    .text               stm32f10x_tim.o
    0x080023b6   0x00000038   Code   RO          235    .text               main.o
    0x080023ee   0x00000020   Code   RO          356    .text               stm32f10x_it.o
    0x0800240e   0x00000002   PAD
    0x08002410   0x000002c4   Code   RO          371    .text               usart.o
    0x080026d4   0x000000c0   Code   RO          393    .text               user_systick.o
    0x08002794   0x00002d04   Code   RO          411    .text               protobuf-c.o
    0x08005498   0x000002e8   Code   RO          439    .text               protocol.pb-c.o
    0x08005780   0x000001c4   Code   RO          465    .text               protocol.o
    0x08005944   0x00000118   Code   RO          501    .text               systimer.o
    0x08005a5c   0x00000002   Code   RO          521    .text               c_w.l(use_no_semi_2.o)
    0x08005a5e   0x0000005e   Code   RO          527    .text               c_w.l(h1_alloc.o)
    0x08005abc   0x0000004e   Code   RO          529    .text               c_w.l(h1_free.o)
    0x08005b0a   0x00000026   Code   RO          585    .text               c_w.l(llshl.o)
    0x08005b30   0x00000018   Code   RO          589    .text               c_w.l(noretval__2printf.o)
    0x08005b48   0x0000004e   Code   RO          593    .text               c_w.l(_printf_pad.o)
    0x08005b96   0x00000002   PAD
    0x08005b98   0x00000058   Code   RO          598    .text               c_w.l(_printf_hex_int.o)
    0x08005bf0   0x00000138   Code   RO          628    .text               c_w.l(__printf_flags_wp.o)
    0x08005d28   0x00000080   Code   RO          638    .text               c_w.l(assert.o)
    0x08005da8   0x00000048   Code   RO          640    .text               c_w.l(strcpy.o)
    0x08005df0   0x0000003e   Code   RO          642    .text               c_w.l(strlen.o)
    0x08005e2e   0x0000008a   Code   RO          644    .text               c_w.l(rt_memcpy_v6.o)
    0x08005eb8   0x00000084   Code   RO          646    .text               c_w.l(rt_memmove_v6.o)
    0x08005f3c   0x00000064   Code   RO          648    .text               c_w.l(rt_memcpy_w.o)
    0x08005fa0   0x00000044   Code   RO          650    .text               c_w.l(rt_memclr.o)
    0x08005fe4   0x0000004e   Code   RO          652    .text               c_w.l(rt_memclr_w.o)
    0x08006032   0x00000002   PAD
    0x08006034   0x00000080   Code   RO          654    .text               c_w.l(strcmpv7m.o)
    0x080060b4   0x00000006   Code   RO          656    .text               c_w.l(heapauxi.o)
    0x080060ba   0x00000002   Code   RO          660    .text               c_w.l(use_no_semi.o)
    0x080060bc   0x00000008   Code   RO          668    .text               c_w.l(rt_heap_descriptor_intlibspace.o)
    0x080060c4   0x00000004   Code   RO          670    .text               c_w.l(hguard.o)
    0x080060c8   0x0000008a   Code   RO          672    .text               c_w.l(init_alloc.o)
    0x08006152   0x0000000e   Code   RO          676    .text               c_w.l(h1_init.o)
    0x08006160   0x000000b2   Code   RO          690    .text               c_w.l(_printf_intcommon.o)
    0x08006212   0x00000002   PAD
    0x08006214   0x00000024   Code   RO          692    .text               c_w.l(_printf_char_file.o)
    0x08006238   0x00000016   Code   RO          695    .text               c_w.l(abort.o)
    0x0800624e   0x00000014   Code   RO          697    .text               c_w.l(assert_puts.o)
    0x08006262   0x0000007a   Code   RO          699    .text               c_w.l(rt_memmove_w.o)
    0x080062dc   0x00000008   Code   RO          750    .text               c_w.l(libspace.o)
    0x080062e4   0x00000034   Code   RO          772    .text               c_w.l(h1_extend.o)
    0x08006318   0x00000030   Code   RO          776    .text               c_w.l(_printf_char_common.o)
    0x08006348   0x00000008   Code   RO          778    .text               c_w.l(ferror.o)
    0x08006350   0x0000000e   Code   RO          782    .text               c_w.l(defsig_abrt_outer.o)
    0x0800635e   0x0000000e   Code   RO          786    .text               c_w.l(defsig_rtmem_outer.o)
    0x0800636c   0x0000004a   Code   RO          798    .text               c_w.l(sys_stackheap_outer.o)
    0x080063b6   0x00000012   Code   RO          806    .text               c_w.l(exit.o)
    0x080063c8   0x0000000a   Code   RO          808    .text               c_w.l(defsig_exit.o)
    0x080063d2   0x00000002   PAD
    0x080063d4   0x00000030   Code   RO          810    .text               c_w.l(defsig_abrt_inner.o)
    0x08006404   0x00000050   Code   RO          812    .text               c_w.l(defsig_rtmem_inner.o)
    0x08006454   0x00000032   Code   RO          832    .text               c_w.l(defsig_general.o)
    0x08006486   0x0000000e   Code   RO          626    i._is_digit         c_w.l(__printf_wp.o)
    0x08006494   0x00000018   Data   RO          412    .constdata          protobuf-c.o
    0x080064ac   0x000002d8   Data   RO          440    .constdata          protocol.pb-c.o
    0x08006784   0x00000400   Data   RO          467    .constdata          protocol.o
    0x08006b84   0x00000028   Data   RO          599    .constdata          c_w.l(_printf_hex_int.o)
    0x08006bac   0x00000011   Data   RO          629    .constdata          c_w.l(__printf_flags_wp.o)
    0x08006bbd   0x00000003   PAD
    0x08006bc0   0x00000047   Data   RO          413    .conststring        protobuf-c.o
    0x08006c07   0x00000001   PAD
    0x08006c08   0x000000e5   Data   RO          441    .conststring        protocol.pb-c.o
    0x08006ced   0x00000003   PAD
    0x08006cf0   0x00000020   Data   RO          876    Region$$Table       anon$$obj.o


    Execution Region RW_IRAM1 (Base: 0x20000000, Size: 0x00001268, Max: 0x0000c000, ABSOLUTE)

    Base Addr    Size         Type   Attr      Idx    E Section Name        Object

    0x20000000   0x00000014   Data   RW          110    .data               stm32f10x_rcc.o
    0x20000014   0x00000014   Data   RW          158    .data               system_stm32f10x.o
    0x20000028   0x00000004   Data   RW          372    .data               usart.o
    0x2000002c   0x00000004   Data   RW          394    .data               user_systick.o
    0x20000030   0x0000000c   Data   RW          414    .data               protobuf-c.o
    0x2000003c   0x00000060   Data   RW          442    .data               protocol.pb-c.o
    0x2000009c   0x00000004   Data   RW          468    .data               protocol.o
    0x200000a0   0x00000004   Data   RW          502    .data               systimer.o
    0x200000a4   0x00000164   Zero   RW          466    .bss                protocol.o
    0x20000208   0x00000060   Zero   RW          751    .bss                c_w.l(libspace.o)
    0x20000268   0x00000800   Zero   RW            2    HEAP                startup_stm32f10x_hd.o
    0x20000a68   0x00000800   Zero   RW            1    STACK               startup_stm32f10x_hd.o


==============================================================================

Image component sizes


      Code (inc. data)   RO Data    RW Data    ZI Data      Debug   Object Name

        56          0          0          0          0     239901   main.o
       220         22          0          0          0       1733   misc.o
     11524        580         95         12          0      49795   protobuf-c.o
       452         26       1024          4        356      10257   protocol.o
       744        210        957         96          0      12764   protocol.pb-c.o
        64         26        304          0       4096        804   startup_stm32f10x_hd.o
      1468         34          0          0          0       8142   stm32f10x_flash.o
       860         38          0          0          0     264665   stm32f10x_gpio.o
        32          0          0          0          0       1262   stm32f10x_it.o
       932         36          0         20          0       8836   stm32f10x_rcc.o
      3610         88          0          0          0      22776   stm32f10x_tim.o
      1032         22          0          0          0       8392   stm32f10x_usart.o
       480         38          0         20          0       1803   system_stm32f10x.o
       280          4          0          4          0       1727   systimer.o
       708         20          0          4          0       4113   usart.o
       192         12          0          4          0      16360   user_systick.o

    ----------------------------------------------------------------------
     22656       1156       2416        164       4452     653330   Object Totals
         0          0         32          0          0          0   (incl. Generated)
         2          0          4          0          0          0   (incl. Padding)

    ----------------------------------------------------------------------

      Code (inc. data)   RO Data    RW Data    ZI Data      Debug   Library Member Name

         8          0          0          0          0         68   __main.o
       312          4         17          0          0         92   __printf_flags_wp.o
        14          0          0          0          0         68   __printf_wp.o
         0          0          0          0          0          0   __rtentry.o
        12          0          0          0          0          0   __rtentry2.o
         6          0          0          0          0          0   __rtentry4.o
        52          8          0          0          0          0   __scatter.o
        26          0          0          0          0          0   __scatter_copy.o
        28          0          0          0          0          0   __scatter_zi.o
        48          6          0          0          0         96   _printf_char_common.o
        36          4          0          0          0         80   _printf_char_file.o
        88          4         40          0          0         88   _printf_hex_int.o
       178          0          0          0          0         88   _printf_intcommon.o
        78          0          0          0          0        108   _printf_pad.o
         0          0          0          0          0          0   _printf_percent.o
         4          0          0          0          0          0   _printf_percent_end.o
         6          0          0          0          0          0   _printf_x.o
        22          0          0          0          0         80   abort.o
       128         42          0          0          0         76   assert.o
        20          0          0          0          0         76   assert_puts.o
        48         34          0          0          0         76   defsig_abrt_inner.o
        14          0          0          0          0         80   defsig_abrt_outer.o
        10          0          0          0          0         68   defsig_exit.o
        50          0          0          0          0         88   defsig_general.o
        80         58          0          0          0         76   defsig_rtmem_inner.o
        14          0          0          0          0         80   defsig_rtmem_outer.o
        18          0          0          0          0         80   exit.o
         8          0          0          0          0         68   ferror.o
        94          0          0          0          0         80   h1_alloc.o
        52          0          0          0          0         68   h1_extend.o
        78          0          0          0          0         80   h1_free.o
        14          0          0          0          0         84   h1_init.o
         6          0          0          0          0        152   heapauxi.o
         4          0          0          0          0        136   hguard.o
       138          0          0          0          0        168   init_alloc.o
         2          0          0          0          0          0   libinit.o
        10          0          0          0          0          0   libinit2.o
         2          0          0          0          0          0   libshutdown.o
         2          0          0          0          0          0   libshutdown2.o
         8          4          0          0         96         68   libspace.o
        38          0          0          0          0         68   llshl.o
         0          0          0          0          0          0   maybetermalloc1.o
        24          4          0          0          0         84   noretval__2printf.o
         8          4          0          0          0         68   rt_heap_descriptor_intlibspace.o
        68          0          0          0          0         68   rt_memclr.o
        78          0          0          0          0         80   rt_memclr_w.o
       138          0          0          0          0         68   rt_memcpy_v6.o
       100          0          0          0          0         80   rt_memcpy_w.o
       132          0          0          0          0         68   rt_memmove_v6.o
       122          0          0          0          0         80   rt_memmove_w.o
         2          0          0          0          0          0   rtexit.o
        10          0          0          0          0          0   rtexit2.o
       128          0          0          0          0         68   strcmpv7m.o
        72          0          0          0          0         80   strcpy.o
        62          0          0          0          0         76   strlen.o
        74          0          0          0          0         80   sys_stackheap_outer.o
         2          0          0          0          0         68   use_no_semi.o
         2          0          0          0          0         68   use_no_semi_2.o

    ----------------------------------------------------------------------
      2788        172         60          0         96       3476   Library Totals
        10          0          3          0          0          0   (incl. Padding)

    ----------------------------------------------------------------------

      Code (inc. data)   RO Data    RW Data    ZI Data      Debug   Library Name

      2778        172         57          0         96       3476   c_w.l

    ----------------------------------------------------------------------
      2788        172         60          0         96       3476   Library Totals

    ----------------------------------------------------------------------

==============================================================================


      Code (inc. data)   RO Data    RW Data    ZI Data      Debug   

     25444       1328       2476        164       4548     653370   Grand Totals
     25444       1328       2476        164       4548     653370   ELF Image Totals
     25444       1328       2476        164          0          0   ROM Totals

==============================================================================

    Total RO  Size (Code + RO Data)                27920 (  27.27kB)
    Total RW  Size (RW Data + ZI Data)              4712 (   4.60kB)
    Total ROM Size (Code + RO Data + RW Data)      28084 (  27.43kB)

==============================================================================

