Component: ARM Compiler 5.06 update 1 (build 61) Tool: armlink [4d35a8]

==============================================================================

Section Cross References

    startup_stm32f10x_hd.o(STACK) refers (Special) to heapauxi.o(.text) for __use_two_region_memory
    startup_stm32f10x_hd.o(HEAP) refers (Special) to heapauxi.o(.text) for __use_two_region_memory
    startup_stm32f10x_hd.o(RESET) refers (Special) to heapauxi.o(.text) for __use_two_region_memory
    startup_stm32f10x_hd.o(RESET) refers to startup_stm32f10x_hd.o(STACK) for __initial_sp
    startup_stm32f10x_hd.o(RESET) refers to startup_stm32f10x_hd.o(.text) for Reset_Handler
    startup_stm32f10x_hd.o(RESET) refers to stm32f10x_it.o(.text) for NMI_Handler
    startup_stm32f10x_hd.o(RESET) refers to interrupt.o(.text) for EXTI9_5_IRQHandler
    startup_stm32f10x_hd.o(RESET) refers to systimer.o(.text) for TIM2_IRQHandler
    startup_stm32f10x_hd.o(RESET) refers to usart.o(.text) for USART1_IRQHandler
    startup_stm32f10x_hd.o(.text) refers (Special) to heapauxi.o(.text) for __use_two_region_memory
    startup_stm32f10x_hd.o(.text) refers to system_stm32f10x.o(.text) for SystemInit
    startup_stm32f10x_hd.o(.text) refers to __main.o(!!!main) for __main
    startup_stm32f10x_hd.o(.text) refers to startup_stm32f10x_hd.o(HEAP) for Heap_Mem
    startup_stm32f10x_hd.o(.text) refers to startup_stm32f10x_hd.o(STACK) for Stack_Mem
    stm32f10x_gpio.o(.text) refers to stm32f10x_rcc.o(.text) for RCC_APB2PeriphResetCmd
    stm32f10x_rcc.o(.text) refers to stm32f10x_rcc.o(.data) for APBAHBPrescTable
    stm32f10x_usart.o(.text) refers to stm32f10x_rcc.o(.text) for RCC_APB2PeriphResetCmd
    system_stm32f10x.o(.text) refers to system_stm32f10x.o(.data) for SystemCoreClock
    stm32f10x_adc.o(.text) refers to stm32f10x_rcc.o(.text) for RCC_APB2PeriphResetCmd
    stm32f10x_tim.o(.text) refers to stm32f10x_rcc.o(.text) for RCC_APB2PeriphResetCmd
    main.o(.text) refers to main.o(.emb_text) for MSR_MSP
    main.o(.text) refers to misc.o(.text) for NVIC_SetVectorTable
    main.o(.text) refers to system_stm32f10x.o(.text) for SystemInit
    main.o(.text) refers to stm32f10x_rcc.o(.text) for RCC_APB2PeriphClockCmd
    main.o(.text) refers to usart.o(.text) for uart1_init
    main.o(.text) refers to systimer.o(.text) for RCC_cfg
    main.o(.text) refers to main.o(.data) for jump2app
    main.o(.text) refers to protocol.o(.data) for mdevice
    stm32f10x_it.o(.text) refers to user_systick.o(.text) for TimingDelay_Decrement
    usart.o(.text) refers (Special) to use_no_semi_2.o(.text) for __use_no_semihosting
    usart.o(.text) refers to stm32f10x_usart.o(.text) for USART_ReceiveData
    usart.o(.text) refers to protocol.o(.text) for dispatchmessage
    usart.o(.text) refers to misc.o(.text) for NVIC_PriorityGroupConfig
    usart.o(.text) refers to stm32f10x_rcc.o(.text) for RCC_APB2PeriphClockCmd
    usart.o(.text) refers to stm32f10x_gpio.o(.text) for GPIO_PinRemapConfig
    usart.o(.text) refers to main.o(.text) for delay_nms
    usart.o(.text) refers to usart.o(.data) for buff_receive_index_uart1
    usart.o(.text) refers to usart.o(.bss) for buff_receive_uart1
    usart.o(.text) refers to usart.o(.constdata) for .constdata
    usart.o(.bss) refers (Special) to use_no_semi_2.o(.text) for __use_no_semihosting
    usart.o(.constdata) refers (Special) to use_no_semi_2.o(.text) for __use_no_semihosting
    usart.o(.data) refers (Special) to use_no_semi_2.o(.text) for __use_no_semihosting
    user_systick.o(.text) refers to misc.o(.text) for SysTick_CLKSourceConfig
    user_systick.o(.text) refers to user_systick.o(.data) for TimingDelay
    arduino_gpio.o(.text) refers to stm32f10x_gpio.o(.text) for GPIO_Init
    lcd.o(.text) refers to arduino_gpio.o(.text) for digitalWrite
    lcd.o(.text) refers to main.o(.text) for delay_nms
    lcd.o(.text) refers to stm32f10x_rcc.o(.text) for RCC_APB2PeriphClockCmd
    lcd.o(.text) refers to llsdiv.o(.text) for __aeabi_ldivmod
    lcd.o(.text) refers to lcd.o(.data) for pin_wr
    lcd.o(.text) refers to lcd.o(.constdata) for nums
    protobuf-c.o(.text) refers to h1_alloc.o(.text) for malloc
    protobuf-c.o(.text) refers to h1_free.o(.text) for free
    protobuf-c.o(.text) refers to rt_memcpy_v6.o(.text) for __aeabi_memcpy
    protobuf-c.o(.text) refers to strlen.o(.text) for strlen
    protobuf-c.o(.text) refers to assert.o(.text) for __aeabi_assert
    protobuf-c.o(.text) refers to protobuf-c.o(.data) for protobuf_c__allocator
    protobuf-c.o(.text) refers to protobuf-c.o(.conststring) for .conststring
    protobuf-c.o(.text) refers to rt_memmove_v6.o(.text) for __aeabi_memmove
    protobuf-c.o(.text) refers to rt_memcpy_w.o(.text) for __aeabi_memcpy4
    protobuf-c.o(.text) refers to protobuf-c.o(.constdata) for .constdata
    protobuf-c.o(.text) refers to rt_memclr.o(.text) for __aeabi_memclr
[...]
    .constdata                               0x08007070   Section       16  usart.o(.constdata)
    .constdata                               0x08007080   Section       24  protobuf-c.o(.constdata)
    .constdata                               0x08007098   Section     3840  protocol.pb-c.o(.constdata)
    message__message_type__enum_values_by_number 0x08007098   Data         156  protocol.pb-c.o(.constdata)
    message__message_type__value_ranges      0x08007134   Data          16  protocol.pb-c.o(.constdata)
    message__message_type__enum_values_by_name 0x08007144   Data         104  protocol.pb-c.o(.constdata)
    message__method__enum_values_by_number   0x080071e8   Data          36  protocol.pb-c.o(.constdata)
    message__method__value_ranges            0x0800720c   Data          16  protocol.pb-c.o(.constdata)
    message__method__enum_values_by_name     0x0800721c   Data          24  protocol.pb-c.o(.constdata)
    message__device_type__enum_values_by_number 0x08007270   Data          24  protocol.pb-c.o(.constdata)
    message__device_type__value_ranges       0x08007288   Data          16  protocol.pb-c.o(.constdata)
    message__device_type__enum_values_by_name 0x08007298   Data          16  protocol.pb-c.o(.constdata)
    message__field_descriptors               0x080072e4   Data         264  protocol.pb-c.o(.constdata)
    message__field_indices_by_name           0x080073ec   Data          24  protocol.pb-c.o(.constdata)
    message__number_ranges                   0x08007404   Data          16  protocol.pb-c.o(.constdata)
    message__massproduction__download__field_descriptors 0x08007450   Data          88  protocol.pb-c.o(.constdata)
    message__massproduction__download__field_indices_by_name 0x080074a8   Data           8  protocol.pb-c.o(.constdata)
    message__massproduction__download__number_ranges 0x080074b0   Data          16  protocol.pb-c.o(.constdata)
    message__scan__condition__enum_values_by_number 0x080074fc   Data          24  protocol.pb-c.o(.constdata)
    message__scan__condition__value_ranges   0x08007514   Data          16  protocol.pb-c.o(.constdata)
    message__scan__condition__enum_values_by_name 0x08007524   Data          16  protocol.pb-c.o(.constdata)
    message__scan__type__enum_values_by_number 0x08007570   Data          24  protocol.pb-c.o(.constdata)
    message__scan__type__value_ranges        0x08007588   Data          16  protocol.pb-c.o(.constdata)
    message__scan__type__enum_values_by_name 0x08007598   Data          16  protocol.pb-c.o(.constdata)
    message__scan__manufacturer__enum_values_by_number 0x080075e4   Data          12  protocol.pb-c.o(.constdata)
    message__scan__manufacturer__value_ranges 0x080075f0   Data          16  protocol.pb-c.o(.constdata)
    message__scan__manufacturer__enum_values_by_name 0x08007600   Data           8  protocol.pb-c.o(.constdata)
    message__scan__field_descriptors         0x08007644   Data         220  protocol.pb-c.o(.constdata)
    message__scan__field_indices_by_name     0x08007720   Data          20  protocol.pb-c.o(.constdata)
    message__scan__number_ranges             0x08007734   Data          16  protocol.pb-c.o(.constdata)
    message__connect__condition__enum_values_by_number 0x08007780   Data          24  protocol.pb-c.o(.constdata)
    message__connect__condition__value_ranges 0x08007798   Data          16  protocol.pb-c.o(.constdata)
    message__connect__condition__enum_values_by_name 0x080077a8   Data          16  protocol.pb-c.o(.constdata)
    message__connect__field_descriptors      0x080077f4   Data          44  protocol.pb-c.o(.constdata)
    message__connect__field_indices_by_name  0x08007820   Data           4  protocol.pb-c.o(.constdata)
    message__connect__number_ranges          0x08007824   Data          16  protocol.pb-c.o(.constdata)
    message__disconnect__condition__enum_values_by_number 0x08007870   Data          24  protocol.pb-c.o(.constdata)
    message__disconnect__condition__value_ranges 0x08007888   Data          16  protocol.pb-c.o(.constdata)
    message__disconnect__condition__enum_values_by_name 0x08007898   Data          16  protocol.pb-c.o(.constdata)
    message__disconnect__field_descriptors   0x080078e4   Data          44  protocol.pb-c.o(.constdata)
    message__disconnect__field_indices_by_name 0x08007910   Data           4  protocol.pb-c.o(.constdata)
    message__disconnect__number_ranges       0x08007914   Data          16  protocol.pb-c.o(.constdata)
    message__heartbeat__condition__enum_values_by_number 0x08007960   Data          24  protocol.pb-c.o(.constdata)
    message__heartbeat__condition__value_ranges 0x08007978   Data          16  protocol.pb-c.o(.constdata)
    message__heartbeat__condition__enum_values_by_name 0x08007988   Data          16  protocol.pb-c.o(.constdata)
    message__heartbeat__field_descriptors    0x080079d4   Data          44  protocol.pb-c.o(.constdata)
    message__heartbeat__field_indices_by_name 0x08007a00   Data           4  protocol.pb-c.o(.constdata)
    message__heartbeat__number_ranges        0x08007a04   Data          16  protocol.pb-c.o(.constdata)
    message__battery__field_descriptors      0x08007a50   Data          44  protocol.pb-c.o(.constdata)
    message__battery__field_indices_by_name  0x08007a7c   Data           4  protocol.pb-c.o(.constdata)
    message__battery__number_ranges          0x08007a80   Data          16  protocol.pb-c.o(.constdata)
    message__mark__field_descriptors         0x08007acc   Data          44  protocol.pb-c.o(.constdata)
    message__mark__field_indices_by_name     0x08007af8   Data           4  protocol.pb-c.o(.constdata)
    message__mark__number_ranges             0x08007afc   Data          16  protocol.pb-c.o(.constdata)
    message__reset__condition__enum_values_by_number 0x08007b48   Data          24  protocol.pb-c.o(.constdata)
    message__reset__condition__value_ranges  0x08007b60   Data          16  protocol.pb-c.o(.constdata)
    message__reset__condition__enum_values_by_name 0x08007b70   Data          16  protocol.pb-c.o(.constdata)
    message__reset__field_descriptors        0x08007bbc   Data          44  protocol.pb-c.o(.constdata)
    message__reset__field_indices_by_name    0x08007be8   Data           4  protocol.pb-c.o(.constdata)
    message__reset__number_ranges            0x08007bec   Data          16  protocol.pb-c.o(.constdata)
    message__flash__condition__enum_values_by_number 0x08007c38   Data          24  protocol.pb-c.o(.constdata)
    message__flash__condition__value_ranges  0x08007c50   Data          16  protocol.pb-c.o(.constdata)
    message__flash__condition__enum_values_by_name 0x08007c60   Data          16  protocol.pb-c.o(.constdata)
    message__flash__field_descriptors        0x08007cac   Data         132  protocol.pb-c.o(.constdata)
    message__flash__field_indices_by_name    0x08007d30   Data          12  protocol.pb-c.o(.constdata)
    message__flash__number_ranges            0x08007d3c   Data          16  protocol.pb-c.o(.constdata)
    device__type__enum_values_by_number      0x08007d88   Data          24  protocol.pb-c.o(.constdata)
    device__type__value_ranges               0x08007da0   Data          16  protocol.pb-c.o(.constdata)
    device__type__enum_values_by_name        0x08007db0   Data          16  protocol.pb-c.o(.constdata)
    device__manufacturer__enum_values_by_number 0x08007dfc   Data          12  protocol.pb-c.o(.constdata)
    device__manufacturer__value_ranges       0x08007e08   Data          16  protocol.pb-c.o(.constdata)
    device__manufacturer__enum_values_by_name 0x08007e18   Data           8  protocol.pb-c.o(.constdata)
    device__field_descriptors                0x08007e5c   Data         220  protocol.pb-c.o(.constdata)
    device__field_indices_by_name            0x08007f38   Data          20  protocol.pb-c.o(.constdata)
    device__number_ranges                    0x08007f4c   Data          16  protocol.pb-c.o(.constdata)
    .constdata                               0x08007f98   Section      272  protocol.o(.constdata)
    .conststring                             0x080080a8   Section       71  protobuf-c.o(.conststring)
    .conststring                             0x080080f0   Section     2821  protocol.pb-c.o(.conststring)
    .data                                    0x20000000   Section       20  stm32f10x_rcc.o(.data)
    APBAHBPrescTable                         0x20000000   Data          16  stm32f10x_rcc.o(.data)
    ADCPrescTable                            0x20000010   Data           4  stm32f10x_rcc.o(.data)
    .data                                    0x20000014   Section       20  system_stm32f10x.o(.data)
    .data                                    0x20000028   Section       20  main.o(.data)
    .data                                    0x2000003c   Section       12  usart.o(.data)
    .data                                    0x20000048   Section        4  user_systick.o(.data)
    TimingDelay                              0x20000048   Data           4  user_systick.o(.data)
    .data                                    0x2000004c   Section       12  protobuf-c.o(.data)
    protobuf_c__allocator                    0x2000004c   Data          12  protobuf-c.o(.data)
    .data                                    0x20000058   Section      352  protocol.pb-c.o(.data)
    init_value                               0x20000058   Data          64  protocol.pb-c.o(.data)
    init_value                               0x20000098   Data          32  protocol.pb-c.o(.data)
    init_value                               0x200000b8   Data          56  protocol.pb-c.o(.data)
    init_value                               0x200000f0   Data          20  protocol.pb-c.o(.data)
    init_value                               0x20000104   Data          20  protocol.pb-c.o(.data)
    init_value                               0x20000118   Data          20  protocol.pb-c.o(.data)
    init_value                               0x2000012c   Data          20  protocol.pb-c.o(.data)
    init_value                               0x20000140   Data          16  protocol.pb-c.o(.data)
    init_value                               0x20000150   Data          20  protocol.pb-c.o(.data)
    init_value                               0x20000164   Data          36  protocol.pb-c.o(.data)
    init_value                               0x20000188   Data          48  protocol.pb-c.o(.data)
    .data                                    0x200001b8   Section       64  protocol.o(.data)
    .data                                    0x200001f8   Section        4  systimer.o(.data)
    .bss                                     0x200001fc   Section      200  usart.o(.bss)
    .bss                                     0x200002c4   Section       13  protocol.o(.bss)
    .bss                                     0x200002d4   Section       96  libspace.o(.bss)
    HEAP                                     0x20000338   Section      512  startup_stm32f10x_hd.o(HEAP)
    Heap_Mem                                 0x20000338   Data         512  startup_stm32f10x_hd.o(HEAP)
    STACK                                    0x20000538   Section     1024  startup_stm32f10x_hd.o(STACK)
    Stack_Mem                                0x20000538   Data        1024  startup_stm32f10x_hd.o(STACK)
    __initial_sp                             0x20000938   Data           0  startup_stm32f10x_hd.o(STACK)

    Global Symbols

    Symbol Name                              Value     Ov Type        Size  Object(Section)

    BuildAttributes$$THM_ISAv4$P$D$K$B$S$PE$A:L22UL41UL21$X:L11$S22US41US21$IEEE1$IW$USESV6$~STKCKD$USESV7$~SHL$OTIME$ROPI$EBA8$UX$STANDARDLIB$REQ8$PRES8$EABIv2 0x00000000   Number         0  anon$$obj.o ABSOLUTE
    __ARM_use_no_argv                        0x00000000   Number         0  main.o ABSOLUTE
    __ARM_exceptions_init                     - Undefined Weak Reference
    __alloca_initialize                       - Undefined Weak Reference
    __arm_preinit_                            - Undefined Weak Reference
    __cpp_initialize__aeabi_                  - Undefined Weak Reference
    __cxa_finalize                            - Undefined Weak Reference
    __rt_locale                               - Undefined Weak Reference
    __sigvec_lookup                           - Undefined Weak Reference
    __user_heap_extent                        - Undefined Weak Reference
    _atexit_init                              - Undefined Weak Reference
    _call_atexit_fns                          - Undefined Weak Reference
    _clock_init                               - Undefined Weak Reference
    _fp_trap_init                             - Undefined Weak Reference
    _fp_trap_shutdown                         - Undefined Weak Reference
    _get_lc_collate                           - Undefined Weak Reference
    _get_lc_ctype                             - Undefined Weak Reference
    _get_lc_monetary                          - Undefined Weak Reference
    _get_lc_numeric                           - Undefined Weak Reference
    _get_lc_time                              - Undefined Weak Reference
    _getenv_init                              - Undefined Weak Reference
    _handle_redirection                       - Undefined Weak Reference
    _initio                                   - Undefined Weak Reference
    _mutex_acquire                            - Undefined Weak Reference
    _mutex_free                               - Undefined Weak Reference
    _mutex_release                            - Undefined Weak Reference
    _printf_post_padding                      - Undefined Weak Reference
    _printf_pre_padding                       - Undefined Weak Reference
    _printf_truncate_signed                   - Undefined Weak Reference
    _printf_truncate_unsigned                 - Undefined Weak Reference
    _rand_init                                - Undefined Weak Reference
    _signal_finish                            - Undefined Weak Reference
    _signal_init                              - Undefined Weak Reference
    _terminateio                              - Undefined Weak Reference
    __Vectors_Size                           0x00000130   Number         0  startup_stm32f10x_hd.o ABSOLUTE
    __Vectors                                0x08000000   Data           4  startup_stm32f10x_hd.o(RESET)
    __Vectors_End                            0x08000130   Data           0  startup_stm32f10x_hd.o(RESET)
    __main                                   0x08000131   Thumb Code     8  __main.o(!!!main)
    __scatterload                            0x08000139   Thumb Code     0  __scatter.o(!!!scatter)
    __scatterload_rt2                        0x08000139   Thumb Code    44  __scatter.o(!!!scatter)
    __scatterload_rt2_thumb_only             0x08000139   Thumb Code     0  __scatter.o(!!!scatter)
    __scatterload_null                       0x08000147   Thumb Code     0  __scatter.o(!!!scatter)
    __decompress                             0x0800016d   Thumb Code    90  __dczerorl2.o(!!dczerorl2)
    __decompress1                            0x0800016d   Thumb Code     0  __dczerorl2.o(!!dczerorl2)
    __scatterload_zeroinit                   0x080001c9   Thumb Code    28  __scatter_zi.o(!!handler_zi)
    _printf_d                                0x080001e5   Thumb Code     0  _printf_d.o(.ARM.Collect$$_printf_percent$$00000009)
    _printf_percent                          0x080001e5   Thumb Code     0  _printf_percent.o(.ARM.Collect$$_printf_percent$$00000000)
    _printf_percent_end                      0x080001eb   Thumb Code     0  _printf_percent_end.o(.ARM.Collect$$_printf_percent$$00000017)
    __rt_lib_init                            0x080001ef   Thumb Code     0  libinit.o(.ARM.Collect$$libinit$$00000000)
    __rt_lib_init_fp_1                       0x080001f1   Thumb Code     0  libinit2.o(.ARM.Collect$$libinit$$00000002)
    __rt_lib_init_heap_2                     0x080001f1   Thumb Code     0  libinit2.o(.ARM.Collect$$libinit$$00000005)
    __rt_lib_init_preinit_1                  0x080001f1   Thumb Code     0  libinit2.o(.ARM.Collect$$libinit$$00000004)
    __rt_lib_init_alloca_1                   0x080001f9   Thumb Code     0  libinit2.o(.ARM.Collect$$libinit$$0000002E)
    __rt_lib_init_argv_1                     0x080001f9   Thumb Code     0  libinit2.o(.ARM.Collect$$libinit$$0000002C)
    __rt_lib_init_atexit_1                   0x080001f9   Thumb Code     0  libinit2.o(.ARM.Collect$$libinit$$0000001B)
    __rt_lib_init_clock_1                    0x080001f9   Thumb Code     0  libinit2.o(.ARM.Collect$$libinit$$00000021)
    __rt_lib_init_cpp_1                      0x080001f9   Thumb Code     0  libinit2.o(.ARM.Collect$$libinit$$00000032)
    __rt_lib_init_exceptions_1               0x080001f9   Thumb Code     0  libinit2.o(.ARM.Collect$$libinit$$00000030)
    __rt_lib_init_fp_trap_1                  0x080001f9   Thumb Code     0  libinit2.o(.ARM.Collect$$libinit$$0000001F)
    __rt_lib_init_getenv_1                   0x080001f9   Thumb Code     0  libinit2.o(.ARM.Collect$$libinit$$00000023)
    __rt_lib_init_heap_1                     0x080001f9   Thumb Code     0  libinit2.o(.ARM.Collect$$libinit$$0000000A)
    __rt_lib_init_lc_collate_1               0x080001f9   Thumb Code     0  libinit2.o(.ARM.Collect$$libinit$$00000011)
    __rt_lib_init_lc_ctype_1                 0x080001f9   Thumb Code     0  libinit2.o(.ARM.Collect$$libinit$$00000013)
    __rt_lib_init_lc_monetary_1              0x080001f9   Thumb Code     0  libinit2.o(.ARM.Collect$$libinit$$00000015)
    __rt_lib_init_lc_numeric_1               0x080001f9   Thumb Code     0  libinit2.o(.ARM.Collect$$libinit$$00000017)
    __rt_lib_init_lc_time_1                  0x080001f9   Thumb Code     0  libinit2.o(.ARM.Collect$$libinit$$00000019)
    __rt_lib_init_rand_1                     0x080001f9   Thumb Code     0  libinit2.o(.ARM.Collect$$libinit$$0000000E)
    __rt_lib_init_return                     0x080001f9   Thumb Code     0  libinit2.o(.ARM.Collect$$libinit$$00000033)
    __rt_lib_init_signal_1                   0x080001f9   Thumb Code     0  libinit2.o(.ARM.Collect$$libinit$$0000001D)
    __rt_lib_init_stdio_1                    0x080001f9   Thumb Code     0  libinit2.o(.ARM.Collect$$libinit$$00000025)
    __rt_lib_init_user_alloc_1               0x080001f9   Thumb Code     0  libinit2.o(.ARM.Collect$$libinit$$0000000C)
    __rt_lib_shutdown                        0x080001fb   Thumb Code     0  libshutdown.o(.ARM.Collect$$libshutdown$$00000000)
    __rt_lib_shutdown_cpp_1                  0x080001fd   Thumb Code     0  libshutdown2.o(.ARM.Collect$$libshutdown$$00000002)
    __rt_lib_shutdown_fp_trap_1              0x080001fd   Thumb Code     0  libshutdown2.o(.ARM.Collect$$libshutdown$$00000007)
    __rt_lib_shutdown_heap_1                 0x080001fd   Thumb Code     0  libshutdown2.o(.ARM.Collect$$libshutdown$$0000000F)
    __rt_lib_shutdown_return                 0x080001fd   Thumb Code     0  libshutdown2.o(.ARM.Collect$$libshutdown$$00000010)
    __rt_lib_shutdown_signal_1               0x080001fd   Thumb Code     0  libshutdown2.o(.ARM.Collect$$libshutdown$$0000000A)
    __rt_lib_shutdown_stdio_1                0x080001fd   Thumb Code     0  libshutdown2.o(.ARM.Collect$$libshutdown$$00000004)
    __rt_lib_shutdown_user_alloc_1           0x080001fd   Thumb Code     0  libshutdown2.o(.ARM.Collect$$libshutdown$$0000000C)
    __rt_entry                               0x080001ff   Thumb Code     0  __rtentry.o(.ARM.Collect$$rtentry$$00000000)
    __rt_entry_presh_1                       0x080001ff   Thumb Code     0  __rtentry2.o(.ARM.Collect$$rtentry$$00000002)
    __rt_entry_sh                            0x080001ff   Thumb Code     0  __rtentry4.o(.ARM.Collect$$rtentry$$00000004)
    __rt_entry_li                            0x08000205   Thumb Code     0  __rtentry2.o(.ARM.Collect$$rtentry$$0000000A)
    __rt_entry_postsh_1                      0x08000205   Thumb Code     0  __rtentry2.o(.ARM.Collect$$rtentry$$00000009)
    __rt_entry_main                          0x08000209   Thumb Code     0  __rtentry2.o(.ARM.Collect$$rtentry$$0000000D)
    __rt_entry_postli_1                      0x08000209   Thumb Code     0  __rtentry2.o(.ARM.Collect$$rtentry$$0000000C)
    __rt_exit                                0x08000211   Thumb Code     0  rtexit.o(.ARM.Collect$$rtexit$$00000000)
    __rt_exit_ls                             0x08000213   Thumb Code     0  rtexit2.o(.ARM.Collect$$rtexit$$00000003)
    __rt_exit_prels_1                        0x08000213   Thumb Code     0  rtexit2.o(.ARM.Collect$$rtexit$$00000002)
    __rt_exit_exit                           0x08000217   Thumb Code     0  rtexit2.o(.ARM.Collect$$rtexit$$00000004)
    MSR_MSP                                  0x0800021d   Thumb Code     6  main.o(.emb_text)
    Reset_Handler                            0x08000225   Thumb Code     8  startup_stm32f10x_hd.o(.text)
    _maybe_terminate_alloc                   0x08000225   Thumb Code     0  maybetermalloc1.o(.emb_text)
    ADC1_2_IRQHandler                        0x0800023f   Thumb Code     0  startup_stm32f10x_hd.o(.text)
    ADC3_IRQHandler                          0x0800023f   Thumb Code     0  startup_stm32f10x_hd.o(.text)
    CAN1_RX1_IRQHandler                      0x0800023f   Thumb Code     0  startup_stm32f10x_hd.o(.text)
    CAN1_SCE_IRQHandler                      0x0800023f   Thumb Code     0  startup_stm32f10x_hd.o(.text)
    DMA1_Channel1_IRQHandler                 0x0800023f   Thumb Code     0  startup_stm32f10x_hd.o(.text)
    DMA1_Channel2_IRQHandler                 0x0800023f   Thumb Code     0  startup_stm32f10x_hd.o(.text)
    DMA1_Channel3_IRQHandler                 0x0800023f   Thumb Code     0  startup_stm32f10x_hd.o(.text)
    DMA1_Channel4_IRQHandler                 0x0800023f   Thumb Code     0  startup_stm32f10x_hd.o(.text)
    DMA1_Channel5_IRQHandler                 0x0800023f   Thumb Code     0  startup_stm32f10x_hd.o(.text)
    DMA1_Channel6_IRQHandler                 0x0800023f   Thumb Code     0  startup_stm32f10x_hd.o(.text)
    DMA1_Channel7_IRQHandler                 0x0800023f   Thumb Code     0  startup_stm32f10x_hd.o(.text)
    DMA2_Channel1_IRQHandler                 0x0800023f   Thumb Code     0  startup_stm32f10x_hd.o(.text)
    DMA2_Channel2_IRQHandler                 0x0800023f   Thumb Code     0  startup_stm32f10x_hd.o(.text)
    DMA2_Channel3_IRQHandler                 0x0800023f   Thumb Code     0  startup_stm32f10x_hd.o(.text)
    DMA2_Channel4_5_IRQHandler               0x0800023f   Thumb Code     0  startup_stm32f10x_hd.o(.text)
    EXTI0_IRQHandler                         0x0800023f   Thumb Code     0  startup_stm32f10x_hd.o(.text)
    EXTI1_IRQHandler                         0x0800023f   Thumb Code     0  startup_stm32f10x_hd.o(.text)
    EXTI2_IRQHandler                         0x0800023f   Thumb Code     0  startup_stm32f10x_hd.o(.text)
    EXTI3_IRQHandler                         0x0800023f   Thumb Code     0  startup_stm32f10x_hd.o(.text)
    EXTI4_IRQHandler                         0x0800023f   Thumb Code     0  startup_stm32f10x_hd.o(.text)
    FLASH_IRQHandler                         0x0800023f   Thumb Code     0  startup_stm32f10x_hd.o(.text)
    FSMC_IRQHandler                          0x0800023f   Thumb Code     0  startup_stm32f10x_hd.o(.text)
    I2C1_ER_IRQHandler                       0x0800023f   Thumb Code     0  startup_stm32f10x_hd.o(.text)
    I2C1_EV_IRQHandler                       0x0800023f   Thumb Code     0  startup_stm32f10x_hd.o(.text)
    I2C2_ER_IRQHandler                       0x0800023f   Thumb Code     0  startup_stm32f10x_hd.o(.text)
    I2C2_EV_IRQHandler                       0x0800023f   Thumb Code     0  startup_stm32f10x_hd.o(.text)
    PVD_IRQHandler                           0x0800023f   Thumb Code     0  startup_stm32f10x_hd.o(.text)
    RCC_IRQHandler                           0x0800023f   Thumb Code     0  startup_stm32f10x_hd.o(.text)
    RTCAlarm_IRQHandler                      0x0800023f   Thumb Code     0  startup_stm32f10x_hd.o(.text)
    RTC_IRQHandler                           0x0800023f   Thumb Code     0  startup_stm32f10x_hd.o(.text)
    SDIO_IRQHandler                          0x0800023f   Thumb Code     0  startup_stm32f10x_hd.o(.text)
    SPI1_IRQHandler                          0x0800023f   Thumb Code     0  startup_stm32f10x_hd.o(.text)
    SPI2_IRQHandler                          0x0800023f   Thumb Code     0  startup_stm32f10x_hd.o(.text)
    SPI3_IRQHandler                          0x0800023f   Thumb Code     0  startup_stm32f10x_hd.o(.text)
    TAMPER_IRQHandler                        0x0800023f   Thumb Code     0  startup_stm32f10x_hd.o(.text)
    TIM1_BRK_IRQHandler                      0x0800023f   Thumb Code     0  startup_stm32f10x_hd.o(.text)
    TIM1_CC_IRQHandler                       0x0800023f   Thumb Code     0  startup_stm32f10x_hd.o(.text)
    TIM1_TRG_COM_IRQHandler                  0x0800023f   Thumb Code     0  startup_stm32f10x_hd.o(.text)
    TIM1_UP_IRQHandler                       0x0800023f   Thumb Code     0  startup_stm32f10x_hd.o(.text)
    TIM3_IRQHandler                          0x0800023f   Thumb Code     0  startup_stm32f10x_hd.o(.text)
    TIM4_IRQHandler                          0x0800023f   Thumb Code     0  startup_stm32f10x_hd.o(.text)
    TIM5_IRQHandler                          0x0800023f   Thumb Code     0  startup_stm32f10x_hd.o(.text)
    TIM6_IRQHandler                          0x0800023f   Thumb Code     0  startup_stm32f10x_hd.o(.text)
    TIM7_IRQHandler                          0x0800023f   Thumb Code     0  startup_stm32f10x_hd.o(.text)
    TIM8_BRK_IRQHandler                      0x0800023f   Thumb Code     0  startup_stm32f10x_hd.o(.text)
    TIM8_CC_IRQHandler                       0x0800023f   Thumb Code     0  startup_stm32f10x_hd.o(.text)
    TIM8_TRG_COM_IRQHandler                  0x0800023f   Thumb Code     0  startup_stm32f10x_hd.o(.text)
    TIM8_UP_IRQHandler                       0x0800023f   Thumb Code     0  startup_stm32f10x_hd.o(.text)
    UART5_IRQHandler                         0x0800023f   Thumb Code     0  startup_stm32f10x_hd.o(.text)
    USART2_IRQHandler                        0x0800023f   Thumb Code     0  startup_stm32f10x_hd.o(.text)
    USART3_IRQHandler                        0x0800023f   Thumb Code     0  startup_stm32f10x_hd.o(.text)
    USBWakeUp_IRQHandler                     0x0800023f   Thumb Code     0  startup_stm32f10x_hd.o(.text)
    USB_HP_CAN1_TX_IRQHandler                0x0800023f   Thumb Code     0  startup_stm32f10x_hd.o(.text)
    USB_LP_CAN1_RX0_IRQHandler               0x0800023f   Thumb Code     0  startup_stm32f10x_hd.o(.text)
    WWDG_IRQHandler                          0x0800023f   Thumb Code     0  startup_stm32f10x_hd.o(.text)
    __user_initial_stackheap                 0x08000241   Thumb Code     0  startup_stm32f10x_hd.o(.text)
    GPIO_DeInit                              0x08000265   Thumb Code   172  stm32f10x_gpio.o(.text)
    GPIO_AFIODeInit                          0x08000311   Thumb Code    20  stm32f10x_gpio.o(.text)
    GPIO_Init                                0x08000325   Thumb Code   278  stm32f10x_gpio.o(.text)
    GPIO_StructInit                          0x0800043b   Thumb Code    16  stm32f10x_gpio.o(.text)
    GPIO_ReadInputDataBit                    0x0800044b   Thumb Code    18  stm32f10x_gpio.o(.text)
    GPIO_ReadInputData                       0x0800045d   Thumb Code     8  stm32f10x_gpio.o(.text)
    GPIO_ReadOutputDataBit                   0x08000465   Thumb Code    18  stm32f10x_gpio.o(.text)
    GPIO_ReadOutputData                      0x08000477   Thumb Code     8  stm32f10x_gpio.o(.text)
    GPIO_SetBits                             0x0800047f   Thumb Code     4  stm32f10x_gpio.o(.text)
    GPIO_ResetBits                           0x08000483   Thumb Code     4  stm32f10x_gpio.o(.text)
    GPIO_WriteBit                            0x08000487   Thumb Code    10  stm32f10x_gpio.o(.text)
    GPIO_Write                               0x08000491   Thumb Code     4  stm32f10x_gpio.o(.text)
    GPIO_PinLockConfig                       0x08000495   Thumb Code    18  stm32f10x_gpio.o(.text)
    GPIO_EventOutputConfig                   0x080004a7   Thumb Code    26  stm32f10x_gpio.o(.text)
    GPIO_EventOutputCmd                      0x080004c1   Thumb Code     6  stm32f10x_gpio.o(.text)
    GPIO_PinRemapConfig                      0x080004c7   Thumb Code   138  stm32f10x_gpio.o(.text)
    GPIO_EXTILineConfig                      0x08000551   Thumb Code    66  stm32f10x_gpio.o(.text)
    GPIO_ETH_MediaInterfaceConfig            0x08000593   Thumb Code     8  stm32f10x_gpio.o(.text)
    RCC_DeInit                               0x080005c1   Thumb Code    64  stm32f10x_rcc.o(.text)
    RCC_HSEConfig                            0x08000601   Thumb Code    70  stm32f10x_rcc.o(.text)
    RCC_GetFlagStatus                        0x08000647   Thumb Code    56  stm32f10x_rcc.o(.text)
    RCC_WaitForHSEStartUp                    0x0800067f   Thumb Code    56  stm32f10x_rcc.o(.text)
    RCC_AdjustHSICalibrationValue            0x080006b7   Thumb Code    20  stm32f10x_rcc.o(.text)
    RCC_HSICmd                               0x080006cb   Thumb Code     6  stm32f10x_rcc.o(.text)
    RCC_PLLConfig                            0x080006d1   Thumb Code    24  stm32f10x_rcc.o(.text)
    RCC_PLLCmd                               0x080006e9   Thumb Code     6  stm32f10x_rcc.o(.text)
    RCC_SYSCLKConfig                         0x080006ef   Thumb Code    18  stm32f10x_rcc.o(.text)
    RCC_GetSYSCLKSource                      0x08000701   Thumb Code    10  stm32f10x_rcc.o(.text)
    RCC_HCLKConfig                           0x0800070b   Thumb Code    18  stm32f10x_rcc.o(.text)
    RCC_PCLK1Config                          0x0800071d   Thumb Code    18  stm32f10x_rcc.o(.text)
    RCC_PCLK2Config                          0x0800072f   Thumb Code    20  stm32f10x_rcc.o(.text)
    RCC_ITConfig                             0x08000743   Thumb Code    26  stm32f10x_rcc.o(.text)
    RCC_USBCLKConfig                         0x0800075d   Thumb Code     8  stm32f10x_rcc.o(.text)
    RCC_ADCCLKConfig                         0x08000765   Thumb Code    18  stm32f10x_rcc.o(.text)
    RCC_LSEConfig                            0x08000777   Thumb Code    50  stm32f10x_rcc.o(.text)
    RCC_LSICmd                               0x080007a9   Thumb Code     6  stm32f10x_rcc.o(.text)
    RCC_RTCCLKConfig                         0x080007af   Thumb Code    12  stm32f10x_rcc.o(.text)
    RCC_RTCCLKCmd                            0x080007bb   Thumb Code     8  stm32f10x_rcc.o(.text)
    RCC_GetClocksFreq                        0x080007c3   Thumb Code   192  stm32f10x_rcc.o(.text)
    RCC_AHBPeriphClockCmd                    0x08000883   Thumb Code    26  stm32f10x_rcc.o(.text)
    RCC_APB2PeriphClockCmd                   0x0800089d   Thumb Code    26  stm32f10x_rcc.o(.text)
    RCC_APB1PeriphClockCmd                   0x080008b7   Thumb Code    26  stm32f10x_rcc.o(.text)
    RCC_APB2PeriphResetCmd                   0x080008d1   Thumb Code    26  stm32f10x_rcc.o(.text)
    RCC_APB1PeriphResetCmd                   0x080008eb   Thumb Code    26  stm32f10x_rcc.o(.text)
    RCC_BackupResetCmd                       0x08000905   Thumb Code     8  stm32f10x_rcc.o(.text)
    RCC_ClockSecuritySystemCmd               0x0800090d   Thumb Code     6  stm32f10x_rcc.o(.text)
    RCC_MCOConfig                            0x08000913   Thumb Code     6  stm32f10x_rcc.o(.text)
    RCC_ClearFlag                            0x08000919   Thumb Code    14  stm32f10x_rcc.o(.text)
    RCC_GetITStatus                          0x08000927   Thumb Code    20  stm32f10x_rcc.o(.text)
    RCC_ClearITPendingBit                    0x0800093b   Thumb Code     6  stm32f10x_rcc.o(.text)
    USART_DeInit                             0x08000965   Thumb Code   134  stm32f10x_usart.o(.text)
    USART_Init                               0x080009eb   Thumb Code   210  stm32f10x_usart.o(.text)
    USART_StructInit                         0x08000abd   Thumb Code    24  stm32f10x_usart.o(.text)
    USART_ClockInit                          0x08000ad5   Thumb Code    34  stm32f10x_usart.o(.text)
    USART_ClockStructInit                    0x08000af7   Thumb Code    12  stm32f10x_usart.o(.text)
    USART_Cmd                                0x08000b03   Thumb Code    24  stm32f10x_usart.o(.text)
    USART_ITConfig                           0x08000b1b   Thumb Code    74  stm32f10x_usart.o(.text)
    USART_DMACmd                             0x08000b65   Thumb Code    18  stm32f10x_usart.o(.text)
    USART_SetAddress                         0x08000b77   Thumb Code    18  stm32f10x_usart.o(.text)
    USART_WakeUpConfig                       0x08000b89   Thumb Code    18  stm32f10x_usart.o(.text)
    USART_ReceiverWakeUpCmd                  0x08000b9b   Thumb Code    24  stm32f10x_usart.o(.text)
    USART_LINBreakDetectLengthConfig         0x08000bb3   Thumb Code    18  stm32f10x_usart.o(.text)
    USART_LINCmd                             0x08000bc5   Thumb Code    24  stm32f10x_usart.o(.text)
    USART_SendData                           0x08000bdd   Thumb Code     8  stm32f10x_usart.o(.text)
    USART_ReceiveData                        0x08000be5   Thumb Code    10  stm32f10x_usart.o(.text)
    USART_SendBreak                          0x08000bef   Thumb Code    10  stm32f10x_usart.o(.text)
    USART_SetGuardTime                       0x08000bf9   Thumb Code    16  stm32f10x_usart.o(.text)
    USART_SetPrescaler                       0x08000c09   Thumb Code    16  stm32f10x_usart.o(.text)
    USART_SmartCardCmd                       0x08000c19   Thumb Code    24  stm32f10x_usart.o(.text)
    USART_SmartCardNACKCmd                   0x08000c31   Thumb Code    24  stm32f10x_usart.o(.text)
    USART_HalfDuplexCmd                      0x08000c49   Thumb Code    24  stm32f10x_usart.o(.text)
    USART_OverSampling8Cmd                   0x08000c61   Thumb Code    22  stm32f10x_usart.o(.text)
    USART_OneBitMethodCmd                    0x08000c77   Thumb Code    24  stm32f10x_usart.o(.text)
    USART_IrDAConfig                         0x08000c8f   Thumb Code    18  stm32f10x_usart.o(.text)
    USART_IrDACmd                            0x08000ca1   Thumb Code    24  stm32f10x_usart.o(.text)
    USART_GetFlagStatus                      0x08000cb9   Thumb Code    26  stm32f10x_usart.o(.text)
    USART_ClearFlag                          0x08000cd3   Thumb Code    18  stm32f10x_usart.o(.text)
    USART_GetITStatus                        0x08000ce5   Thumb Code    84  stm32f10x_usart.o(.text)
    USART_ClearITPendingBit                  0x08000d39   Thumb Code    52  stm32f10x_usart.o(.text)
    NVIC_PriorityGroupConfig                 0x08000d6d   Thumb Code    10  misc.o(.text)
    NVIC_Init                                0x08000d77   Thumb Code   100  misc.o(.text)
    NVIC_SetVectorTable                      0x08000ddb   Thumb Code    14  misc.o(.text)
    NVIC_SystemLPConfig                      0x08000de9   Thumb Code    34  misc.o(.text)
    SysTick_CLKSourceConfig                  0x08000e0b   Thumb Code    40  misc.o(.text)
    SystemInit                               0x08000f27   Thumb Code    78  system_stm32f10x.o(.text)
    SystemCoreClockUpdate                    0x08000f75   Thumb Code   142  system_stm32f10x.o(.text)
    EXTI_DeInit                              0x08001029   Thumb Code    28  stm32f10x_exti.o(.text)
    EXTI_Init                                0x08001045   Thumb Code   142  stm32f10x_exti.o(.text)
    EXTI_StructInit                          0x080010d3   Thumb Code    16  stm32f10x_exti.o(.text)
    EXTI_GenerateSWInterrupt                 0x080010e3   Thumb Code    16  stm32f10x_exti.o(.text)
    EXTI_GetFlagStatus                       0x080010f3   Thumb Code    22  stm32f10x_exti.o(.text)
    EXTI_ClearFlag                           0x08001109   Thumb Code     8  stm32f10x_exti.o(.text)
    EXTI_GetITStatus                         0x08001111   Thumb Code    34  stm32f10x_exti.o(.text)
    EXTI_ClearITPendingBit                   0x08001133   Thumb Code     8  stm32f10x_exti.o(.text)
    FLASH_SetLatency                         0x08001145   Thumb Code    18  stm32f10x_flash.o(.text)
    FLASH_HalfCycleAccessCmd                 0x08001157   Thumb Code    22  stm32f10x_flash.o(.text)
    FLASH_PrefetchBufferCmd                  0x0800116d   Thumb Code    22  stm32f10x_flash.o(.text)
    FLASH_Unlock                             0x08001183   Thumb Code    12  stm32f10x_flash.o(.text)
    FLASH_UnlockBank1                        0x0800118f   Thumb Code    12  stm32f10x_flash.o(.text)
    FLASH_Lock                               0x0800119b   Thumb Code    14  stm32f10x_flash.o(.text)
    FLASH_LockBank1                          0x080011a9   Thumb Code    14  stm32f10x_flash.o(.text)
    FLASH_GetBank1Status                     0x080011b7   Thumb Code    48  stm32f10x_flash.o(.text)
    FLASH_WaitForLastOperation               0x080011e7   Thumb Code    38  stm32f10x_flash.o(.text)
    FLASH_ErasePage                          0x0800120d   Thumb Code    72  stm32f10x_flash.o(.text)
    FLASH_EraseAllPages                      0x08001255   Thumb Code    68  stm32f10x_flash.o(.text)
    FLASH_WaitForLastBank1Operation          0x08001299   Thumb Code    38  stm32f10x_flash.o(.text)
    FLASH_EraseAllBank1Pages                 0x080012bf   Thumb Code    68  stm32f10x_flash.o(.text)
    FLASH_GetReadOutProtectionStatus         0x08001303   Thumb Code    20  stm32f10x_flash.o(.text)
    FLASH_EraseOptionBytes                   0x08001317   Thumb Code   150  stm32f10x_flash.o(.text)
    FLASH_ProgramWord                        0x080013ad   Thumb Code   102  stm32f10x_flash.o(.text)
    FLASH_ProgramHalfWord                    0x08001413   Thumb Code    60  stm32f10x_flash.o(.text)
    FLASH_ProgramOptionByteData              0x0800144f   Thumb Code    72  stm32f10x_flash.o(.text)
    FLASH_EnableWriteProtection              0x08001497   Thumb Code   200  stm32f10x_flash.o(.text)
    FLASH_ReadOutProtection                  0x0800155f   Thumb Code   156  stm32f10x_flash.o(.text)
    FLASH_UserOptionByteConfig               0x080015fb   Thumb Code    88  stm32f10x_flash.o(.text)
    FLASH_GetUserOptionByte                  0x08001653   Thumb Code     8  stm32f10x_flash.o(.text)
    FLASH_GetWriteProtectionOptionByte       0x0800165b   Thumb Code     6  stm32f10x_flash.o(.text)
    FLASH_GetPrefetchBufferStatus            0x08001661   Thumb Code    20  stm32f10x_flash.o(.text)
    FLASH_ITConfig                           0x08001675   Thumb Code    26  stm32f10x_flash.o(.text)
    FLASH_GetFlagStatus                      0x0800168f   Thumb Code    42  stm32f10x_flash.o(.text)
    FLASH_ClearFlag                          0x080016b9   Thumb Code     6  stm32f10x_flash.o(.text)
    FLASH_GetStatus                          0x080016bf   Thumb Code    48  stm32f10x_flash.o(.text)
    TIM_DeInit                               0x08001701   Thumb Code   424  stm32f10x_tim.o(.text)
    TIM_TimeBaseInit                         0x080018a9   Thumb Code   122  stm32f10x_tim.o(.text)
    TIM_OC1Init                              0x08001923   Thumb Code   132  stm32f10x_tim.o(.text)
    TIM_OC2Init                              0x080019a7   Thumb Code   154  stm32f10x_tim.o(.text)
    TIM_OC3Init                              0x08001a41   Thumb Code   150  stm32f10x_tim.o(.text)
    TIM_OC4Init                              0x08001ad7   Thumb Code   182  stm32f10x_tim.o(.text)
    TIM_SetIC4Prescaler                      0x08001b8d   Thumb Code    26  stm32f10x_tim.o(.text)
    TIM_SetIC3Prescaler                      0x08001c29   Thumb Code    18  stm32f10x_tim.o(.text)
    TIM_SetIC2Prescaler                      0x08001cb5   Thumb Code    26  stm32f10x_tim.o(.text)
    TIM_SetIC1Prescaler                      0x08001d51   Thumb Code    18  stm32f10x_tim.o(.text)
    TIM_ICInit                               0x08001dcf   Thumb Code   150  stm32f10x_tim.o(.text)
    TIM_PWMIConfig                           0x08001e65   Thumb Code   124  stm32f10x_tim.o(.text)
    TIM_BDTRConfig                           0x08001ee1   Thumb Code    32  stm32f10x_tim.o(.text)
    TIM_TimeBaseStructInit                   0x08001f01   Thumb Code    18  stm32f10x_tim.o(.text)
    TIM_OCStructInit                         0x08001f13   Thumb Code    20  stm32f10x_tim.o(.text)
    TIM_ICStructInit                         0x08001f27   Thumb Code    18  stm32f10x_tim.o(.text)
    TIM_BDTRStructInit                       0x08001f39   Thumb Code    40  stm32f10x_tim.o(.text)
    TIM_Cmd                                  0x08001f61   Thumb Code    24  stm32f10x_tim.o(.text)
    TIM_CtrlPWMOutputs                       0x08001f79   Thumb Code    30  stm32f10x_tim.o(.text)
    TIM_ITConfig                             0x08001f97   Thumb Code    18  stm32f10x_tim.o(.text)
    TIM_GenerateEvent                        0x08001fa9   Thumb Code     4  stm32f10x_tim.o(.text)
    TIM_DMAConfig                            0x08001fad   Thumb Code    10  stm32f10x_tim.o(.text)
    TIM_DMACmd                               0x08001fb7   Thumb Code    18  stm32f10x_tim.o(.text)
    TIM_InternalClockConfig                  0x08001fc9   Thumb Code    12  stm32f10x_tim.o(.text)
    TIM_SelectInputTrigger                   0x08001fd5   Thumb Code    18  stm32f10x_tim.o(.text)
    TIM_ITRxExternalClockConfig              0x08001fe7   Thumb Code    24  stm32f10x_tim.o(.text)
    TIM_TIxExternalClockConfig               0x08001fff   Thumb Code    62  stm32f10x_tim.o(.text)
    TIM_ETRConfig                            0x0800203d   Thumb Code    28  stm32f10x_tim.o(.text)
    TIM_ETRClockMode1Config                  0x08002059   Thumb Code    54  stm32f10x_tim.o(.text)
    TIM_ETRClockMode2Config                  0x0800208f   Thumb Code    32  stm32f10x_tim.o(.text)
    TIM_PrescalerConfig                      0x080020af   Thumb Code     6  stm32f10x_tim.o(.text)
    TIM_CounterModeConfig                    0x080020b5   Thumb Code    18  stm32f10x_tim.o(.text)
    TIM_EncoderInterfaceConfig               0x080020c7   Thumb Code    66  stm32f10x_tim.o(.text)
    TIM_ForcedOC1Config                      0x08002109   Thumb Code    18  stm32f10x_tim.o(.text)
    TIM_ForcedOC2Config                      0x0800211b   Thumb Code    26  stm32f10x_tim.o(.text)
    TIM_ForcedOC3Config                      0x08002135   Thumb Code    18  stm32f10x_tim.o(.text)
    TIM_ForcedOC4Config                      0x08002147   Thumb Code    26  stm32f10x_tim.o(.text)
    TIM_ARRPreloadConfig                     0x08002161   Thumb Code    24  stm32f10x_tim.o(.text)
    TIM_SelectCOM                            0x08002179   Thumb Code    24  stm32f10x_tim.o(.text)
    TIM_SelectCCDMA                          0x08002191   Thumb Code    24  stm32f10x_tim.o(.text)
    TIM_CCPreloadControl                     0x080021a9   Thumb Code    24  stm32f10x_tim.o(.text)
    TIM_OC1PreloadConfig                     0x080021c1   Thumb Code    18  stm32f10x_tim.o(.text)
    TIM_OC2PreloadConfig                     0x080021d3   Thumb Code    26  stm32f10x_tim.o(.text)
    TIM_OC3PreloadConfig                     0x080021ed   Thumb Code    18  stm32f10x_tim.o(.text)
    TIM_OC4PreloadConfig                     0x080021ff   Thumb Code    26  stm32f10x_tim.o(.text)
    TIM_OC1FastConfig                        0x08002219   Thumb Code    18  stm32f10x_tim.o(.text)
    TIM_OC2FastConfig                        0x0800222b   Thumb Code    26  stm32f10x_tim.o(.text)
    TIM_OC3FastConfig                        0x08002245   Thumb Code    18  stm32f10x_tim.o(.text)
    TIM_OC4FastConfig                        0x08002257   Thumb Code    26  stm32f10x_tim.o(.text)
    TIM_ClearOC1Ref                          0x08002271   Thumb Code    18  stm32f10x_tim.o(.text)
    TIM_ClearOC2Ref                          0x08002283   Thumb Code    24  stm32f10x_tim.o(.text)
    TIM_ClearOC3Ref                          0x0800229b   Thumb Code    18  stm32f10x_tim.o(.text)
    TIM_ClearOC4Ref                          0x080022ad   Thumb Code    24  stm32f10x_tim.o(.text)
    TIM_OC1PolarityConfig                    0x080022c5   Thumb Code    18  stm32f10x_tim.o(.text)
    TIM_OC1NPolarityConfig                   0x080022d7   Thumb Code    18  stm32f10x_tim.o(.text)
    TIM_OC2PolarityConfig                    0x080022e9   Thumb Code    26  stm32f10x_tim.o(.text)
    TIM_OC2NPolarityConfig                   0x08002303   Thumb Code    26  stm32f10x_tim.o(.text)
    TIM_OC3PolarityConfig                    0x0800231d   Thumb Code    26  stm32f10x_tim.o(.text)
    TIM_OC3NPolarityConfig                   0x08002337   Thumb Code    26  stm32f10x_tim.o(.text)
    TIM_OC4PolarityConfig                    0x08002351   Thumb Code    26  stm32f10x_tim.o(.text)
    TIM_CCxCmd                               0x0800236b   Thumb Code    30  stm32f10x_tim.o(.text)
    TIM_CCxNCmd                              0x08002389   Thumb Code    30  stm32f10x_tim.o(.text)
    TIM_SelectOCxM                           0x080023a7   Thumb Code    82  stm32f10x_tim.o(.text)
    TIM_UpdateDisableConfig                  0x080023f9   Thumb Code    24  stm32f10x_tim.o(.text)
    TIM_UpdateRequestConfig                  0x08002411   Thumb Code    24  stm32f10x_tim.o(.text)
    TIM_SelectHallSensor                     0x08002429   Thumb Code    24  stm32f10x_tim.o(.text)
    TIM_SelectOnePulseMode                   0x08002441   Thumb Code    18  stm32f10x_tim.o(.text)
    TIM_SelectOutputTrigger                  0x08002453   Thumb Code    18  stm32f10x_tim.o(.text)
    TIM_SelectSlaveMode                      0x08002465   Thumb Code    18  stm32f10x_tim.o(.text)
    TIM_SelectMasterSlaveMode                0x08002477   Thumb Code    18  stm32f10x_tim.o(.text)
    TIM_SetCounter                           0x08002489   Thumb Code     4  stm32f10x_tim.o(.text)
    TIM_SetAutoreload                        0x0800248d   Thumb Code     4  stm32f10x_tim.o(.text)
    TIM_SetCompare1                          0x08002491   Thumb Code     4  stm32f10x_tim.o(.text)
    TIM_SetCompare2                          0x08002495   Thumb Code     4  stm32f10x_tim.o(.text)
    TIM_SetCompare3                          0x08002499   Thumb Code     4  stm32f10x_tim.o(.text)
    TIM_SetCompare4                          0x0800249d   Thumb Code     6  stm32f10x_tim.o(.text)
    TIM_SetClockDivision                     0x080024a3   Thumb Code    18  stm32f10x_tim.o(.text)
    TIM_GetCapture1                          0x080024b5   Thumb Code     6  stm32f10x_tim.o(.text)
    TIM_GetCapture2                          0x080024bb   Thumb Code     6  stm32f10x_tim.o(.text)
    TIM_GetCapture3                          0x080024c1   Thumb Code     6  stm32f10x_tim.o(.text)
    TIM_GetCapture4                          0x080024c7   Thumb Code     8  stm32f10x_tim.o(.text)
    TIM_GetCounter                           0x080024cf   Thumb Code     6  stm32f10x_tim.o(.text)
    TIM_GetPrescaler                         0x080024d5   Thumb Code     6  stm32f10x_tim.o(.text)
    TIM_GetFlagStatus                        0x080024db   Thumb Code    18  stm32f10x_tim.o(.text)
    TIM_ClearFlag                            0x080024ed   Thumb Code     6  stm32f10x_tim.o(.text)
    TIM_GetITStatus                          0x080024f3   Thumb Code    34  stm32f10x_tim.o(.text)
    TIM_ClearITPendingBit                    0x08002515   Thumb Code     6  stm32f10x_tim.o(.text)
    _ttywrch                                 0x0800251d   Thumb Code     2  main.o(.text)
    delay_nms                                0x0800251f   Thumb Code    32  main.o(.text)
    iap_load_app                             0x0800253f   Thumb Code    46  main.o(.text)
    main                                     0x0800256d   Thumb Code    78  main.o(.text)
    NMI_Handler                              0x080025e1   Thumb Code     2  stm32f10x_it.o(.text)
    HardFault_Handler                        0x080025e3   Thumb Code     4  stm32f10x_it.o(.text)
    MemManage_Handler                        0x080025e7   Thumb Code     4  stm32f10x_it.o(.text)
    BusFault_Handler                         0x080025eb   Thumb Code     4  stm32f10x_it.o(.text)
    UsageFault_Handler                       0x080025ef   Thumb Code     4  stm32f10x_it.o(.text)
    SVC_Handler                              0x080025f3   Thumb Code     2  stm32f10x_it.o(.text)
    DebugMon_Handler                         0x080025f5   Thumb Code     2  stm32f10x_it.o(.text)
    PendSV_Handler                           0x080025f7   Thumb Code     2  stm32f10x_it.o(.text)
    SysTick_Handler                          0x080025f9   Thumb Code     8  stm32f10x_it.o(.text)
    getmessage                               0x08002601   Thumb Code    84  usart.o(.text)
    uart1_init                               0x08002655   Thumb Code   168  usart.o(.text)
    uart4_init                               0x080026fd   Thumb Code   164  usart.o(.text)
    UsartGPIO_CTRT_Configuration             0x080027a1   Thumb Code    54  usart.o(.text)
    uart_send                                0x080027d7   Thumb Code    90  usart.o(.text)
    USART1_IRQHandler                        0x08002831   Thumb Code    32  usart.o(.text)
    UART4_IRQHandler                         0x08002851   Thumb Code    32  usart.o(.text)
    USART_CTRT_Configuartion                 0x08002871   Thumb Code    68  usart.o(.text)
    _sys_exit                                0x080028b5   Thumb Code     4  usart.o(.text)
    fputc                                    0x080028b9   Thumb Code    32  usart.o(.text)
    delay_1ms                                0x0800294d   Thumb Code    44  user_systick.o(.text)
    delay_10us                               0x08002979   Thumb Code    42  user_systick.o(.text)
    TimingDelay_Decrement                    0x080029a3   Thumb Code    18  user_systick.o(.text)
    pinMode                                  0x080029c1   Thumb Code    44  arduino_gpio.o(.text)
    digitalWrite                             0x080029ed   Thumb Code    40  arduino_gpio.o(.text)
    protobuf_c_version                       0x08002a15   Thumb Code     4  protobuf-c.o(.text)
    protobuf_c_version_number                0x08002a19   Thumb Code     4  protobuf-c.o(.text)
    protobuf_c_buffer_simple_append          0x08002a39   Thumb Code   122  protobuf-c.o(.text)
    protobuf_c_message_get_packed_size       0x08002d95   Thumb Code   230  protobuf-c.o(.text)
    protobuf_c_message_pack                  0x08003559   Thumb Code   200  protobuf-c.o(.text)
    protobuf_c_message_pack_to_buffer        0x08003a21   Thumb Code   190  protobuf-c.o(.text)
    protobuf_c_message_free_unpacked         0x080042a9   Thumb Code   618  protobuf-c.o(.text)
    protobuf_c_message_init                  0x08004a59   Thumb Code    14  protobuf-c.o(.text)
    protobuf_c_message_unpack                0x08004a67   Thumb Code  1216  protobuf-c.o(.text)
    protobuf_c_message_check                 0x080051b1   Thumb Code   312  protobuf-c.o(.text)
    protobuf_c_service_invoke_internal       0x080052e9   Thumb Code    60  protobuf-c.o(.text)
    protobuf_c_service_generated_init        0x08005325   Thumb Code    54  protobuf-c.o(.text)
    protobuf_c_service_destroy               0x0800535b   Thumb Code    12  protobuf-c.o(.text)
    protobuf_c_enum_descriptor_get_value_by_name 0x08005367   Thumb Code   138  protobuf-c.o(.text)
    protobuf_c_enum_descriptor_get_value     0x080053f1   Thumb Code    38  protobuf-c.o(.text)
    protobuf_c_message_descriptor_get_field_by_name 0x08005417   Thumb Code   142  protobuf-c.o(.text)
    protobuf_c_message_descriptor_get_field  0x080054a5   Thumb Code    42  protobuf-c.o(.text)
    protobuf_c_service_descriptor_get_method_by_name 0x080054cf   Thumb Code   156  protobuf-c.o(.text)
    message__init                            0x08005719   Thumb Code    16  protocol.pb-c.o(.text)
    message__get_packed_size                 0x08005729   Thumb Code    32  protocol.pb-c.o(.text)
    message__pack                            0x08005749   Thumb Code    36  protocol.pb-c.o(.text)
    message__pack_to_buffer                  0x0800576d   Thumb Code    36  protocol.pb-c.o(.text)
    message__unpack                          0x08005791   Thumb Code    22  protocol.pb-c.o(.text)
    message__free_unpacked                   0x080057a7   Thumb Code    36  protocol.pb-c.o(.text)
    message__massproduction__download__init  0x080057cb   Thumb Code    16  protocol.pb-c.o(.text)
    message__massproduction__download__get_packed_size 0x080057db   Thumb Code    32  protocol.pb-c.o(.text)
    message__massproduction__download__pack  0x080057fb   Thumb Code    36  protocol.pb-c.o(.text)
    message__massproduction__download__pack_to_buffer 0x0800581f   Thumb Code    36  protocol.pb-c.o(.text)
    message__massproduction__download__unpack 0x08005843   Thumb Code    22  protocol.pb-c.o(.text)
    message__massproduction__download__free_unpacked 0x08005859   Thumb Code    36  protocol.pb-c.o(.text)
    message__scan__init                      0x0800587d   Thumb Code    16  protocol.pb-c.o(.text)
    message__scan__get_packed_size           0x0800588d   Thumb Code    32  protocol.pb-c.o(.text)
    message__scan__pack                      0x080058ad   Thumb Code    36  protocol.pb-c.o(.text)
    message__scan__pack_to_buffer            0x080058d1   Thumb Code    36  protocol.pb-c.o(.text)
    message__scan__unpack                    0x080058f5   Thumb Code    22  protocol.pb-c.o(.text)
    message__scan__free_unpacked             0x0800590b   Thumb Code    36  protocol.pb-c.o(.text)
    message__connect__init                   0x0800592f   Thumb Code    16  protocol.pb-c.o(.text)
    message__connect__get_packed_size        0x0800593f   Thumb Code    32  protocol.pb-c.o(.text)
    message__connect__pack                   0x0800595f   Thumb Code    36  protocol.pb-c.o(.text)
    message__connect__pack_to_buffer         0x08005983   Thumb Code    36  protocol.pb-c.o(.text)
    message__connect__unpack                 0x080059a7   Thumb Code    22  protocol.pb-c.o(.text)
    message__connect__free_unpacked          0x080059bd   Thumb Code    36  protocol.pb-c.o(.text)
    message__disconnect__init                0x080059e1   Thumb Code    16  protocol.pb-c.o(.text)
    message__disconnect__get_packed_size     0x080059f1   Thumb Code    32  protocol.pb-c.o(.text)
    message__disconnect__pack                0x08005a11   Thumb Code    36  protocol.pb-c.o(.text)
    message__disconnect__pack_to_buffer      0x08005a35   Thumb Code    36  protocol.pb-c.o(.text)
    message__disconnect__unpack              0x08005a59   Thumb Code    22  protocol.pb-c.o(.text)
    message__disconnect__free_unpacked       0x08005a6f   Thumb Code    36  protocol.pb-c.o(.text)
    message__heartbeat__init                 0x08005a93   Thumb Code    16  protocol.pb-c.o(.text)
    message__heartbeat__get_packed_size      0x08005aa3   Thumb Code    32  protocol.pb-c.o(.text)
    message__heartbeat__pack                 0x08005ac3   Thumb Code    36  protocol.pb-c.o(.text)
    message__heartbeat__pack_to_buffer       0x08005ae7   Thumb Code   410  protocol.pb-c.o(.text)
    message__heartbeat__unpack               0x08005c81   Thumb Code    22  protocol.pb-c.o(.text)
    message__heartbeat__free_unpacked        0x08005c97   Thumb Code    42  protocol.pb-c.o(.text)
    message__battery__init                   0x08005cc1   Thumb Code    16  protocol.pb-c.o(.text)
    message__battery__get_packed_size        0x08005cd1   Thumb Code    36  protocol.pb-c.o(.text)
    message__battery__pack                   0x08005cf5   Thumb Code    40  protocol.pb-c.o(.text)
    message__battery__pack_to_buffer         0x08005d1d   Thumb Code    40  protocol.pb-c.o(.text)
    message__battery__unpack                 0x08005d45   Thumb Code    22  protocol.pb-c.o(.text)
    message__battery__free_unpacked          0x08005d5b   Thumb Code    40  protocol.pb-c.o(.text)
    message__mark__init                      0x08005d83   Thumb Code    12  protocol.pb-c.o(.text)
    message__mark__get_packed_size           0x08005d8f   Thumb Code    36  protocol.pb-c.o(.text)
    message__mark__pack                      0x08005db3   Thumb Code    40  protocol.pb-c.o(.text)
    message__mark__pack_to_buffer            0x08005ddb   Thumb Code    40  protocol.pb-c.o(.text)
    message__mark__unpack                    0x08005e03   Thumb Code    22  protocol.pb-c.o(.text)
    message__mark__free_unpacked             0x08005e19   Thumb Code    40  protocol.pb-c.o(.text)
    message__reset__init                     0x08005e41   Thumb Code    16  protocol.pb-c.o(.text)
    message__reset__get_packed_size          0x08005e51   Thumb Code    36  protocol.pb-c.o(.text)
    message__reset__pack                     0x08005e75   Thumb Code    40  protocol.pb-c.o(.text)
    message__reset__pack_to_buffer           0x08005e9d   Thumb Code    40  protocol.pb-c.o(.text)
    message__reset__unpack                   0x08005ec5   Thumb Code    22  protocol.pb-c.o(.text)
    message__reset__free_unpacked            0x08005edb   Thumb Code    40  protocol.pb-c.o(.text)
    message__flash__init                     0x08005f03   Thumb Code    16  protocol.pb-c.o(.text)
    message__flash__get_packed_size          0x08005f13   Thumb Code    36  protocol.pb-c.o(.text)
    message__flash__pack                     0x08005f37   Thumb Code    40  protocol.pb-c.o(.text)
    message__flash__pack_to_buffer           0x08005f5f   Thumb Code    40  protocol.pb-c.o(.text)
    message__flash__unpack                   0x08005f87   Thumb Code    22  protocol.pb-c.o(.text)
    message__flash__free_unpacked            0x08005f9d   Thumb Code    40  protocol.pb-c.o(.text)
    device__init                             0x08005fc5   Thumb Code    16  protocol.pb-c.o(.text)
    device__get_packed_size                  0x08005fd5   Thumb Code    36  protocol.pb-c.o(.text)
    device__pack                             0x08005ff9   Thumb Code    40  protocol.pb-c.o(.text)
    device__pack_to_buffer                   0x08006021   Thumb Code    40  protocol.pb-c.o(.text)
    device__unpack                           0x08006049   Thumb Code    22  protocol.pb-c.o(.text)
    device__free_unpacked                    0x0800605f   Thumb Code   364  protocol.pb-c.o(.text)
    InterruptInit                            0x080061cd   Thumb Code   158  interrupt.o(.text)
    EXTI15_10_IRQHandler                     0x0800626b   Thumb Code   146  interrupt.o(.text)
    EXTI9_5_IRQHandler                       0x080062fd   Thumb Code    26  interrupt.o(.text)
    message_send                             0x0800632d   Thumb Code    72  protocol.o(.text)
    message_scan_send                        0x08006375   Thumb Code    88  protocol.o(.text)
    message_battery_send                     0x080063cd   Thumb Code    66  protocol.o(.text)
    message_heartbeat_send                   0x0800640f   Thumb Code    50  protocol.o(.text)
    message_mark_send                        0x08006441   Thumb Code    64  protocol.o(.text)
    message_connect_send                     0x08006481   Thumb Code    54  protocol.o(.text)
    message_disconnect_send                  0x080064b7   Thumb Code    54  protocol.o(.text)
    message_reset_send                       0x080064ed   Thumb Code    54  protocol.o(.text)
    message_flash_send                       0x08006523   Thumb Code    58  protocol.o(.text)
    dispatchmessage                          0x0800655d   Thumb Code   220  protocol.o(.text)
    init_scheduler                           0x0800665d   Thumb Code    14  systimer.o(.text)
    RCC_cfg                                  0x0800666b   Thumb Code   116  systimer.o(.text)
    TIMER_cfg                                0x080066df   Thumb Code    84  systimer.o(.text)
    NVIC_cfg                                 0x08006733   Thumb Code    40  systimer.o(.text)
    TIM2_IRQHandler                          0x0800675b   Thumb Code    22  systimer.o(.text)
    __use_no_semihosting                     0x08006775   Thumb Code     2  use_no_semi_2.o(.text)
    malloc                                   0x08006777   Thumb Code    94  h1_alloc.o(.text)
    free                                     0x080067d5   Thumb Code    78  h1_free.o(.text)
    __aeabi_llsl                             0x08006823   Thumb Code     0  llshl.o(.text)
    _ll_shift_l                              0x08006823   Thumb Code    38  llshl.o(.text)
    __2sprintf                               0x08006849   Thumb Code    34  noretval__2sprintf.o(.text)
    __printf                                 0x08006871   Thumb Code   104  __printf.o(.text)
    _printf_int_dec                          0x080068d9   Thumb Code   104  _printf_dec.o(.text)
    __aeabi_assert                           0x08006951   Thumb Code    86  assert.o(.text)
    __assert                                 0x08006951   Thumb Code     0  assert.o(.text)
    strlen                                   0x080069d1   Thumb Code    62  strlen.o(.text)
    __aeabi_memcpy                           0x08006a0f   Thumb Code     0  rt_memcpy_v6.o(.text)
    __rt_memcpy                              0x08006a0f   Thumb Code   138  rt_memcpy_v6.o(.text)
    _memcpy_lastbytes                        0x08006a75   Thumb Code     0  rt_memcpy_v6.o(.text)
    __aeabi_memmove                          0x08006a99   Thumb Code     0  rt_memmove_v6.o(.text)
    __rt_memmove                             0x08006a99   Thumb Code   132  rt_memmove_v6.o(.text)
    __memmove_lastfew                        0x08006af9   Thumb Code     0  rt_memmove_v6.o(.text)
    __aeabi_memcpy4                          0x08006b1d   Thumb Code     0  rt_memcpy_w.o(.text)
    __aeabi_memcpy8                          0x08006b1d   Thumb Code     0  rt_memcpy_w.o(.text)
    __rt_memcpy_w                            0x08006b1d   Thumb Code   100  rt_memcpy_w.o(.text)
    _memcpy_lastbytes_aligned                0x08006b65   Thumb Code     0  rt_memcpy_w.o(.text)
    __aeabi_memclr                           0x08006b81   Thumb Code     0  rt_memclr.o(.text)
    __rt_memclr                              0x08006b81   Thumb Code    68  rt_memclr.o(.text)
    _memset                                  0x08006b85   Thumb Code     0  rt_memclr.o(.text)
    __aeabi_memclr4                          0x08006bc5   Thumb Code     0  rt_memclr_w.o(.text)
    __aeabi_memclr8                          0x08006bc5   Thumb Code     0  rt_memclr_w.o(.text)
    __rt_memclr_w                            0x08006bc5   Thumb Code    78  rt_memclr_w.o(.text)
    _memset_w                                0x08006bc9   Thumb Code     0  rt_memclr_w.o(.text)
    strcmp                                   0x08006c15   Thumb Code   128  strcmpv7m.o(.text)
    __use_two_region_memory                  0x08006c95   Thumb Code     2  heapauxi.o(.text)
    __rt_heap_escrow                         0x08006c97   Thumb Code     2  heapauxi.o(.text)
    __rt_heap_expand                         0x08006c99   Thumb Code     2  heapauxi.o(.text)
    __I$use$semihosting                      0x08006c9b   Thumb Code     0  use_no_semi.o(.text)
    __use_no_semihosting_swi                 0x08006c9b   Thumb Code     2  use_no_semi.o(.text)
    __rt_heap_descriptor                     0x08006c9d   Thumb Code     8  rt_heap_descriptor_intlibspace.o(.text)
    __use_no_heap                            0x08006ca5   Thumb Code     2  hguard.o(.text)
    __heap$guard                             0x08006ca7   Thumb Code     2  hguard.o(.text)
    _terminate_user_alloc                    0x08006ca9   Thumb Code     2  init_alloc.o(.text)
    _init_user_alloc                         0x08006cab   Thumb Code     2  init_alloc.o(.text)
    __Heap_Full                              0x08006cad   Thumb Code    34  init_alloc.o(.text)
    __Heap_Broken                            0x08006ccf   Thumb Code     6  init_alloc.o(.text)
    _init_alloc                              0x08006cd5   Thumb Code    94  init_alloc.o(.text)
    __Heap_Initialize                        0x08006d33   Thumb Code    10  h1_init.o(.text)
    __Heap_DescSize                          0x08006d3d   Thumb Code     4  h1_init.o(.text)
    _printf_int_common                       0x08006d41   Thumb Code   178  _printf_intcommon.o(.text)
    _printf_char_common                      0x08006dff   Thumb Code    32  _printf_char_common.o(.text)
    _sputc                                   0x08006e25   Thumb Code    10  _sputc.o(.text)
    abort                                    0x08006e2f   Thumb Code    22  abort.o(.text)
    __assert_puts                            0x08006e45   Thumb Code    20  assert_puts.o(.text)
    __aeabi_memmove4                         0x08006e59   Thumb Code     0  rt_memmove_w.o(.text)
    __aeabi_memmove8                         0x08006e59   Thumb Code     0  rt_memmove_w.o(.text)
    __rt_memmove_w                           0x08006e59   Thumb Code   122  rt_memmove_w.o(.text)
    __memmove_aligned                        0x08006e7f   Thumb Code     0  rt_memmove_w.o(.text)
    __memmove_lastfew_aligned                0x08006eb7   Thumb Code     0  rt_memmove_w.o(.text)
    __user_libspace                          0x08006ed5   Thumb Code     8  libspace.o(.text)
    __user_perproc_libspace                  0x08006ed5   Thumb Code     0  libspace.o(.text)
    __user_perthread_libspace                0x08006ed5   Thumb Code     0  libspace.o(.text)
    __Heap_ProvideMemory                     0x08006edd   Thumb Code    52  h1_extend.o(.text)
    __rt_SIGABRT                             0x08006f11   Thumb Code    14  defsig_abrt_outer.o(.text)
    __rt_SIGRTMEM                            0x08006f1f   Thumb Code    14  defsig_rtmem_outer.o(.text)
    __user_setup_stackheap                   0x08006f2d   Thumb Code    74  sys_stackheap_outer.o(.text)
    exit                                     0x08006f77   Thumb Code    18  exit.o(.text)
    __sig_exit                               0x08006f89   Thumb Code    10  defsig_exit.o(.text)
    __rt_SIGABRT_inner                       0x08006f95   Thumb Code    14  defsig_abrt_inner.o(.text)
    __rt_SIGRTMEM_inner                      0x08006fc5   Thumb Code    22  defsig_rtmem_inner.o(.text)
    __default_signal_display                 0x08007015   Thumb Code    50  defsig_general.o(.text)
    __aeabi_ui2f                             0x08007049   Thumb Code     0  fflt_clz.o(x$fpl$ffltu)
    _ffltu                                   0x08007049   Thumb Code    38  fflt_clz.o(x$fpl$ffltu)
    __I$use$fp                               0x0800706e   Number         0  usenofp.o(x$fpl$usenofp)
    message__message_type__descriptor        0x080071ac   Data          60  protocol.pb-c.o(.constdata)
    message__method__descriptor              0x08007234   Data          60  protocol.pb-c.o(.constdata)
    message__device_type__descriptor         0x080072a8   Data          60  protocol.pb-c.o(.constdata)
    message__descriptor                      0x08007414   Data          60  protocol.pb-c.o(.constdata)
    message__massproduction__download__descriptor 0x080074c0   Data          60  protocol.pb-c.o(.constdata)
    message__scan__condition__descriptor     0x08007534   Data          60  protocol.pb-c.o(.constdata)
    message__scan__type__descriptor          0x080075a8   Data          60  protocol.pb-c.o(.constdata)
    message__scan__manufacturer__descriptor  0x08007608   Data          60  protocol.pb-c.o(.constdata)
    message__scan__descriptor                0x08007744   Data          60  protocol.pb-c.o(.constdata)
    message__connect__condition__descriptor  0x080077b8   Data          60  protocol.pb-c.o(.constdata)
    message__connect__descriptor             0x08007834   Data          60  protocol.pb-c.o(.constdata)
    message__disconnect__condition__descriptor 0x080078a8   Data          60  protocol.pb-c.o(.constdata)
    message__disconnect__descriptor          0x08007924   Data          60  protocol.pb-c.o(.constdata)
    message__heartbeat__condition__descriptor 0x08007998   Data          60  protocol.pb-c.o(.constdata)
    message__heartbeat__descriptor           0x08007a14   Data          60  protocol.pb-c.o(.constdata)
    message__battery__descriptor             0x08007a90   Data          60  protocol.pb-c.o(.constdata)
    message__mark__descriptor                0x08007b0c   Data          60  protocol.pb-c.o(.constdata)
    message__reset__condition__descriptor    0x08007b80   Data          60  protocol.pb-c.o(.constdata)
    message__reset__descriptor               0x08007bfc   Data          60  protocol.pb-c.o(.constdata)
    message__flash__condition__descriptor    0x08007c70   Data          60  protocol.pb-c.o(.constdata)
    message__flash__descriptor               0x08007d4c   Data          60  protocol.pb-c.o(.constdata)
    device__type__descriptor                 0x08007dc0   Data          60  protocol.pb-c.o(.constdata)
    device__manufacturer__descriptor         0x08007e20   Data          60  protocol.pb-c.o(.constdata)
    device__descriptor                       0x08007f5c   Data          60  protocol.pb-c.o(.constdata)
    Region$$Table$$Base                      0x08008bf8   Number         0  anon$$obj.o(Region$$Table)
    Region$$Table$$Limit                     0x08008c18   Number         0  anon$$obj.o(Region$$Table)
    SystemCoreClock                          0x20000014   Data           4  system_stm32f10x.o(.data)
    AHBPrescTable                            0x20000018   Data          16  system_stm32f10x.o(.data)
    count                                    0x20000028   Data           4  main.o(.data)
    state                                    0x2000002c   Data           4  main.o(.data)
    pin_laser                                0x20000030   Data           8  main.o(.data)
    jump2app                                 0x20000038   Data           4  main.o(.data)
    buff_receive_index_uart1                 0x2000003c   Data           4  usart.o(.data)
    buff_receive_index_uart4                 0x20000040   Data           4  usart.o(.data)
    __stdout                                 0x20000044   Data           4  usart.o(.data)
    flash_password                           0x200001b8   Data          14  protocol.o(.data)
    mdevice                                  0x200001c8   Data          48  protocol.o(.data)
    head                                     0x200001f8   Data           4  systimer.o(.data)
    buff_receive_uart1                       0x200001fc   Data         100  usart.o(.bss)
    buff_receive_uart4                       0x20000260   Data         100  usart.o(.bss)
    mreceiver                                0x200002c4   Data          13  protocol.o(.bss)
    __libspace_start                         0x200002d4   Data          96  libspace.o(.bss)
    __temporary_stack_top$libspace           0x20000334   Data           0  libspace.o(.bss)



==============================================================================

Memory Map of the image

  Image Entry point : 0x08000131

  Load Region LR_IROM1 (Base: 0x08000000, Size: 0x00008e14, Max: 0x0000c800, ABSOLUTE, COMPRESSED[0x00008c80])

    Execution Region ER_IROM1 (Base: 0x08000000, Size: 0x00008c18, Max: 0x0000c800, ABSOLUTE)

    Base Addr    Size         Type   Attr      Idx    E Section Name        Object

    0x08000000   0x00000130   Data   RO            3    RESET               startup_stm32f10x_hd.o
    0x08000130   0x00000008   Code   RO          602  * !!!main             c_w.l(__main.o)
    0x08000138   0x00000034   Code   RO          839    !!!scatter          c_w.l(__scatter.o)
    0x0800016c   0x0000005a   Code   RO          837    !!dczerorl2         c_w.l(__dczerorl2.o)
    0x080001c6   0x00000002   PAD
    0x080001c8   0x0000001c   Code   RO          841    !!handler_zi        c_w.l(__scatter_zi.o)
    0x080001e4   0x00000000   Code   RO          583    .ARM.Collect$$_printf_percent$$00000000  c_w.l(_printf_percent.o)
    0x080001e4   0x00000006   Code   RO          582    .ARM.Collect$$_printf_percent$$00000009  c_w.l(_printf_d.o)
    0x080001ea   0x00000004   Code   RO          648    .ARM.Collect$$_printf_percent$$00000017  c_w.l(_printf_percent_end.o)
    0x080001ee   0x00000002   Code   RO          778    .ARM.Collect$$libinit$$00000000  c_w.l(libinit.o)
    0x080001f0   0x00000000   Code   RO          658    .ARM.Collect$$libinit$$00000002  c_w.l(libinit2.o)
    0x080001f0   0x00000000   Code   RO          660    .ARM.Collect$$libinit$$00000004  c_w.l(libinit2.o)
    0x080001f0   0x00000008   Code   RO          661    .ARM.Collect$$libinit$$00000005  c_w.l(libinit2.o)
    0x080001f8   0x00000000   Code   RO          663    .ARM.Collect$$libinit$$0000000A  c_w.l(libinit2.o)
    0x080001f8   0x00000000   Code   RO          665    .ARM.Collect$$libinit$$0000000C  c_w.l(libinit2.o)
    0x080001f8   0x00000000   Code   RO          667    .ARM.Collect$$libinit$$0000000E  c_w.l(libinit2.o)
    0x080001f8   0x00000000   Code   RO          670    .ARM.Collect$$libinit$$00000011  c_w.l(libinit2.o)
    0x080001f8   0x00000000   Code   RO          672    .ARM.Collect$$libinit$$00000013  c_w.l(libinit2.o)
    0x080001f8   0x00000000   Code   RO          674    .ARM.Collect$$libinit$$00000015  c_w.l(libinit2.o)
    0x080001f8   0x00000000   Code   RO          676    .ARM.Collect$$libinit$$00000017  c_w.l(libinit2.o)
    0x080001f8   0x00000000   Code   RO          678    .ARM.Collect$$libinit$$00000019  c_w.l(libinit2.o)
    0x080001f8   0x00000000   Code   RO          680    .ARM.Collect$$libinit$$0000001B  c_w.l(libinit2.o)
    0x080001f8   0x00000000   Code   RO          682    .ARM.Collect$$libinit$$0000001D  c_w.l(libinit2.o)
    0x080001f8   0x00000000   Code   RO          684    .ARM.Collect$$libinit$$0000001F  c_w.l(libinit2.o)
    0x080001f8   0x00000000   Code   RO          686    .ARM.Collect$$libinit$$00000021  c_w.l(libinit2.o)
    0x080001f8   0x00000000   Code   RO          688    .ARM.Collect$$libinit$$00000023  c_w.l(libinit2.o)
    0x080001f8   0x00000000   Code   RO          690    .ARM.Collect$$libinit$$00000025  c_w.l(libinit2.o)
    0x080001f8   0x00000000   Code   RO          694    .ARM.Collect$$libinit$$0000002C  c_w.l(libinit2.o)
    0x080001f8   0x00000000   Code   RO          696    .ARM.Collect$$libinit$$0000002E  c_w.l(libinit2.o)
    0x080001f8   0x00000000   Code   RO          698    .ARM.Collect$$libinit$$00000030  c_w.l(libinit2.o)
    0x080001f8   0x00000000   Code   RO          700    .ARM.Collect$$libinit$$00000032  c_w.l(libinit2.o)
    0x080001f8   0x00000002   Code   RO          701    .ARM.Collect$$libinit$$00000033  c_w.l(libinit2.o)
    0x080001fa   0x00000002   Code   RO          834    .ARM.Collect$$libshutdown$$00000000  c_w.l(libshutdown.o)
    0x080001fc   0x00000000   Code   RO          794    .ARM.Collect$$libshutdown$$00000002  c_w.l(libshutdown2.o)
    0x080001fc   0x00000000   Code   RO          796    .ARM.Collect$$libshutdown$$00000004  c_w.l(libshutdown2.o)
    0x080001fc   0x00000000   Code   RO          799    .ARM.Collect$$libshutdown$$00000007  c_w.l(libshutdown2.o)
    0x080001fc   0x00000000   Code   RO          802    .ARM.Collect$$libshutdown$$0000000A  c_w.l(libshutdown2.o)
    0x080001fc   0x00000000   Code   RO          804    .ARM.Collect$$libshutdown$$0000000C  c_w.l(libshutdown2.o)
    0x080001fc   0x00000000   Code   RO          807    .ARM.Collect$$libshutdown$$0000000F  c_w.l(libshutdown2.o)
    0x080001fc   0x00000002   Code   RO          808    .ARM.Collect$$libshutdown$$00000010  c_w.l(libshutdown2.o)
    0x080001fe   0x00000000   Code   RO          614    .ARM.Collect$$rtentry$$00000000  c_w.l(__rtentry.o)
    0x080001fe   0x00000000   Code   RO          709    .ARM.Collect$$rtentry$$00000002  c_w.l(__rtentry2.o)
    0x080001fe   0x00000006   Code   RO          721    .ARM.Collect$$rtentry$$00000004  c_w.l(__rtentry4.o)
    0x08000204   0x00000000   Code   RO          711    .ARM.Collect$$rtentry$$00000009  c_w.l(__rtentry2.o)
    0x08000204   0x00000004   Code   RO          712    .ARM.Collect$$rtentry$$0000000A  c_w.l(__rtentry2.o)
    0x08000208   0x00000000   Code   RO          714    .ARM.Collect$$rtentry$$0000000C  c_w.l(__rtentry2.o)
    0x08000208   0x00000008   Code   RO          715    .ARM.Collect$$rtentry$$0000000D  c_w.l(__rtentry2.o)
    0x08000210   0x00000002   Code   RO          779    .ARM.Collect$$rtexit$$00000000  c_w.l(rtexit.o)
    0x08000212   0x00000000   Code   RO          810    .ARM.Collect$$rtexit$$00000002  c_w.l(rtexit2.o)
    0x08000212   0x00000004   Code   RO          811    .ARM.Collect$$rtexit$$00000003  c_w.l(rtexit2.o)
    0x08000216   0x00000006   Code   RO          812    .ARM.Collect$$rtexit$$00000004  c_w.l(rtexit2.o)
    0x0800021c   0x00000006   Code   RO          235    .emb_text           main.o
    0x08000222   0x00000002   PAD
    0x08000224   0x00000000   Code   RO          729    .emb_text           c_w.l(maybetermalloc1.o)
    0x08000224   0x00000040   Code   RO            4    .text               startup_stm32f10x_hd.o
    0x08000264   0x0000035c   Code   RO           10    .text               stm32f10x_gpio.o
    0x080005c0   0x000003a4   Code   RO          109    .text               stm32f10x_rcc.o
    0x08000964   0x00000408   Code   RO          123    .text               stm32f10x_usart.o
    0x08000d6c   0x000000dc   Code   RO          135    .text               misc.o
    0x08000e48   0x000001e0   Code   RO          157    .text               system_stm32f10x.o
    0x08001028   0x0000011c   Code   RO          175    .text               stm32f10x_exti.o
    0x08001144   0x000005bc   Code   RO          199    .text               stm32f10x_flash.o
    0x08001700   0x00000e1a   Code   RO          223    .text               stm32f10x_tim.o
    0x0800251a   0x00000002   PAD
    0x0800251c   0x000000c4   Code   RO          236    .text               main.o
    0x080025e0   0x00000020   Code   RO          287    .text               stm32f10x_it.o
    0x08002600   0x00000300   Code   RO          302    .text               usart.o
    0x08002900   0x000000c0   Code   RO          327    .text               user_systick.o
    0x080029c0   0x00000054   Code   RO          345    .text               arduino_gpio.o
    0x08002a14   0x00002d04   Code   RO          373    .text               protobuf-c.o
    0x08005718   0x00000ab2   Code   RO          401    .text               protocol.pb-c.o
    0x080061ca   0x00000002   PAD
    0x080061cc   0x00000160   Code   RO          427    .text               interrupt.o
    0x0800632c   0x00000330   Code   RO          440    .text               protocol.o
    0x0800665c   0x00000118   Code   RO          466    .text               systimer.o
    0x08006774   0x00000002   Code   RO          486    .text               c_w.l(use_no_semi_2.o)
    0x08006776   0x0000005e   Code   RO          492    .text               c_w.l(h1_alloc.o)
    0x080067d4   0x0000004e   Code   RO          494    .text               c_w.l(h1_free.o)
    0x08006822   0x00000026   Code   RO          550    .text               c_w.l(llshl.o)
    0x08006848   0x00000028   Code   RO          556    .text               c_w.l(noretval__2sprintf.o)
    0x08006870   0x00000068   Code   RO          558    .text               c_w.l(__printf.o)
    0x080068d8   0x00000078   Code   RO          560    .text               c_w.l(_printf_dec.o)
    0x08006950   0x00000080   Code   RO          584    .text               c_w.l(assert.o)
    0x080069d0   0x0000003e   Code   RO          586    .text               c_w.l(strlen.o)
    0x08006a0e   0x0000008a   Code   RO          588    .text               c_w.l(rt_memcpy_v6.o)
    0x08006a98   0x00000084   Code   RO          590    .text               c_w.l(rt_memmove_v6.o)
    0x08006b1c   0x00000064   Code   RO          592    .text               c_w.l(rt_memcpy_w.o)
    0x08006b80   0x00000044   Code   RO          594    .text               c_w.l(rt_memclr.o)
    0x08006bc4   0x0000004e   Code   RO          596    .text               c_w.l(rt_memclr_w.o)
    0x08006c12   0x00000002   PAD
    0x08006c14   0x00000080   Code   RO          598    .text               c_w.l(strcmpv7m.o)
    0x08006c94   0x00000006   Code   RO          600    .text               c_w.l(heapauxi.o)
    0x08006c9a   0x00000002   Code   RO          610    .text               c_w.l(use_no_semi.o)
    0x08006c9c   0x00000008   Code   RO          618    .text               c_w.l(rt_heap_descriptor_intlibspace.o)
    0x08006ca4   0x00000004   Code   RO          620    .text               c_w.l(hguard.o)
    0x08006ca8   0x0000008a   Code   RO          622    .text               c_w.l(init_alloc.o)
    0x08006d32   0x0000000e   Code   RO          626    .text               c_w.l(h1_init.o)
    0x08006d40   0x000000b2   Code   RO          642    .text               c_w.l(_printf_intcommon.o)
    0x08006df2   0x00000002   PAD
    0x08006df4   0x00000030   Code   RO          644    .text               c_w.l(_printf_char_common.o)
    0x08006e24   0x0000000a   Code   RO          646    .text               c_w.l(_sputc.o)
    0x08006e2e   0x00000016   Code   RO          649    .text               c_w.l(abort.o)
    0x08006e44   0x00000014   Code   RO          651    .text               c_w.l(assert_puts.o)
    0x08006e58   0x0000007a   Code   RO          653    .text               c_w.l(rt_memmove_w.o)
    0x08006ed2   0x00000002   PAD
    0x08006ed4   0x00000008   Code   RO          705    .text               c_w.l(libspace.o)
    0x08006edc   0x00000034   Code   RO          731    .text               c_w.l(h1_extend.o)
    0x08006f10   0x0000000e   Code   RO          737    .text               c_w.l(defsig_abrt_outer.o)
    0x08006f1e   0x0000000e   Code   RO          741    .text               c_w.l(defsig_rtmem_outer.o)
    0x08006f2c   0x0000004a   Code   RO          753    .text               c_w.l(sys_stackheap_outer.o)
    0x08006f76   0x00000012   Code   RO          761    .text               c_w.l(exit.o)
    0x08006f88   0x0000000a   Code   RO          763    .text               c_w.l(defsig_exit.o)
    0x08006f92   0x00000002   PAD
    0x08006f94   0x00000030   Code   RO          765    .text               c_w.l(defsig_abrt_inner.o)
    0x08006fc4   0x00000050   Code   RO          767    .text               c_w.l(defsig_rtmem_inner.o)
    0x08007014   0x00000032   Code   RO          787    .text               c_w.l(defsig_general.o)
    0x08007046   0x00000002   PAD
    0x08007048   0x00000026   Code   RO          604    x$fpl$ffltu         fz_ws.l(fflt_clz.o)
    0x0800706e   0x00000000   Code   RO          702    x$fpl$usenofp       fz_ws.l(usenofp.o)
    0x0800706e   0x00000002   PAD
    0x08007070   0x00000010   Data   RO          304    .constdata          usart.o
    0x08007080   0x00000018   Data   RO          374    .constdata          protobuf-c.o
    0x08007098   0x00000f00   Data   RO          402    .constdata          protocol.pb-c.o
    0x08007f98   0x00000110   Data   RO          442    .constdata          protocol.o
    0x080080a8   0x00000047   Data   RO          375    .conststring        protobuf-c.o
    0x080080ef   0x00000001   PAD
    0x080080f0   0x00000b05   Data   RO          403    .conststring        protocol.pb-c.o
    0x08008bf5   0x00000003   PAD
    0x08008bf8   0x00000020   Data   RO          835    Region$$Table       anon$$obj.o


    Execution Region RW_IRAM1 (Base: 0x20000000, Size: 0x00000938, Max: 0x0000c000, ABSOLUTE, COMPRESSED[0x00000068])

    Base Addr    Size         Type   Attr      Idx    E Section Name        Object

    0x20000000   0x00000014   Data   RW          110    .data               stm32f10x_rcc.o
    0x20000014   0x00000014   Data   RW          158    .data               system_stm32f10x.o
    0x20000028   0x00000014   Data   RW          237    .data               main.o
    0x2000003c   0x0000000c   Data   RW          305    .data               usart.o
    0x20000048   0x00000004   Data   RW          328    .data               user_systick.o
    0x2000004c   0x0000000c   Data   RW          376    .data               protobuf-c.o
    0x20000058   0x00000160   Data   RW          404    .data               protocol.pb-c.o
    0x200001b8   0x00000040   Data   RW          443    .data               protocol.o
    0x200001f8   0x00000004   Data   RW          467    .data               systimer.o
    0x200001fc   0x000000c8   Zero   RW          303    .bss                usart.o
    0x200002c4   0x0000000d   Zero   RW          441    .bss                protocol.o
    0x200002d1   0x00000003   PAD
    0x200002d4   0x00000060   Zero   RW          706    .bss                c_w.l(libspace.o)
    0x20000334   0x00000004   PAD
    0x20000338   0x00000200   Zero   RW            2    HEAP                startup_stm32f10x_hd.o
    0x20000538   0x00000400   Zero   RW            1    STACK               startup_stm32f10x_hd.o


==============================================================================

Image component sizes


      Code (inc. data)   RO Data    RW Data    ZI Data      Debug   Object Name

        84          0          0          0          0        711   arduino_gpio.o
       352         22          0          0          0        984   interrupt.o
       202         38          0         20          0      16605   main.o
       220         22          0          0          0       1733   misc.o
     11524        580         95         12          0      49891   protobuf-c.o
       816         36        272         64         13      12652   protocol.o
      2738        688       6661        352          0      36291   protocol.pb-c.o
        64         26        304          0       1536        828   startup_stm32f10x_hd.o
       284         10          0          0          0       2191   stm32f10x_exti.o
      1468         34          0          0          0       8142   stm32f10x_flash.o
       860         38          0          0          0     266821   stm32f10x_gpio.o
        32          0          0          0          0       1286   stm32f10x_it.o
       932         36          0         20          0       8836   stm32f10x_rcc.o
      3610         88          0          0          0      22776   stm32f10x_tim.o
      1032         22          0          0          0       8392   stm32f10x_usart.o
       480         38          0         20          0       1803   system_stm32f10x.o
       280          4          0          4          0       1799   systimer.o
       768         40         16         12        200       4874   usart.o
       192         12          0          4          0      16432   user_systick.o

    ----------------------------------------------------------------------
     25944       1734       7384        508       1752     463047   Object Totals
         0          0         32          0          0          0   (incl. Generated)
         6          0          4          0          3          0   (incl. Padding)

    ----------------------------------------------------------------------

      Code (inc. data)   RO Data    RW Data    ZI Data      Debug   Library Member Name

        90          0          0          0          0          0   __dczerorl2.o
         8          0          0          0          0         68   __main.o
       104          0          0          0          0         84   __printf.o
         0          0          0          0          0          0   __rtentry.o
        12          0          0          0          0          0   __rtentry2.o
         6          0          0          0          0          0   __rtentry4.o
        52          8          0          0          0          0   __scatter.o
        28          0          0          0          0          0   __scatter_zi.o
        48          6          0          0          0         96   _printf_char_common.o
         6          0          0          0          0          0   _printf_d.o
       120         16          0          0          0         92   _printf_dec.o
       178          0          0          0          0         88   _printf_intcommon.o
         0          0          0          0          0          0   _printf_percent.o
         4          0          0          0          0          0   _printf_percent_end.o
        10          0          0          0          0         68   _sputc.o
        22          0          0          0          0         80   abort.o
       128         42          0          0          0         76   assert.o
        20          0          0          0          0         76   assert_puts.o
        48         34          0          0          0         76   defsig_abrt_inner.o
        14          0          0          0          0         80   defsig_abrt_outer.o
        10          0          0          0          0         68   defsig_exit.o
        50          0          0          0          0         88   defsig_general.o
        80         58          0          0          0         76   defsig_rtmem_inner.o
        14          0          0          0          0         80   defsig_rtmem_outer.o
        18          0          0          0          0         80   exit.o
        94          0          0          0          0         80   h1_alloc.o
        52          0          0          0          0         68   h1_extend.o
        78          0          0          0          0         80   h1_free.o
        14          0          0          0          0         84   h1_init.o
         6          0          0          0          0        152   heapauxi.o
         4          0          0          0          0        136   hguard.o
       138          0          0          0          0        168   init_alloc.o
         2          0          0          0          0          0   libinit.o
        10          0          0          0          0          0   libinit2.o
         2          0          0          0          0          0   libshutdown.o
         2          0          0          0          0          0   libshutdown2.o
         8          4          0          0         96         68   libspace.o
        38          0          0          0          0         68   llshl.o
         0          0          0          0          0          0   maybetermalloc1.o
        40          6          0          0          0         84   noretval__2sprintf.o
         8          4          0          0          0         68   rt_heap_descriptor_intlibspace.o
        68          0          0          0          0         68   rt_memclr.o
        78          0          0          0          0         80   rt_memclr_w.o
       138          0          0          0          0         68   rt_memcpy_v6.o
       100          0          0          0          0         80   rt_memcpy_w.o
       132          0          0          0          0         68   rt_memmove_v6.o
       122          0          0          0          0         80   rt_memmove_w.o
         2          0          0          0          0          0   rtexit.o
        10          0          0          0          0          0   rtexit2.o
       128          0          0          0          0         68   strcmpv7m.o
        62          0          0          0          0         76   strlen.o
        74          0          0          0          0         80   sys_stackheap_outer.o
         2          0          0          0          0         68   use_no_semi.o
         2          0          0          0          0         68   use_no_semi_2.o
        38          0          0          0          0         68   fflt_clz.o
         0          0          0          0          0          0   usenofp.o

    ----------------------------------------------------------------------
      2536        178          0          0        100       3204   Library Totals
        14          0          0          0          4          0   (incl. Padding)

    ----------------------------------------------------------------------

      Code (inc. data)   RO Data    RW Data    ZI Data      Debug   Library Name

      2484        178          0          0         96       3136   c_w.l
        38          0          0          0          0         68   fz_ws.l

    ----------------------------------------------------------------------
      2536        178          0          0        100       3204   Library Totals

    ----------------------------------------------------------------------

==============================================================================


      Code (inc. data)   RO Data    RW Data    ZI Data      Debug   

     28480       1912       7384        508       1852     462607   Grand Totals
     28480       1912       7384        104       1852     462607   ELF Image Totals (compressed)
     28480       1912       7384        104          0          0   ROM Totals

==============================================================================

    Total RO  Size (Code + RO Data)                35864 (  35.02kB)
    Total RW  Size (RW Data + ZI Data)              2360 (   2.30kB)
    Total ROM Size (Code + RO Data + RW Data)      35968 (  35.13kB)

==============================================================================

